19:42:07 **** Incremental Build of configuration Debug for project RX_TX_loopback ****
make all 
Building target: RX_TX_loopback.elf
Invoking: ARM gcc linker
arm-xilinx-eabi-gcc -Wl,-T -Wl,../src/lscript.ld -L../../freertos_bsp_3_1_1/ps7_cortexa9_0/lib -o "RX_TX_loopback.elf"  ./src/adau1761.o ./src/audioPlayer.o ./src/audioRxTx.o ./src/audioSample.o ./src/bufferPool_d.o ./src/chunk_d.o ./src/main.o ./src/snd_sample.o   -Wl,--start-group,-lxil,-lfreertos,-lgcc,-lc,--end-group
Finished building target: RX_TX_loopback.elf
 
Invoking: ARM Print Size
arm-xilinx-eabi-size RX_TX_loopback.elf  |tee "RX_TX_loopback.elf.size"
   text	   data	    bss	    dec	    hex	filename
 106764	1148888	  88924	1344576	 148440	RX_TX_loopback.elf
Finished building: RX_TX_loopback.elf.size
 
19:42:13 **** Incremental Build of configuration Debug for project RX_TX_loopback ****
make all 
make: Nothing to be done for `all'.
19:43:46 **** Auto Build of configuration Debug for project RX_TX_loopback ****
make all 
Building file: ../src/adau1761.c
Invoking: ARM gcc compiler
arm-xilinx-eabi-gcc -Wall -O0 -g3 -c -fmessage-length=0 -MT"src/adau1761.o" -I../../freertos_bsp_3_1_1/ps7_cortexa9_0/include -MMD -MP -MF"src/adau1761.d" -MT"src/adau1761.d" -o "src/adau1761.o" "../src/adau1761.c"
In file included from ../src/zedboard_freertos.h:16:0,
                 from ../src/bufferPool_d.h:23,
                 from ../src/audioRxTx.h:20,
                 from ../src/adau1761.c:1:
../../freertos_bsp_3_1_1/ps7_cortexa9_0/include/xbasic_types.h:115:2: warning: #warning The xbasics_type.h file is deprecated and users should use xil_types.h and xil_assert. [-Wcpp]
 #warning  The xbasics_type.h file is deprecated and users should use xil_types.h and xil_assert.
  ^
../../freertos_bsp_3_1_1/ps7_cortexa9_0/include/xbasic_types.h:116:2: warning: #warning Please refer the Standalone BSP UG647 for further details [-Wcpp]
 #warning  Please refer the Standalone BSP UG647 for further details
  ^
Finished building: ../src/adau1761.c
 
Building file: ../src/audioPlayer.c
Invoking: ARM gcc compiler
arm-xilinx-eabi-gcc -Wall -O0 -g3 -c -fmessage-length=0 -MT"src/audioPlayer.o" -I../../freertos_bsp_3_1_1/ps7_cortexa9_0/include -MMD -MP -MF"src/audioPlayer.d" -MT"src/audioPlayer.d" -o "src/audioPlayer.o" "../src/audioPlayer.c"
In file included from ../src/zedboard_freertos.h:16:0,
                 from ../src/bufferPool_d.h:23,
                 from ../src/audioPlayer.h:21,
                 from ../src/audioPlayer.c:19:
../../freertos_bsp_3_1_1/ps7_cortexa9_0/include/xbasic_types.h:115:2: warning: #warning The xbasics_type.h file is deprecated and users should use xil_types.h and xil_assert. [-Wcpp]
 #warning  The xbasics_type.h file is deprecated and users should use xil_types.h and xil_assert.
  ^
../../freertos_bsp_3_1_1/ps7_cortexa9_0/include/xbasic_types.h:116:2: warning: #warning Please refer the Standalone BSP UG647 for further details [-Wcpp]
 #warning  Please refer the Standalone BSP UG647 for further details
  ^
In file included from ../src/audioPlayer.c:22:0:
../src/fprof.h: In function 'fprof_init':
../src/fprof.h:17:9: warning: unused variable 'i' [-Wunused-variable]
     int i;
         ^
../src/audioPlayer.c: In function 'audioPlayer_init':
../src/audioPlayer.c:50:2: warning: implicit declaration of function 'Adau1761_Init' [-Wimplicit-function-declaration]
  Adau1761_Init(&pThis->codec);
  ^
In file included from ../src/zedboard_freertos.h:2:0,
                 from ../src/bufferPool_d.h:23,
                 from ../src/audioPlayer.h:21,
                 from ../src/audioPlayer.c:19:
../src/audioPlayer.c: In function 'audioPlayer_start':
../../freertos_bsp_3_1_1/ps7_cortexa9_0/include/task.h:345:134: warning: pointer targets in passing argument 2 of 'xTaskGenericCreate' differ in signedness [-Wpointer-sign]
 #define xTaskCreate( pvTaskCode, pcName, usStackDepth, pvParameters, uxPriority, pxCreatedTask ) xTaskGenericCreate( ( pvTaskCode ), ( pcName ), ( usStackDepth ), ( pvParameters ), ( uxPriority ), ( pxCreatedTask ), ( NULL ), ( NULL ) )
                                                                                                                                      ^
../src/audioPlayer.c:78:5: note: in expansion of macro 'xTaskCreate'
     xTaskCreate( gpio_task, ( signed char * ) "HW", configMINIMAL_STACK_SIZE, NULL, tskIDLE_PRIORITY + 1 , NULL );
     ^
../../freertos_bsp_3_1_1/ps7_cortexa9_0/include/task.h:1986:12: note: expected 'const char * const' but argument is of type 'signed char *'
 BaseType_t xTaskGenericCreate( TaskFunction_t pxTaskCode, const char * const pcName, const uint16_t usStackDepth, void * const pvParameters, UBaseType_t uxPriority, TaskHandle_t * const pxCreatedTask, StackType_t * const puxStackBuffer, const MemoryRegion_t * const xRegions ) PRIVILEGED_FUNCTION; /*lint !e971 Unqualified char types are allowed for strings and single characters only. */
            ^
../../freertos_bsp_3_1_1/ps7_cortexa9_0/include/task.h:345:134: warning: pointer targets in passing argument 2 of 'xTaskGenericCreate' differ in signedness [-Wpointer-sign]
 #define xTaskCreate( pvTaskCode, pcName, usStackDepth, pvParameters, uxPriority, pxCreatedTask ) xTaskGenericCreate( ( pvTaskCode ), ( pcName ), ( usStackDepth ), ( pvParameters ), ( uxPriority ), ( pxCreatedTask ), ( NULL ), ( NULL ) )
                                                                                                                                      ^
../src/audioPlayer.c:81:5: note: in expansion of macro 'xTaskCreate'
     xTaskCreate( display_task, ( signed char * ) "HW", configMINIMAL_STACK_SIZE, NULL, tskIDLE_PRIORITY + 1 , NULL );
     ^
../../freertos_bsp_3_1_1/ps7_cortexa9_0/include/task.h:1986:12: note: expected 'const char * const' but argument is of type 'signed char *'
 BaseType_t xTaskGenericCreate( TaskFunction_t pxTaskCode, const char * const pcName, const uint16_t usStackDepth, void * const pvParameters, UBaseType_t uxPriority, TaskHandle_t * const pxCreatedTask, StackType_t * const puxStackBuffer, const MemoryRegion_t * const xRegions ) PRIVILEGED_FUNCTION; /*lint !e971 Unqualified char types are allowed for strings and single characters only. */
            ^
../../freertos_bsp_3_1_1/ps7_cortexa9_0/include/task.h:345:134: warning: pointer targets in passing argument 2 of 'xTaskGenericCreate' differ in signedness [-Wpointer-sign]
 #define xTaskCreate( pvTaskCode, pcName, usStackDepth, pvParameters, uxPriority, pxCreatedTask ) xTaskGenericCreate( ( pvTaskCode ), ( pcName ), ( usStackDepth ), ( pvParameters ), ( uxPriority ), ( pxCreatedTask ), ( NULL ), ( NULL ) )
                                                                                                                                      ^
../src/audioPlayer.c:84:5: note: in expansion of macro 'xTaskCreate'
     xTaskCreate( audioPlayer_task, ( signed char * ) "HW", configMINIMAL_STACK_SIZE, pThis, tskIDLE_PRIORITY + 1 , pThis );
     ^
../../freertos_bsp_3_1_1/ps7_cortexa9_0/include/task.h:1986:12: note: expected 'const char * const' but argument is of type 'signed char *'
 BaseType_t xTaskGenericCreate( TaskFunction_t pxTaskCode, const char * const pcName, const uint16_t usStackDepth, void * const pvParameters, UBaseType_t uxPriority, TaskHandle_t * const pxCreatedTask, StackType_t * const puxStackBuffer, const MemoryRegion_t * const xRegions ) PRIVILEGED_FUNCTION; /*lint !e971 Unqualified char types are allowed for strings and single characters only. */
            ^
../../freertos_bsp_3_1_1/ps7_cortexa9_0/include/task.h:345:198: warning: passing argument 6 of 'xTaskGenericCreate' from incompatible pointer type
 #define xTaskCreate( pvTaskCode, pcName, usStackDepth, pvParameters, uxPriority, pxCreatedTask ) xTaskGenericCreate( ( pvTaskCode ), ( pcName ), ( usStackDepth ), ( pvParameters ), ( uxPriority ), ( pxCreatedTask ), ( NULL ), ( NULL ) )
                                                                                                                                                                                                      ^
../src/audioPlayer.c:84:5: note: in expansion of macro 'xTaskCreate'
     xTaskCreate( audioPlayer_task, ( signed char * ) "HW", configMINIMAL_STACK_SIZE, pThis, tskIDLE_PRIORITY + 1 , pThis );
     ^
../../freertos_bsp_3_1_1/ps7_cortexa9_0/include/task.h:1986:12: note: expected 'void ** const' but argument is of type 'struct audioPlayer_t *'
 BaseType_t xTaskGenericCreate( TaskFunction_t pxTaskCode, const char * const pcName, const uint16_t usStackDepth, void * const pvParameters, UBaseType_t uxPriority, TaskHandle_t * const pxCreatedTask, StackType_t * const puxStackBuffer, const MemoryRegion_t * const xRegions ) PRIVILEGED_FUNCTION; /*lint !e971 Unqualified char types are allowed for strings and single characters only. */
            ^
Finished building: ../src/audioPlayer.c
 
Building file: ../src/audioRxTx.c
Invoking: ARM gcc compiler
arm-xilinx-eabi-gcc -Wall -O0 -g3 -c -fmessage-length=0 -MT"src/audioRxTx.o" -I../../freertos_bsp_3_1_1/ps7_cortexa9_0/include -MMD -MP -MF"src/audioRxTx.d" -MT"src/audioRxTx.d" -o "src/audioRxTx.o" "../src/audioRxTx.c"
In file included from ../src/zedboard_freertos.h:16:0,
                 from ../src/bufferPool_d.h:23,
                 from ../src/audioRxTx.h:20,
                 from ../src/audioRxTx.c:18:
../../freertos_bsp_3_1_1/ps7_cortexa9_0/include/xbasic_types.h:115:2: warning: #warning The xbasics_type.h file is deprecated and users should use xil_types.h and xil_assert. [-Wcpp]
 #warning  The xbasics_type.h file is deprecated and users should use xil_types.h and xil_assert.
  ^
../../freertos_bsp_3_1_1/ps7_cortexa9_0/include/xbasic_types.h:116:2: warning: #warning Please refer the Standalone BSP UG647 for further details [-Wcpp]
 #warning  Please refer the Standalone BSP UG647 for further details
  ^
In file included from ../src/audioRxTx.c:20:0:
../src/test_fft.h: In function 'test_fft_real':
../src/test_fft.h:62:26: warning: passing argument 3 of 'kiss_fftri' discards 'const' qualifier from pointer target type
     kiss_fftri(cfg, out, in);
                          ^
In file included from ../src/test_fft.h:12:0,
                 from ../src/audioRxTx.c:20:
../src/kiss_fftr.h:35:6: note: expected 'float *' but argument is of type 'const float *'
 void kiss_fftri(kiss_fftr_cfg cfg,const kiss_fft_cpx *freqdata,kiss_fft_scalar *timedata);
      ^
Finished building: ../src/audioRxTx.c
 
Building file: ../src/audioSample.c
Invoking: ARM gcc compiler
arm-xilinx-eabi-gcc -Wall -O0 -g3 -c -fmessage-length=0 -MT"src/audioSample.o" -I../../freertos_bsp_3_1_1/ps7_cortexa9_0/include -MMD -MP -MF"src/audioSample.d" -MT"src/audioSample.d" -o "src/audioSample.o" "../src/audioSample.c"
../src/audioSample.c: In function 'audioSample_init':
../src/audioSample.c:31:17: warning: assignment from incompatible pointer type
   pThis->pmem   = snd_samples;
                 ^
Finished building: ../src/audioSample.c
 
Building file: ../src/bufferPool_d.c
Invoking: ARM gcc compiler
arm-xilinx-eabi-gcc -Wall -O0 -g3 -c -fmessage-length=0 -MT"src/bufferPool_d.o" -I../../freertos_bsp_3_1_1/ps7_cortexa9_0/include -MMD -MP -MF"src/bufferPool_d.d" -MT"src/bufferPool_d.d" -o "src/bufferPool_d.o" "../src/bufferPool_d.c"
In file included from ../src/zedboard_freertos.h:16:0,
                 from ../src/bufferPool_d.h:23,
                 from ../src/bufferPool_d.c:17:
../../freertos_bsp_3_1_1/ps7_cortexa9_0/include/xbasic_types.h:115:2: warning: #warning The xbasics_type.h file is deprecated and users should use xil_types.h and xil_assert. [-Wcpp]
 #warning  The xbasics_type.h file is deprecated and users should use xil_types.h and xil_assert.
  ^
../../freertos_bsp_3_1_1/ps7_cortexa9_0/include/xbasic_types.h:116:2: warning: #warning Please refer the Standalone BSP UG647 for further details [-Wcpp]
 #warning  Please refer the Standalone BSP UG647 for further details
  ^
In file included from ../src/zedboard_freertos.h:3:0,
                 from ../src/bufferPool_d.h:23,
                 from ../src/bufferPool_d.c:17:
../src/bufferPool_d.c: In function 'bufferPool_d_init':
../../freertos_bsp_3_1_1/ps7_cortexa9_0/include/queue.h:421:109: warning: passing argument 3 of 'xQueueGenericSend' makes integer from pointer without a cast
 #define xQueueSend( xQueue, pvItemToQueue, xTicksToWait ) xQueueGenericSend( ( xQueue ), ( pvItemToQueue ), ( xTicksToWait ), queueSEND_TO_BACK )
                                                                                                             ^
../src/bufferPool_d.c:64:6: note: in expansion of macro 'xQueueSend'
   if(xQueueSend( pThis->freeList, &pChunk, NULL ) != pdPASS) {
      ^
../../freertos_bsp_3_1_1/ps7_cortexa9_0/include/queue.h:592:12: note: expected 'TickType_t' but argument is of type 'void *'
 BaseType_t xQueueGenericSend( QueueHandle_t xQueue, const void * const pvItemToQueue, TickType_t xTicksToWait, const BaseType_t xCopyPosition ) PRIVILEGED_FUNCTION;
            ^
../src/bufferPool_d.c: In function 'bufferPool_d_release_from_ISR':
../../freertos_bsp_3_1_1/ps7_cortexa9_0/include/queue.h:1261:136: warning: passing argument 3 of 'xQueueGenericSendFromISR' makes pointer from integer without a cast
 #define xQueueSendFromISR( xQueue, pvItemToQueue, pxHigherPriorityTaskWoken ) xQueueGenericSendFromISR( ( xQueue ), ( pvItemToQueue ), ( pxHigherPriorityTaskWoken ), queueSEND_TO_BACK )
                                                                                                                                        ^
../src/bufferPool_d.c:161:5: note: in expansion of macro 'xQueueSendFromISR'
  if(xQueueSendFromISR( pThis->freeList, &pChunk, ( TickType_t ) 10 ) != pdPASS) {
     ^
../../freertos_bsp_3_1_1/ps7_cortexa9_0/include/queue.h:1340:12: note: expected 'BaseType_t * const' but argument is of type 'long unsigned int'
 BaseType_t xQueueGenericSendFromISR( QueueHandle_t xQueue, const void * const pvItemToQueue, BaseType_t * const pxHigherPriorityTaskWoken, const BaseType_t xCopyPosition ) PRIVILEGED_FUNCTION;
            ^
Finished building: ../src/bufferPool_d.c
 
Building file: ../src/chunk_d.c
Invoking: ARM gcc compiler
arm-xilinx-eabi-gcc -Wall -O0 -g3 -c -fmessage-length=0 -MT"src/chunk_d.o" -I../../freertos_bsp_3_1_1/ps7_cortexa9_0/include -MMD -MP -MF"src/chunk_d.d" -MT"src/chunk_d.d" -o "src/chunk_d.o" "../src/chunk_d.c"
Finished building: ../src/chunk_d.c
 
Building file: ../src/main.c
Invoking: ARM gcc compiler
arm-xilinx-eabi-gcc -Wall -O0 -g3 -c -fmessage-length=0 -MT"src/main.o" -I../../freertos_bsp_3_1_1/ps7_cortexa9_0/include -MMD -MP -MF"src/main.d" -MT"src/main.d" -o "src/main.o" "../src/main.c"
In file included from ../src/zedboard_freertos.h:16:0,
                 from ../src/bufferPool_d.h:23,
                 from ../src/audioPlayer.h:21,
                 from ../src/main.c:23:
../../freertos_bsp_3_1_1/ps7_cortexa9_0/include/xbasic_types.h:115:2: warning: #warning The xbasics_type.h file is deprecated and users should use xil_types.h and xil_assert. [-Wcpp]
 #warning  The xbasics_type.h file is deprecated and users should use xil_types.h and xil_assert.
  ^
../../freertos_bsp_3_1_1/ps7_cortexa9_0/include/xbasic_types.h:116:2: warning: #warning Please refer the Standalone BSP UG647 for further details [-Wcpp]
 #warning  Please refer the Standalone BSP UG647 for further details
  ^
Finished building: ../src/main.c
 
Building file: ../src/snd_sample.c
Invoking: ARM gcc compiler
arm-xilinx-eabi-gcc -Wall -O0 -g3 -c -fmessage-length=0 -MT"src/snd_sample.o" -I../../freertos_bsp_3_1_1/ps7_cortexa9_0/include -MMD -MP -MF"src/snd_sample.d" -MT"src/snd_sample.d" -o "src/snd_sample.o" "../src/snd_sample.c"
Finished building: ../src/snd_sample.c
 
Building file: ../src/kiss_fft.c
Invoking: ARM gcc compiler
arm-xilinx-eabi-gcc -Wall -O0 -g3 -c -fmessage-length=0 -MT"src/kiss_fft.o" -I../../freertos_bsp_3_1_1/ps7_cortexa9_0/include -MMD -MP -MF"src/kiss_fft.d" -MT"src/kiss_fft.d" -o "src/kiss_fft.o" "../src/kiss_fft.c"
Finished building: ../src/kiss_fft.c
 
Building file: ../src/kiss_fftr.c
Invoking: ARM gcc compiler
arm-xilinx-eabi-gcc -Wall -O0 -g3 -c -fmessage-length=0 -MT"src/kiss_fftr.o" -I../../freertos_bsp_3_1_1/ps7_cortexa9_0/include -MMD -MP -MF"src/kiss_fftr.d" -MT"src/kiss_fftr.d" -o "src/kiss_fftr.o" "../src/kiss_fftr.c"
Finished building: ../src/kiss_fftr.c
 
Building target: RX_TX_loopback.elf
Invoking: ARM gcc linker
arm-xilinx-eabi-gcc -Wl,-T -Wl,../src/lscript.ld -L../../freertos_bsp_3_1_1/ps7_cortexa9_0/lib -o "RX_TX_loopback.elf"  ./src/adau1761.o ./src/audioPlayer.o ./src/audioRxTx.o ./src/audioSample.o ./src/bufferPool_d.o ./src/chunk_d.o ./src/kiss_fft.o ./src/kiss_fftr.o ./src/main.o ./src/snd_sample.o   -Wl,--start-group,-lxil,-lfreertos,-lgcc,-lc,--end-group
./src/kiss_fft.o: In function `kf_factor':
/home/jaffe5/Documents/classes/spring_2016/mpu_based_design/ZedBoardAudioEqualizer/ZedBoard_FreeRTOS_Audio_Loopback_V1_0_1/RX_TX_loopback/Debug/../src/kiss_fft.c:313: undefined reference to `sqrt'
/home/jaffe5/Documents/classes/spring_2016/mpu_based_design/ZedBoardAudioEqualizer/ZedBoard_FreeRTOS_Audio_Loopback_V1_0_1/RX_TX_loopback/Debug/../src/kiss_fft.c:313: undefined reference to `floor'
./src/kiss_fft.o: In function `kiss_fft_alloc':
/home/jaffe5/Documents/classes/spring_2016/mpu_based_design/ZedBoardAudioEqualizer/ZedBoard_FreeRTOS_Audio_Loopback_V1_0_1/RX_TX_loopback/Debug/../src/kiss_fft.c:363: undefined reference to `cos'
/home/jaffe5/Documents/classes/spring_2016/mpu_based_design/ZedBoardAudioEqualizer/ZedBoard_FreeRTOS_Audio_Loopback_V1_0_1/RX_TX_loopback/Debug/../src/kiss_fft.c:363: undefined reference to `sin'
./src/kiss_fftr.o: In function `kiss_fftr_alloc':
/home/jaffe5/Documents/classes/spring_2016/mpu_based_design/ZedBoardAudioEqualizer/ZedBoard_FreeRTOS_Audio_Loopback_V1_0_1/RX_TX_loopback/Debug/../src/kiss_fftr.c:62: undefined reference to `cos'
/home/jaffe5/Documents/classes/spring_2016/mpu_based_design/ZedBoardAudioEqualizer/ZedBoard_FreeRTOS_Audio_Loopback_V1_0_1/RX_TX_loopback/Debug/../src/kiss_fftr.c:62: undefined reference to `sin'
collect2: error: ld returned 1 exit status
make: *** [RX_TX_loopback.elf] Error 1
19:44:15 **** Clean-only build of configuration Debug for project RX_TX_loopback ****
make clean 
rm -rf  ./src/adau1761.o ./src/audioPlayer.o ./src/audioRxTx.o ./src/audioSample.o ./src/bufferPool_d.o ./src/chunk_d.o ./src/kiss_fft.o ./src/kiss_fftr.o ./src/main.o ./src/snd_sample.o  ./src/adau1761.d ./src/audioPlayer.d ./src/audioRxTx.d ./src/audioSample.d ./src/bufferPool_d.d ./src/chunk_d.d ./src/kiss_fft.d ./src/kiss_fftr.d ./src/main.d ./src/snd_sample.d  RX_TX_loopback.elf.size  RX_TX_loopback.elf
 
19:44:15 **** Auto Build of configuration Debug for project RX_TX_loopback ****
make all 
Building file: ../src/adau1761.c
Invoking: ARM gcc compiler
arm-xilinx-eabi-gcc -Wall -O0 -g3 -c -fmessage-length=0 -MT"src/adau1761.o" -I../../freertos_bsp_3_1_1/ps7_cortexa9_0/include -MMD -MP -MF"src/adau1761.d" -MT"src/adau1761.d" -o "src/adau1761.o" "../src/adau1761.c"
In file included from ../src/zedboard_freertos.h:16:0,
                 from ../src/bufferPool_d.h:23,
                 from ../src/audioRxTx.h:20,
                 from ../src/adau1761.c:1:
../../freertos_bsp_3_1_1/ps7_cortexa9_0/include/xbasic_types.h:115:2: warning: #warning The xbasics_type.h file is deprecated and users should use xil_types.h and xil_assert. [-Wcpp]
 #warning  The xbasics_type.h file is deprecated and users should use xil_types.h and xil_assert.
  ^
../../freertos_bsp_3_1_1/ps7_cortexa9_0/include/xbasic_types.h:116:2: warning: #warning Please refer the Standalone BSP UG647 for further details [-Wcpp]
 #warning  Please refer the Standalone BSP UG647 for further details
  ^
Finished building: ../src/adau1761.c
 
Building file: ../src/audioPlayer.c
Invoking: ARM gcc compiler
arm-xilinx-eabi-gcc -Wall -O0 -g3 -c -fmessage-length=0 -MT"src/audioPlayer.o" -I../../freertos_bsp_3_1_1/ps7_cortexa9_0/include -MMD -MP -MF"src/audioPlayer.d" -MT"src/audioPlayer.d" -o "src/audioPlayer.o" "../src/audioPlayer.c"
In file included from ../src/zedboard_freertos.h:16:0,
                 from ../src/bufferPool_d.h:23,
                 from ../src/audioPlayer.h:21,
                 from ../src/audioPlayer.c:19:
../../freertos_bsp_3_1_1/ps7_cortexa9_0/include/xbasic_types.h:115:2: warning: #warning The xbasics_type.h file is deprecated and users should use xil_types.h and xil_assert. [-Wcpp]
 #warning  The xbasics_type.h file is deprecated and users should use xil_types.h and xil_assert.
  ^
../../freertos_bsp_3_1_1/ps7_cortexa9_0/include/xbasic_types.h:116:2: warning: #warning Please refer the Standalone BSP UG647 for further details [-Wcpp]
 #warning  Please refer the Standalone BSP UG647 for further details
  ^
In file included from ../src/audioPlayer.c:22:0:
../src/fprof.h: In function 'fprof_init':
../src/fprof.h:17:9: warning: unused variable 'i' [-Wunused-variable]
     int i;
         ^
../src/audioPlayer.c: In function 'audioPlayer_init':
../src/audioPlayer.c:50:2: warning: implicit declaration of function 'Adau1761_Init' [-Wimplicit-function-declaration]
  Adau1761_Init(&pThis->codec);
  ^
In file included from ../src/zedboard_freertos.h:2:0,
                 from ../src/bufferPool_d.h:23,
                 from ../src/audioPlayer.h:21,
                 from ../src/audioPlayer.c:19:
../src/audioPlayer.c: In function 'audioPlayer_start':
../../freertos_bsp_3_1_1/ps7_cortexa9_0/include/task.h:345:134: warning: pointer targets in passing argument 2 of 'xTaskGenericCreate' differ in signedness [-Wpointer-sign]
 #define xTaskCreate( pvTaskCode, pcName, usStackDepth, pvParameters, uxPriority, pxCreatedTask ) xTaskGenericCreate( ( pvTaskCode ), ( pcName ), ( usStackDepth ), ( pvParameters ), ( uxPriority ), ( pxCreatedTask ), ( NULL ), ( NULL ) )
                                                                                                                                      ^
../src/audioPlayer.c:78:5: note: in expansion of macro 'xTaskCreate'
     xTaskCreate( gpio_task, ( signed char * ) "HW", configMINIMAL_STACK_SIZE, NULL, tskIDLE_PRIORITY + 1 , NULL );
     ^
../../freertos_bsp_3_1_1/ps7_cortexa9_0/include/task.h:1986:12: note: expected 'const char * const' but argument is of type 'signed char *'
 BaseType_t xTaskGenericCreate( TaskFunction_t pxTaskCode, const char * const pcName, const uint16_t usStackDepth, void * const pvParameters, UBaseType_t uxPriority, TaskHandle_t * const pxCreatedTask, StackType_t * const puxStackBuffer, const MemoryRegion_t * const xRegions ) PRIVILEGED_FUNCTION; /*lint !e971 Unqualified char types are allowed for strings and single characters only. */
            ^
../../freertos_bsp_3_1_1/ps7_cortexa9_0/include/task.h:345:134: warning: pointer targets in passing argument 2 of 'xTaskGenericCreate' differ in signedness [-Wpointer-sign]
 #define xTaskCreate( pvTaskCode, pcName, usStackDepth, pvParameters, uxPriority, pxCreatedTask ) xTaskGenericCreate( ( pvTaskCode ), ( pcName ), ( usStackDepth ), ( pvParameters ), ( uxPriority ), ( pxCreatedTask ), ( NULL ), ( NULL ) )
                                                                                                                                      ^
../src/audioPlayer.c:81:5: note: in expansion of macro 'xTaskCreate'
     xTaskCreate( display_task, ( signed char * ) "HW", configMINIMAL_STACK_SIZE, NULL, tskIDLE_PRIORITY + 1 , NULL );
     ^
../../freertos_bsp_3_1_1/ps7_cortexa9_0/include/task.h:1986:12: note: expected 'const char * const' but argument is of type 'signed char *'
 BaseType_t xTaskGenericCreate( TaskFunction_t pxTaskCode, const char * const pcName, const uint16_t usStackDepth, void * const pvParameters, UBaseType_t uxPriority, TaskHandle_t * const pxCreatedTask, StackType_t * const puxStackBuffer, const MemoryRegion_t * const xRegions ) PRIVILEGED_FUNCTION; /*lint !e971 Unqualified char types are allowed for strings and single characters only. */
            ^
../../freertos_bsp_3_1_1/ps7_cortexa9_0/include/task.h:345:134: warning: pointer targets in passing argument 2 of 'xTaskGenericCreate' differ in signedness [-Wpointer-sign]
 #define xTaskCreate( pvTaskCode, pcName, usStackDepth, pvParameters, uxPriority, pxCreatedTask ) xTaskGenericCreate( ( pvTaskCode ), ( pcName ), ( usStackDepth ), ( pvParameters ), ( uxPriority ), ( pxCreatedTask ), ( NULL ), ( NULL ) )
                                                                                                                                      ^
../src/audioPlayer.c:84:5: note: in expansion of macro 'xTaskCreate'
     xTaskCreate( audioPlayer_task, ( signed char * ) "HW", configMINIMAL_STACK_SIZE, pThis, tskIDLE_PRIORITY + 1 , pThis );
     ^
../../freertos_bsp_3_1_1/ps7_cortexa9_0/include/task.h:1986:12: note: expected 'const char * const' but argument is of type 'signed char *'
 BaseType_t xTaskGenericCreate( TaskFunction_t pxTaskCode, const char * const pcName, const uint16_t usStackDepth, void * const pvParameters, UBaseType_t uxPriority, TaskHandle_t * const pxCreatedTask, StackType_t * const puxStackBuffer, const MemoryRegion_t * const xRegions ) PRIVILEGED_FUNCTION; /*lint !e971 Unqualified char types are allowed for strings and single characters only. */
            ^
../../freertos_bsp_3_1_1/ps7_cortexa9_0/include/task.h:345:198: warning: passing argument 6 of 'xTaskGenericCreate' from incompatible pointer type
 #define xTaskCreate( pvTaskCode, pcName, usStackDepth, pvParameters, uxPriority, pxCreatedTask ) xTaskGenericCreate( ( pvTaskCode ), ( pcName ), ( usStackDepth ), ( pvParameters ), ( uxPriority ), ( pxCreatedTask ), ( NULL ), ( NULL ) )
                                                                                                                                                                                                      ^
../src/audioPlayer.c:84:5: note: in expansion of macro 'xTaskCreate'
     xTaskCreate( audioPlayer_task, ( signed char * ) "HW", configMINIMAL_STACK_SIZE, pThis, tskIDLE_PRIORITY + 1 , pThis );
     ^
../../freertos_bsp_3_1_1/ps7_cortexa9_0/include/task.h:1986:12: note: expected 'void ** const' but argument is of type 'struct audioPlayer_t *'
 BaseType_t xTaskGenericCreate( TaskFunction_t pxTaskCode, const char * const pcName, const uint16_t usStackDepth, void * const pvParameters, UBaseType_t uxPriority, TaskHandle_t * const pxCreatedTask, StackType_t * const puxStackBuffer, const MemoryRegion_t * const xRegions ) PRIVILEGED_FUNCTION; /*lint !e971 Unqualified char types are allowed for strings and single characters only. */
            ^
Finished building: ../src/audioPlayer.c
 
Building file: ../src/audioRxTx.c
Invoking: ARM gcc compiler
arm-xilinx-eabi-gcc -Wall -O0 -g3 -c -fmessage-length=0 -MT"src/audioRxTx.o" -I../../freertos_bsp_3_1_1/ps7_cortexa9_0/include -MMD -MP -MF"src/audioRxTx.d" -MT"src/audioRxTx.d" -o "src/audioRxTx.o" "../src/audioRxTx.c"
In file included from ../src/zedboard_freertos.h:16:0,
                 from ../src/bufferPool_d.h:23,
                 from ../src/audioRxTx.h:20,
                 from ../src/audioRxTx.c:18:
../../freertos_bsp_3_1_1/ps7_cortexa9_0/include/xbasic_types.h:115:2: warning: #warning The xbasics_type.h file is deprecated and users should use xil_types.h and xil_assert. [-Wcpp]
 #warning  The xbasics_type.h file is deprecated and users should use xil_types.h and xil_assert.
  ^
../../freertos_bsp_3_1_1/ps7_cortexa9_0/include/xbasic_types.h:116:2: warning: #warning Please refer the Standalone BSP UG647 for further details [-Wcpp]
 #warning  Please refer the Standalone BSP UG647 for further details
  ^
In file included from ../src/audioRxTx.c:20:0:
../src/test_fft.h: In function 'test_fft_real':
../src/test_fft.h:62:26: warning: passing argument 3 of 'kiss_fftri' discards 'const' qualifier from pointer target type
     kiss_fftri(cfg, out, in);
                          ^
In file included from ../src/test_fft.h:12:0,
                 from ../src/audioRxTx.c:20:
../src/kiss_fftr.h:35:6: note: expected 'float *' but argument is of type 'const float *'
 void kiss_fftri(kiss_fftr_cfg cfg,const kiss_fft_cpx *freqdata,kiss_fft_scalar *timedata);
      ^
Finished building: ../src/audioRxTx.c
 
Building file: ../src/audioSample.c
Invoking: ARM gcc compiler
arm-xilinx-eabi-gcc -Wall -O0 -g3 -c -fmessage-length=0 -MT"src/audioSample.o" -I../../freertos_bsp_3_1_1/ps7_cortexa9_0/include -MMD -MP -MF"src/audioSample.d" -MT"src/audioSample.d" -o "src/audioSample.o" "../src/audioSample.c"
../src/audioSample.c: In function 'audioSample_init':
../src/audioSample.c:31:17: warning: assignment from incompatible pointer type
   pThis->pmem   = snd_samples;
                 ^
Finished building: ../src/audioSample.c
 
Building file: ../src/bufferPool_d.c
Invoking: ARM gcc compiler
arm-xilinx-eabi-gcc -Wall -O0 -g3 -c -fmessage-length=0 -MT"src/bufferPool_d.o" -I../../freertos_bsp_3_1_1/ps7_cortexa9_0/include -MMD -MP -MF"src/bufferPool_d.d" -MT"src/bufferPool_d.d" -o "src/bufferPool_d.o" "../src/bufferPool_d.c"
In file included from ../src/zedboard_freertos.h:16:0,
                 from ../src/bufferPool_d.h:23,
                 from ../src/bufferPool_d.c:17:
../../freertos_bsp_3_1_1/ps7_cortexa9_0/include/xbasic_types.h:115:2: warning: #warning The xbasics_type.h file is deprecated and users should use xil_types.h and xil_assert. [-Wcpp]
 #warning  The xbasics_type.h file is deprecated and users should use xil_types.h and xil_assert.
  ^
../../freertos_bsp_3_1_1/ps7_cortexa9_0/include/xbasic_types.h:116:2: warning: #warning Please refer the Standalone BSP UG647 for further details [-Wcpp]
 #warning  Please refer the Standalone BSP UG647 for further details
  ^
In file included from ../src/zedboard_freertos.h:3:0,
                 from ../src/bufferPool_d.h:23,
                 from ../src/bufferPool_d.c:17:
../src/bufferPool_d.c: In function 'bufferPool_d_init':
../../freertos_bsp_3_1_1/ps7_cortexa9_0/include/queue.h:421:109: warning: passing argument 3 of 'xQueueGenericSend' makes integer from pointer without a cast
 #define xQueueSend( xQueue, pvItemToQueue, xTicksToWait ) xQueueGenericSend( ( xQueue ), ( pvItemToQueue ), ( xTicksToWait ), queueSEND_TO_BACK )
                                                                                                             ^
../src/bufferPool_d.c:64:6: note: in expansion of macro 'xQueueSend'
   if(xQueueSend( pThis->freeList, &pChunk, NULL ) != pdPASS) {
      ^
../../freertos_bsp_3_1_1/ps7_cortexa9_0/include/queue.h:592:12: note: expected 'TickType_t' but argument is of type 'void *'
 BaseType_t xQueueGenericSend( QueueHandle_t xQueue, const void * const pvItemToQueue, TickType_t xTicksToWait, const BaseType_t xCopyPosition ) PRIVILEGED_FUNCTION;
            ^
../src/bufferPool_d.c: In function 'bufferPool_d_release_from_ISR':
../../freertos_bsp_3_1_1/ps7_cortexa9_0/include/queue.h:1261:136: warning: passing argument 3 of 'xQueueGenericSendFromISR' makes pointer from integer without a cast
 #define xQueueSendFromISR( xQueue, pvItemToQueue, pxHigherPriorityTaskWoken ) xQueueGenericSendFromISR( ( xQueue ), ( pvItemToQueue ), ( pxHigherPriorityTaskWoken ), queueSEND_TO_BACK )
                                                                                                                                        ^
../src/bufferPool_d.c:161:5: note: in expansion of macro 'xQueueSendFromISR'
  if(xQueueSendFromISR( pThis->freeList, &pChunk, ( TickType_t ) 10 ) != pdPASS) {
     ^
../../freertos_bsp_3_1_1/ps7_cortexa9_0/include/queue.h:1340:12: note: expected 'BaseType_t * const' but argument is of type 'long unsigned int'
 BaseType_t xQueueGenericSendFromISR( QueueHandle_t xQueue, const void * const pvItemToQueue, BaseType_t * const pxHigherPriorityTaskWoken, const BaseType_t xCopyPosition ) PRIVILEGED_FUNCTION;
            ^
Finished building: ../src/bufferPool_d.c
 
Building file: ../src/chunk_d.c
Invoking: ARM gcc compiler
arm-xilinx-eabi-gcc -Wall -O0 -g3 -c -fmessage-length=0 -MT"src/chunk_d.o" -I../../freertos_bsp_3_1_1/ps7_cortexa9_0/include -MMD -MP -MF"src/chunk_d.d" -MT"src/chunk_d.d" -o "src/chunk_d.o" "../src/chunk_d.c"
Finished building: ../src/chunk_d.c
 
Building file: ../src/kiss_fft.c
Invoking: ARM gcc compiler
arm-xilinx-eabi-gcc -Wall -O0 -g3 -c -fmessage-length=0 -MT"src/kiss_fft.o" -I../../freertos_bsp_3_1_1/ps7_cortexa9_0/include -MMD -MP -MF"src/kiss_fft.d" -MT"src/kiss_fft.d" -o "src/kiss_fft.o" "../src/kiss_fft.c"
Finished building: ../src/kiss_fft.c
 
Building file: ../src/kiss_fftr.c
Invoking: ARM gcc compiler
arm-xilinx-eabi-gcc -Wall -O0 -g3 -c -fmessage-length=0 -MT"src/kiss_fftr.o" -I../../freertos_bsp_3_1_1/ps7_cortexa9_0/include -MMD -MP -MF"src/kiss_fftr.d" -MT"src/kiss_fftr.d" -o "src/kiss_fftr.o" "../src/kiss_fftr.c"
Finished building: ../src/kiss_fftr.c
 
Building file: ../src/main.c
Invoking: ARM gcc compiler
arm-xilinx-eabi-gcc -Wall -O0 -g3 -c -fmessage-length=0 -MT"src/main.o" -I../../freertos_bsp_3_1_1/ps7_cortexa9_0/include -MMD -MP -MF"src/main.d" -MT"src/main.d" -o "src/main.o" "../src/main.c"
In file included from ../src/zedboard_freertos.h:16:0,
                 from ../src/bufferPool_d.h:23,
                 from ../src/audioPlayer.h:21,
                 from ../src/main.c:23:
../../freertos_bsp_3_1_1/ps7_cortexa9_0/include/xbasic_types.h:115:2: warning: #warning The xbasics_type.h file is deprecated and users should use xil_types.h and xil_assert. [-Wcpp]
 #warning  The xbasics_type.h file is deprecated and users should use xil_types.h and xil_assert.
  ^
../../freertos_bsp_3_1_1/ps7_cortexa9_0/include/xbasic_types.h:116:2: warning: #warning Please refer the Standalone BSP UG647 for further details [-Wcpp]
 #warning  Please refer the Standalone BSP UG647 for further details
  ^
Finished building: ../src/main.c
 
Building file: ../src/snd_sample.c
Invoking: ARM gcc compiler
arm-xilinx-eabi-gcc -Wall -O0 -g3 -c -fmessage-length=0 -MT"src/snd_sample.o" -I../../freertos_bsp_3_1_1/ps7_cortexa9_0/include -MMD -MP -MF"src/snd_sample.d" -MT"src/snd_sample.d" -o "src/snd_sample.o" "../src/snd_sample.c"
Finished building: ../src/snd_sample.c
 
Building target: RX_TX_loopback.elf
Invoking: ARM gcc linker
arm-xilinx-eabi-gcc -Wl,-T -Wl,../src/lscript.ld -L../../freertos_bsp_3_1_1/ps7_cortexa9_0/lib -o "RX_TX_loopback.elf"  ./src/adau1761.o ./src/audioPlayer.o ./src/audioRxTx.o ./src/audioSample.o ./src/bufferPool_d.o ./src/chunk_d.o ./src/kiss_fft.o ./src/kiss_fftr.o ./src/main.o ./src/snd_sample.o   -lm -Wl,--start-group,-lxil,-lfreertos,-lgcc,-lc,--end-group
Finished building target: RX_TX_loopback.elf
 
Invoking: ARM Print Size
arm-xilinx-eabi-size RX_TX_loopback.elf  |tee "RX_TX_loopback.elf.size"
   text	   data	    bss	    dec	    hex	filename
 124328	1148896	  99244	1372468	 14f134	RX_TX_loopback.elf
Finished building: RX_TX_loopback.elf.size
 
19:44:26 **** Incremental Build of configuration Debug for project RX_TX_loopback ****
make all 
make: Nothing to be done for `all'.
19:45:07 **** Incremental Build of configuration Debug for project RX_TX_loopback ****
make all 
make: Nothing to be done for `all'.
19:45:32 **** Auto Build of configuration Debug for project RX_TX_loopback ****
make all 
Building file: ../src/audioPlayer.c
Invoking: ARM gcc compiler
arm-xilinx-eabi-gcc -Wall -O0 -g3 -c -fmessage-length=0 -MT"src/audioPlayer.o" -I../../freertos_bsp_3_1_1/ps7_cortexa9_0/include -MMD -MP -MF"src/audioPlayer.d" -MT"src/audioPlayer.d" -o "src/audioPlayer.o" "../src/audioPlayer.c"
In file included from ../src/zedboard_freertos.h:16:0,
                 from ../src/bufferPool_d.h:23,
                 from ../src/audioPlayer.h:21,
                 from ../src/audioPlayer.c:19:
../../freertos_bsp_3_1_1/ps7_cortexa9_0/include/xbasic_types.h:115:2: warning: #warning The xbasics_type.h file is deprecated and users should use xil_types.h and xil_assert. [-Wcpp]
 #warning  The xbasics_type.h file is deprecated and users should use xil_types.h and xil_assert.
  ^
../../freertos_bsp_3_1_1/ps7_cortexa9_0/include/xbasic_types.h:116:2: warning: #warning Please refer the Standalone BSP UG647 for further details [-Wcpp]
 #warning  Please refer the Standalone BSP UG647 for further details
  ^
In file included from ../src/audioPlayer.c:22:0:
../src/fprof.h: In function 'fprof_init':
../src/fprof.h:17:9: warning: unused variable 'i' [-Wunused-variable]
     int i;
         ^
../src/audioPlayer.c: In function 'audioPlayer_init':
../src/audioPlayer.c:50:2: warning: implicit declaration of function 'Adau1761_Init' [-Wimplicit-function-declaration]
  Adau1761_Init(&pThis->codec);
  ^
In file included from ../src/zedboard_freertos.h:2:0,
                 from ../src/bufferPool_d.h:23,
                 from ../src/audioPlayer.h:21,
                 from ../src/audioPlayer.c:19:
../src/audioPlayer.c: In function 'audioPlayer_start':
../../freertos_bsp_3_1_1/ps7_cortexa9_0/include/task.h:345:134: warning: pointer targets in passing argument 2 of 'xTaskGenericCreate' differ in signedness [-Wpointer-sign]
 #define xTaskCreate( pvTaskCode, pcName, usStackDepth, pvParameters, uxPriority, pxCreatedTask ) xTaskGenericCreate( ( pvTaskCode ), ( pcName ), ( usStackDepth ), ( pvParameters ), ( uxPriority ), ( pxCreatedTask ), ( NULL ), ( NULL ) )
                                                                                                                                      ^
../src/audioPlayer.c:84:5: note: in expansion of macro 'xTaskCreate'
     xTaskCreate( audioPlayer_task, ( signed char * ) "HW", configMINIMAL_STACK_SIZE, pThis, tskIDLE_PRIORITY + 1 , pThis );
     ^
../../freertos_bsp_3_1_1/ps7_cortexa9_0/include/task.h:1986:12: note: expected 'const char * const' but argument is of type 'signed char *'
 BaseType_t xTaskGenericCreate( TaskFunction_t pxTaskCode, const char * const pcName, const uint16_t usStackDepth, void * const pvParameters, UBaseType_t uxPriority, TaskHandle_t * const pxCreatedTask, StackType_t * const puxStackBuffer, const MemoryRegion_t * const xRegions ) PRIVILEGED_FUNCTION; /*lint !e971 Unqualified char types are allowed for strings and single characters only. */
            ^
../../freertos_bsp_3_1_1/ps7_cortexa9_0/include/task.h:345:198: warning: passing argument 6 of 'xTaskGenericCreate' from incompatible pointer type
 #define xTaskCreate( pvTaskCode, pcName, usStackDepth, pvParameters, uxPriority, pxCreatedTask ) xTaskGenericCreate( ( pvTaskCode ), ( pcName ), ( usStackDepth ), ( pvParameters ), ( uxPriority ), ( pxCreatedTask ), ( NULL ), ( NULL ) )
                                                                                                                                                                                                      ^
../src/audioPlayer.c:84:5: note: in expansion of macro 'xTaskCreate'
     xTaskCreate( audioPlayer_task, ( signed char * ) "HW", configMINIMAL_STACK_SIZE, pThis, tskIDLE_PRIORITY + 1 , pThis );
     ^
../../freertos_bsp_3_1_1/ps7_cortexa9_0/include/task.h:1986:12: note: expected 'void ** const' but argument is of type 'struct audioPlayer_t *'
 BaseType_t xTaskGenericCreate( TaskFunction_t pxTaskCode, const char * const pcName, const uint16_t usStackDepth, void * const pvParameters, UBaseType_t uxPriority, TaskHandle_t * const pxCreatedTask, StackType_t * const puxStackBuffer, const MemoryRegion_t * const xRegions ) PRIVILEGED_FUNCTION; /*lint !e971 Unqualified char types are allowed for strings and single characters only. */
            ^
../src/audioPlayer.c: At top level:
../src/audioPlayer.c:123:13: warning: 'gpio_task' defined but not used [-Wunused-function]
 static void gpio_task( void *pvParameters )
             ^
../src/audioPlayer.c:168:6: warning: 'display_task' defined but not used [-Wunused-function]
 void display_task (void *arg)
      ^
Finished building: ../src/audioPlayer.c
 
Building target: RX_TX_loopback.elf
Invoking: ARM gcc linker
arm-xilinx-eabi-gcc -Wl,-T -Wl,../src/lscript.ld -L../../freertos_bsp_3_1_1/ps7_cortexa9_0/lib -o "RX_TX_loopback.elf"  ./src/adau1761.o ./src/audioPlayer.o ./src/audioRxTx.o ./src/audioSample.o ./src/bufferPool_d.o ./src/chunk_d.o ./src/kiss_fft.o ./src/kiss_fftr.o ./src/main.o ./src/snd_sample.o   -lm -Wl,--start-group,-lxil,-lfreertos,-lgcc,-lc,--end-group
Finished building target: RX_TX_loopback.elf
 
Invoking: ARM Print Size
arm-xilinx-eabi-size RX_TX_loopback.elf  |tee "RX_TX_loopback.elf.size"
   text	   data	    bss	    dec	    hex	filename
 124200	1148896	  99244	1372340	 14f0b4	RX_TX_loopback.elf
Finished building: RX_TX_loopback.elf.size
 
19:45:37 **** Incremental Build of configuration Debug for project RX_TX_loopback ****
make all 
make: Nothing to be done for `all'.
19:46:20 **** Auto Build of configuration Debug for project RX_TX_loopback ****
make all 
Building file: ../src/audioRxTx.c
Invoking: ARM gcc compiler
arm-xilinx-eabi-gcc -Wall -O0 -g3 -c -fmessage-length=0 -MT"src/audioRxTx.o" -I../../freertos_bsp_3_1_1/ps7_cortexa9_0/include -MMD -MP -MF"src/audioRxTx.d" -MT"src/audioRxTx.d" -o "src/audioRxTx.o" "../src/audioRxTx.c"
In file included from ../src/zedboard_freertos.h:16:0,
                 from ../src/bufferPool_d.h:23,
                 from ../src/audioRxTx.h:20,
                 from ../src/audioRxTx.c:18:
../../freertos_bsp_3_1_1/ps7_cortexa9_0/include/xbasic_types.h:115:2: warning: #warning The xbasics_type.h file is deprecated and users should use xil_types.h and xil_assert. [-Wcpp]
 #warning  The xbasics_type.h file is deprecated and users should use xil_types.h and xil_assert.
  ^
../../freertos_bsp_3_1_1/ps7_cortexa9_0/include/xbasic_types.h:116:2: warning: #warning Please refer the Standalone BSP UG647 for further details [-Wcpp]
 #warning  Please refer the Standalone BSP UG647 for further details
  ^
In file included from ../src/audioRxTx.c:20:0:
../src/test_fft.h: In function 'test_fft_real':
../src/test_fft.h:62:26: warning: passing argument 3 of 'kiss_fftri' discards 'const' qualifier from pointer target type
     kiss_fftri(cfg, out, in);
                          ^
In file included from ../src/test_fft.h:12:0,
                 from ../src/audioRxTx.c:20:
../src/kiss_fftr.h:35:6: note: expected 'float *' but argument is of type 'const float *'
 void kiss_fftri(kiss_fftr_cfg cfg,const kiss_fft_cpx *freqdata,kiss_fft_scalar *timedata);
      ^
Finished building: ../src/audioRxTx.c
 
Building target: RX_TX_loopback.elf
Invoking: ARM gcc linker
arm-xilinx-eabi-gcc -Wl,-T -Wl,../src/lscript.ld -L../../freertos_bsp_3_1_1/ps7_cortexa9_0/lib -o "RX_TX_loopback.elf"  ./src/adau1761.o ./src/audioPlayer.o ./src/audioRxTx.o ./src/audioSample.o ./src/bufferPool_d.o ./src/chunk_d.o ./src/kiss_fft.o ./src/kiss_fftr.o ./src/main.o ./src/snd_sample.o   -lm -Wl,--start-group,-lxil,-lfreertos,-lgcc,-lc,--end-group
Finished building target: RX_TX_loopback.elf
 
Invoking: ARM Print Size
arm-xilinx-eabi-size RX_TX_loopback.elf  |tee "RX_TX_loopback.elf.size"
   text	   data	    bss	    dec	    hex	filename
 124200	1148896	  99244	1372340	 14f0b4	RX_TX_loopback.elf
Finished building: RX_TX_loopback.elf.size
 
19:46:23 **** Incremental Build of configuration Debug for project RX_TX_loopback ****
make all 
make: Nothing to be done for `all'.
19:48:14 **** Incremental Build of configuration Debug for project RX_TX_loopback ****
make all 
make: Nothing to be done for `all'.
19:50:34 **** Incremental Build of configuration Debug for project RX_TX_loopback ****
make all 
Building file: ../src/adau1761.c
Invoking: ARM gcc compiler
arm-xilinx-eabi-gcc -Wall -O0 -g3 -c -fmessage-length=0 -MT"src/adau1761.o" -I../../freertos_bsp_3_1_1/ps7_cortexa9_0/include -MMD -MP -MF"src/adau1761.d" -MT"src/adau1761.d" -o "src/adau1761.o" "../src/adau1761.c"
In file included from ../src/zedboard_freertos.h:16:0,
                 from ../src/bufferPool_d.h:23,
                 from ../src/audioRxTx.h:20,
                 from ../src/adau1761.c:1:
../../freertos_bsp_3_1_1/ps7_cortexa9_0/include/xbasic_types.h:115:2: warning: #warning The xbasics_type.h file is deprecated and users should use xil_types.h and xil_assert. [-Wcpp]
 #warning  The xbasics_type.h file is deprecated and users should use xil_types.h and xil_assert.
  ^
../../freertos_bsp_3_1_1/ps7_cortexa9_0/include/xbasic_types.h:116:2: warning: #warning Please refer the Standalone BSP UG647 for further details [-Wcpp]
 #warning  Please refer the Standalone BSP UG647 for further details
  ^
Finished building: ../src/adau1761.c
 
Building file: ../src/audioPlayer.c
Invoking: ARM gcc compiler
arm-xilinx-eabi-gcc -Wall -O0 -g3 -c -fmessage-length=0 -MT"src/audioPlayer.o" -I../../freertos_bsp_3_1_1/ps7_cortexa9_0/include -MMD -MP -MF"src/audioPlayer.d" -MT"src/audioPlayer.d" -o "src/audioPlayer.o" "../src/audioPlayer.c"
In file included from ../src/zedboard_freertos.h:16:0,
                 from ../src/bufferPool_d.h:23,
                 from ../src/audioPlayer.h:21,
                 from ../src/audioPlayer.c:19:
../../freertos_bsp_3_1_1/ps7_cortexa9_0/include/xbasic_types.h:115:2: warning: #warning The xbasics_type.h file is deprecated and users should use xil_types.h and xil_assert. [-Wcpp]
 #warning  The xbasics_type.h file is deprecated and users should use xil_types.h and xil_assert.
  ^
../../freertos_bsp_3_1_1/ps7_cortexa9_0/include/xbasic_types.h:116:2: warning: #warning Please refer the Standalone BSP UG647 for further details [-Wcpp]
 #warning  Please refer the Standalone BSP UG647 for further details
  ^
../src/audioPlayer.c: In function 'audioPlayer_init':
../src/audioPlayer.c:58:2: warning: implicit declaration of function 'Adau1761_Init' [-Wimplicit-function-declaration]
  Adau1761_Init(&pThis->codec);
  ^
In file included from ../src/zedboard_freertos.h:2:0,
                 from ../src/bufferPool_d.h:23,
                 from ../src/audioPlayer.h:21,
                 from ../src/audioPlayer.c:19:
../src/audioPlayer.c: In function 'audioPlayer_start':
../../freertos_bsp_3_1_1/ps7_cortexa9_0/include/task.h:345:134: warning: pointer targets in passing argument 2 of 'xTaskGenericCreate' differ in signedness [-Wpointer-sign]
 #define xTaskCreate( pvTaskCode, pcName, usStackDepth, pvParameters, uxPriority, pxCreatedTask ) xTaskGenericCreate( ( pvTaskCode ), ( pcName ), ( usStackDepth ), ( pvParameters ), ( uxPriority ), ( pxCreatedTask ), ( NULL ), ( NULL ) )
                                                                                                                                      ^
../src/audioPlayer.c:86:2: note: in expansion of macro 'xTaskCreate'
  xTaskCreate( audioPlayer_task, ( signed char * ) "HW", configMINIMAL_STACK_SIZE, pThis, tskIDLE_PRIORITY + 1 , NULL );
  ^
../../freertos_bsp_3_1_1/ps7_cortexa9_0/include/task.h:1986:12: note: expected 'const char * const' but argument is of type 'signed char *'
 BaseType_t xTaskGenericCreate( TaskFunction_t pxTaskCode, const char * const pcName, const uint16_t usStackDepth, void * const pvParameters, UBaseType_t uxPriority, TaskHandle_t * const pxCreatedTask, StackType_t * const puxStackBuffer, const MemoryRegion_t * const xRegions ) PRIVILEGED_FUNCTION; /*lint !e971 Unqualified char types are allowed for strings and single characters only. */
            ^
Finished building: ../src/audioPlayer.c
 
Building file: ../src/audioRxTx.c
Invoking: ARM gcc compiler
arm-xilinx-eabi-gcc -Wall -O0 -g3 -c -fmessage-length=0 -MT"src/audioRxTx.o" -I../../freertos_bsp_3_1_1/ps7_cortexa9_0/include -MMD -MP -MF"src/audioRxTx.d" -MT"src/audioRxTx.d" -o "src/audioRxTx.o" "../src/audioRxTx.c"
In file included from ../src/zedboard_freertos.h:16:0,
                 from ../src/bufferPool_d.h:23,
                 from ../src/audioRxTx.h:20,
                 from ../src/audioRxTx.c:18:
../../freertos_bsp_3_1_1/ps7_cortexa9_0/include/xbasic_types.h:115:2: warning: #warning The xbasics_type.h file is deprecated and users should use xil_types.h and xil_assert. [-Wcpp]
 #warning  The xbasics_type.h file is deprecated and users should use xil_types.h and xil_assert.
  ^
../../freertos_bsp_3_1_1/ps7_cortexa9_0/include/xbasic_types.h:116:2: warning: #warning Please refer the Standalone BSP UG647 for further details [-Wcpp]
 #warning  Please refer the Standalone BSP UG647 for further details
  ^
Finished building: ../src/audioRxTx.c
 
Building file: ../src/bufferPool_d.c
Invoking: ARM gcc compiler
arm-xilinx-eabi-gcc -Wall -O0 -g3 -c -fmessage-length=0 -MT"src/bufferPool_d.o" -I../../freertos_bsp_3_1_1/ps7_cortexa9_0/include -MMD -MP -MF"src/bufferPool_d.d" -MT"src/bufferPool_d.d" -o "src/bufferPool_d.o" "../src/bufferPool_d.c"
In file included from ../src/zedboard_freertos.h:16:0,
                 from ../src/bufferPool_d.h:23,
                 from ../src/bufferPool_d.c:17:
../../freertos_bsp_3_1_1/ps7_cortexa9_0/include/xbasic_types.h:115:2: warning: #warning The xbasics_type.h file is deprecated and users should use xil_types.h and xil_assert. [-Wcpp]
 #warning  The xbasics_type.h file is deprecated and users should use xil_types.h and xil_assert.
  ^
../../freertos_bsp_3_1_1/ps7_cortexa9_0/include/xbasic_types.h:116:2: warning: #warning Please refer the Standalone BSP UG647 for further details [-Wcpp]
 #warning  Please refer the Standalone BSP UG647 for further details
  ^
In file included from ../src/zedboard_freertos.h:3:0,
                 from ../src/bufferPool_d.h:23,
                 from ../src/bufferPool_d.c:17:
../src/bufferPool_d.c: In function 'bufferPool_d_init':
../../freertos_bsp_3_1_1/ps7_cortexa9_0/include/queue.h:421:109: warning: passing argument 3 of 'xQueueGenericSend' makes integer from pointer without a cast
 #define xQueueSend( xQueue, pvItemToQueue, xTicksToWait ) xQueueGenericSend( ( xQueue ), ( pvItemToQueue ), ( xTicksToWait ), queueSEND_TO_BACK )
                                                                                                             ^
../src/bufferPool_d.c:64:6: note: in expansion of macro 'xQueueSend'
   if(xQueueSend( pThis->freeList, &pChunk, NULL ) != pdPASS) {
      ^
../../freertos_bsp_3_1_1/ps7_cortexa9_0/include/queue.h:592:12: note: expected 'TickType_t' but argument is of type 'void *'
 BaseType_t xQueueGenericSend( QueueHandle_t xQueue, const void * const pvItemToQueue, TickType_t xTicksToWait, const BaseType_t xCopyPosition ) PRIVILEGED_FUNCTION;
            ^
../src/bufferPool_d.c: In function 'bufferPool_d_release_from_ISR':
../../freertos_bsp_3_1_1/ps7_cortexa9_0/include/queue.h:1261:136: warning: passing argument 3 of 'xQueueGenericSendFromISR' makes pointer from integer without a cast
 #define xQueueSendFromISR( xQueue, pvItemToQueue, pxHigherPriorityTaskWoken ) xQueueGenericSendFromISR( ( xQueue ), ( pvItemToQueue ), ( pxHigherPriorityTaskWoken ), queueSEND_TO_BACK )
                                                                                                                                        ^
../src/bufferPool_d.c:161:5: note: in expansion of macro 'xQueueSendFromISR'
  if(xQueueSendFromISR( pThis->freeList, &pChunk, ( TickType_t ) 10 ) != pdPASS) {
     ^
../../freertos_bsp_3_1_1/ps7_cortexa9_0/include/queue.h:1340:12: note: expected 'BaseType_t * const' but argument is of type 'long unsigned int'
 BaseType_t xQueueGenericSendFromISR( QueueHandle_t xQueue, const void * const pvItemToQueue, BaseType_t * const pxHigherPriorityTaskWoken, const BaseType_t xCopyPosition ) PRIVILEGED_FUNCTION;
            ^
Finished building: ../src/bufferPool_d.c
 
Building file: ../src/main.c
Invoking: ARM gcc compiler
arm-xilinx-eabi-gcc -Wall -O0 -g3 -c -fmessage-length=0 -MT"src/main.o" -I../../freertos_bsp_3_1_1/ps7_cortexa9_0/include -MMD -MP -MF"src/main.d" -MT"src/main.d" -o "src/main.o" "../src/main.c"
In file included from ../src/zedboard_freertos.h:16:0,
                 from ../src/bufferPool_d.h:23,
                 from ../src/audioPlayer.h:21,
                 from ../src/main.c:23:
../../freertos_bsp_3_1_1/ps7_cortexa9_0/include/xbasic_types.h:115:2: warning: #warning The xbasics_type.h file is deprecated and users should use xil_types.h and xil_assert. [-Wcpp]
 #warning  The xbasics_type.h file is deprecated and users should use xil_types.h and xil_assert.
  ^
../../freertos_bsp_3_1_1/ps7_cortexa9_0/include/xbasic_types.h:116:2: warning: #warning Please refer the Standalone BSP UG647 for further details [-Wcpp]
 #warning  Please refer the Standalone BSP UG647 for further details
  ^
Finished building: ../src/main.c
 
make: *** No rule to make target `src/kiss_fft.o', needed by `RX_TX_loopback.elf'.  Stop.
19:50:43 **** Clean-only build of configuration Debug for project RX_TX_loopback ****
make clean 
rm -rf  ./src/adau1761.o ./src/audioPlayer.o ./src/audioRxTx.o ./src/audioSample.o ./src/bufferPool_d.o ./src/chunk_d.o ./src/kiss_fft.o ./src/kiss_fftr.o ./src/main.o ./src/snd_sample.o  ./src/adau1761.d ./src/audioPlayer.d ./src/audioRxTx.d ./src/audioSample.d ./src/bufferPool_d.d ./src/chunk_d.d ./src/kiss_fft.d ./src/kiss_fftr.d ./src/main.d ./src/snd_sample.d  RX_TX_loopback.elf.size  RX_TX_loopback.elf
 
19:50:43 **** Clean-only build of project freertos_bsp_3_1_1 ****
make -k clean 
rm -f ps7_cortexa9_0/lib/libxil.a
19:50:43 **** Build of project freertos_bsp_3_1_1 ****
make -k all 
Running Make include in ps7_cortexa9_0/libsrc/coresightps_dcc_v1_2/src
make -C ps7_cortexa9_0/libsrc/coresightps_dcc_v1_2/src -s include  "SHELL=/bin/sh" "COMPILER=arm-xilinx-eabi-gcc" "ARCHIVER=arm-xilinx-eabi-ar" "COMPILER_FLAGS=  -O2 -c" "EXTRA_COMPILER_FLAGS=-g"
Running Make include in ps7_cortexa9_0/libsrc/cpu_cortexa9_v2_1/src
make -C ps7_cortexa9_0/libsrc/cpu_cortexa9_v2_1/src -s include  "SHELL=/bin/sh" "COMPILER=arm-xilinx-eabi-gcc" "ARCHIVER=arm-xilinx-eabi-ar" "COMPILER_FLAGS=  -O2 -c" "EXTRA_COMPILER_FLAGS=-g"
Running Make include in ps7_cortexa9_0/libsrc/ddrps_v1_0/src
make -C ps7_cortexa9_0/libsrc/ddrps_v1_0/src -s include  "SHELL=/bin/sh" "COMPILER=arm-xilinx-eabi-gcc" "ARCHIVER=arm-xilinx-eabi-ar" "COMPILER_FLAGS=  -O2 -c" "EXTRA_COMPILER_FLAGS=-g"
Running Make include in ps7_cortexa9_0/libsrc/devcfg_v3_3/src
make -C ps7_cortexa9_0/libsrc/devcfg_v3_3/src -s include  "SHELL=/bin/sh" "COMPILER=arm-xilinx-eabi-gcc" "ARCHIVER=arm-xilinx-eabi-ar" "COMPILER_FLAGS=  -O2 -c" "EXTRA_COMPILER_FLAGS=-g"
Running Make include in ps7_cortexa9_0/libsrc/dmaps_v2_1/src
make -C ps7_cortexa9_0/libsrc/dmaps_v2_1/src -s include  "SHELL=/bin/sh" "COMPILER=arm-xilinx-eabi-gcc" "ARCHIVER=arm-xilinx-eabi-ar" "COMPILER_FLAGS=  -O2 -c" "EXTRA_COMPILER_FLAGS=-g"
Running Make include in ps7_cortexa9_0/libsrc/emacps_v3_1/src
make -C ps7_cortexa9_0/libsrc/emacps_v3_1/src -s include  "SHELL=/bin/sh" "COMPILER=arm-xilinx-eabi-gcc" "ARCHIVER=arm-xilinx-eabi-ar" "COMPILER_FLAGS=  -O2 -c" "EXTRA_COMPILER_FLAGS=-g"
Running Make include in ps7_cortexa9_0/libsrc/freertos823_xilinx_v1_0/src
make -C ps7_cortexa9_0/libsrc/freertos823_xilinx_v1_0/src -s include  "SHELL=/bin/sh" "COMPILER=arm-xilinx-eabi-gcc" "ARCHIVER=arm-xilinx-eabi-ar" "COMPILER_FLAGS=  -O2 -c" "EXTRA_COMPILER_FLAGS=-g"
include
Running Make include in ps7_cortexa9_0/libsrc/gpiops_v3_1/src
make -C ps7_cortexa9_0/libsrc/gpiops_v3_1/src -s include  "SHELL=/bin/sh" "COMPILER=arm-xilinx-eabi-gcc" "ARCHIVER=arm-xilinx-eabi-ar" "COMPILER_FLAGS=  -O2 -c" "EXTRA_COMPILER_FLAGS=-g"
Running Make include in ps7_cortexa9_0/libsrc/iicps_v3_0/src
make -C ps7_cortexa9_0/libsrc/iicps_v3_0/src -s include  "SHELL=/bin/sh" "COMPILER=arm-xilinx-eabi-gcc" "ARCHIVER=arm-xilinx-eabi-ar" "COMPILER_FLAGS=  -O2 -c" "EXTRA_COMPILER_FLAGS=-g"
Running Make include in ps7_cortexa9_0/libsrc/llfifo_v4_0/src
make -C ps7_cortexa9_0/libsrc/llfifo_v4_0/src -s include  "SHELL=/bin/sh" "COMPILER=arm-xilinx-eabi-gcc" "ARCHIVER=arm-xilinx-eabi-ar" "COMPILER_FLAGS=  -O2 -c" "EXTRA_COMPILER_FLAGS=-g"
Running Make include in ps7_cortexa9_0/libsrc/qspips_v3_2/src
make -C ps7_cortexa9_0/libsrc/qspips_v3_2/src -s include  "SHELL=/bin/sh" "COMPILER=arm-xilinx-eabi-gcc" "ARCHIVER=arm-xilinx-eabi-ar" "COMPILER_FLAGS=  -O2 -c" "EXTRA_COMPILER_FLAGS=-g"
Running Make include in ps7_cortexa9_0/libsrc/scugic_v3_1/src
make -C ps7_cortexa9_0/libsrc/scugic_v3_1/src -s include  "SHELL=/bin/sh" "COMPILER=arm-xilinx-eabi-gcc" "ARCHIVER=arm-xilinx-eabi-ar" "COMPILER_FLAGS=  -O2 -c" "EXTRA_COMPILER_FLAGS=-g"
Running Make include in ps7_cortexa9_0/libsrc/scutimer_v2_1/src
make -C ps7_cortexa9_0/libsrc/scutimer_v2_1/src -s include  "SHELL=/bin/sh" "COMPILER=arm-xilinx-eabi-gcc" "ARCHIVER=arm-xilinx-eabi-ar" "COMPILER_FLAGS=  -O2 -c" "EXTRA_COMPILER_FLAGS=-g"
Running Make include in ps7_cortexa9_0/libsrc/scuwdt_v2_1/src
make -C ps7_cortexa9_0/libsrc/scuwdt_v2_1/src -s include  "SHELL=/bin/sh" "COMPILER=arm-xilinx-eabi-gcc" "ARCHIVER=arm-xilinx-eabi-ar" "COMPILER_FLAGS=  -O2 -c" "EXTRA_COMPILER_FLAGS=-g"
Running Make include in ps7_cortexa9_0/libsrc/sdps_v2_6/src
make -C ps7_cortexa9_0/libsrc/sdps_v2_6/src -s include  "SHELL=/bin/sh" "COMPILER=arm-xilinx-eabi-gcc" "ARCHIVER=arm-xilinx-eabi-ar" "COMPILER_FLAGS=  -O2 -c" "EXTRA_COMPILER_FLAGS=-g"
Running Make include in ps7_cortexa9_0/libsrc/ttcps_v3_0/src
make -C ps7_cortexa9_0/libsrc/ttcps_v3_0/src -s include  "SHELL=/bin/sh" "COMPILER=arm-xilinx-eabi-gcc" "ARCHIVER=arm-xilinx-eabi-ar" "COMPILER_FLAGS=  -O2 -c" "EXTRA_COMPILER_FLAGS=-g"
Running Make include in ps7_cortexa9_0/libsrc/uartps_v3_1/src
make -C ps7_cortexa9_0/libsrc/uartps_v3_1/src -s include  "SHELL=/bin/sh" "COMPILER=arm-xilinx-eabi-gcc" "ARCHIVER=arm-xilinx-eabi-ar" "COMPILER_FLAGS=  -O2 -c" "EXTRA_COMPILER_FLAGS=-g"
Running Make include in ps7_cortexa9_0/libsrc/usbps_v2_2/src
make -C ps7_cortexa9_0/libsrc/usbps_v2_2/src -s include  "SHELL=/bin/sh" "COMPILER=arm-xilinx-eabi-gcc" "ARCHIVER=arm-xilinx-eabi-ar" "COMPILER_FLAGS=  -O2 -c" "EXTRA_COMPILER_FLAGS=-g"
Running Make include in ps7_cortexa9_0/libsrc/xadcps_v2_2/src
make -C ps7_cortexa9_0/libsrc/xadcps_v2_2/src -s include  "SHELL=/bin/sh" "COMPILER=arm-xilinx-eabi-gcc" "ARCHIVER=arm-xilinx-eabi-ar" "COMPILER_FLAGS=  -O2 -c" "EXTRA_COMPILER_FLAGS=-g"
Running Make libs in ps7_cortexa9_0/libsrc/coresightps_dcc_v1_2/src
make -C ps7_cortexa9_0/libsrc/coresightps_dcc_v1_2/src -s libs  "SHELL=/bin/sh" "COMPILER=arm-xilinx-eabi-gcc" "ARCHIVER=arm-xilinx-eabi-ar" "COMPILER_FLAGS=  -O2 -c" "EXTRA_COMPILER_FLAGS=-g"
Compiling coresightps_dcc
arm-xilinx-eabi-ar: creating ../../../lib/libxil.a
Running Make libs in ps7_cortexa9_0/libsrc/cpu_cortexa9_v2_1/src
make -C ps7_cortexa9_0/libsrc/cpu_cortexa9_v2_1/src -s libs  "SHELL=/bin/sh" "COMPILER=arm-xilinx-eabi-gcc" "ARCHIVER=arm-xilinx-eabi-ar" "COMPILER_FLAGS=  -O2 -c" "EXTRA_COMPILER_FLAGS=-g"
Compiling cpu_cortexa9
Running Make libs in ps7_cortexa9_0/libsrc/ddrps_v1_0/src
make -C ps7_cortexa9_0/libsrc/ddrps_v1_0/src -s libs  "SHELL=/bin/sh" "COMPILER=arm-xilinx-eabi-gcc" "ARCHIVER=arm-xilinx-eabi-ar" "COMPILER_FLAGS=  -O2 -c" "EXTRA_COMPILER_FLAGS=-g"
Compiling ddrps
Running Make libs in ps7_cortexa9_0/libsrc/devcfg_v3_3/src
make -C ps7_cortexa9_0/libsrc/devcfg_v3_3/src -s libs  "SHELL=/bin/sh" "COMPILER=arm-xilinx-eabi-gcc" "ARCHIVER=arm-xilinx-eabi-ar" "COMPILER_FLAGS=  -O2 -c" "EXTRA_COMPILER_FLAGS=-g"
Compiling devcfg
Running Make libs in ps7_cortexa9_0/libsrc/dmaps_v2_1/src
make -C ps7_cortexa9_0/libsrc/dmaps_v2_1/src -s libs  "SHELL=/bin/sh" "COMPILER=arm-xilinx-eabi-gcc" "ARCHIVER=arm-xilinx-eabi-ar" "COMPILER_FLAGS=  -O2 -c" "EXTRA_COMPILER_FLAGS=-g"
Compiling dmaps
Running Make libs in ps7_cortexa9_0/libsrc/emacps_v3_1/src
make -C ps7_cortexa9_0/libsrc/emacps_v3_1/src -s libs  "SHELL=/bin/sh" "COMPILER=arm-xilinx-eabi-gcc" "ARCHIVER=arm-xilinx-eabi-ar" "COMPILER_FLAGS=  -O2 -c" "EXTRA_COMPILER_FLAGS=-g"
Compiling emacps
Running Make libs in ps7_cortexa9_0/libsrc/freertos823_xilinx_v1_0/src
make -C ps7_cortexa9_0/libsrc/freertos823_xilinx_v1_0/src -s libs  "SHELL=/bin/sh" "COMPILER=arm-xilinx-eabi-gcc" "ARCHIVER=arm-xilinx-eabi-ar" "COMPILER_FLAGS=  -O2 -c" "EXTRA_COMPILER_FLAGS=-g"
Compiling standalone
Compiling FreeRTOS
Running Make libs in ps7_cortexa9_0/libsrc/gpiops_v3_1/src
make -C ps7_cortexa9_0/libsrc/gpiops_v3_1/src -s libs  "SHELL=/bin/sh" "COMPILER=arm-xilinx-eabi-gcc" "ARCHIVER=arm-xilinx-eabi-ar" "COMPILER_FLAGS=  -O2 -c" "EXTRA_COMPILER_FLAGS=-g"
Compiling gpiops
Running Make libs in ps7_cortexa9_0/libsrc/iicps_v3_0/src
make -C ps7_cortexa9_0/libsrc/iicps_v3_0/src -s libs  "SHELL=/bin/sh" "COMPILER=arm-xilinx-eabi-gcc" "ARCHIVER=arm-xilinx-eabi-ar" "COMPILER_FLAGS=  -O2 -c" "EXTRA_COMPILER_FLAGS=-g"
Compiling iicps
Running Make libs in ps7_cortexa9_0/libsrc/llfifo_v4_0/src
make -C ps7_cortexa9_0/libsrc/llfifo_v4_0/src -s libs  "SHELL=/bin/sh" "COMPILER=arm-xilinx-eabi-gcc" "ARCHIVER=arm-xilinx-eabi-ar" "COMPILER_FLAGS=  -O2 -c" "EXTRA_COMPILER_FLAGS=-g"
Compiling llfifo
Running Make libs in ps7_cortexa9_0/libsrc/qspips_v3_2/src
make -C ps7_cortexa9_0/libsrc/qspips_v3_2/src -s libs  "SHELL=/bin/sh" "COMPILER=arm-xilinx-eabi-gcc" "ARCHIVER=arm-xilinx-eabi-ar" "COMPILER_FLAGS=  -O2 -c" "EXTRA_COMPILER_FLAGS=-g"
Compiling qspips
Running Make libs in ps7_cortexa9_0/libsrc/scugic_v3_1/src
make -C ps7_cortexa9_0/libsrc/scugic_v3_1/src -s libs  "SHELL=/bin/sh" "COMPILER=arm-xilinx-eabi-gcc" "ARCHIVER=arm-xilinx-eabi-ar" "COMPILER_FLAGS=  -O2 -c" "EXTRA_COMPILER_FLAGS=-g"
Compiling scugic
Running Make libs in ps7_cortexa9_0/libsrc/scutimer_v2_1/src
make -C ps7_cortexa9_0/libsrc/scutimer_v2_1/src -s libs  "SHELL=/bin/sh" "COMPILER=arm-xilinx-eabi-gcc" "ARCHIVER=arm-xilinx-eabi-ar" "COMPILER_FLAGS=  -O2 -c" "EXTRA_COMPILER_FLAGS=-g"
Compiling scutimer
Running Make libs in ps7_cortexa9_0/libsrc/scuwdt_v2_1/src
make -C ps7_cortexa9_0/libsrc/scuwdt_v2_1/src -s libs  "SHELL=/bin/sh" "COMPILER=arm-xilinx-eabi-gcc" "ARCHIVER=arm-xilinx-eabi-ar" "COMPILER_FLAGS=  -O2 -c" "EXTRA_COMPILER_FLAGS=-g"
Compiling scuwdt
Running Make libs in ps7_cortexa9_0/libsrc/sdps_v2_6/src
make -C ps7_cortexa9_0/libsrc/sdps_v2_6/src -s libs  "SHELL=/bin/sh" "COMPILER=arm-xilinx-eabi-gcc" "ARCHIVER=arm-xilinx-eabi-ar" "COMPILER_FLAGS=  -O2 -c" "EXTRA_COMPILER_FLAGS=-g"
Compiling sdps
Running Make libs in ps7_cortexa9_0/libsrc/ttcps_v3_0/src
make -C ps7_cortexa9_0/libsrc/ttcps_v3_0/src -s libs  "SHELL=/bin/sh" "COMPILER=arm-xilinx-eabi-gcc" "ARCHIVER=arm-xilinx-eabi-ar" "COMPILER_FLAGS=  -O2 -c" "EXTRA_COMPILER_FLAGS=-g"
Compiling ttcps
Running Make libs in ps7_cortexa9_0/libsrc/uartps_v3_1/src
make -C ps7_cortexa9_0/libsrc/uartps_v3_1/src -s libs  "SHELL=/bin/sh" "COMPILER=arm-xilinx-eabi-gcc" "ARCHIVER=arm-xilinx-eabi-ar" "COMPILER_FLAGS=  -O2 -c" "EXTRA_COMPILER_FLAGS=-g"
Compiling uartps
Running Make libs in ps7_cortexa9_0/libsrc/usbps_v2_2/src
make -C ps7_cortexa9_0/libsrc/usbps_v2_2/src -s libs  "SHELL=/bin/sh" "COMPILER=arm-xilinx-eabi-gcc" "ARCHIVER=arm-xilinx-eabi-ar" "COMPILER_FLAGS=  -O2 -c" "EXTRA_COMPILER_FLAGS=-g"
Compiling usbps
Running Make libs in ps7_cortexa9_0/libsrc/xadcps_v2_2/src
make -C ps7_cortexa9_0/libsrc/xadcps_v2_2/src -s libs  "SHELL=/bin/sh" "COMPILER=arm-xilinx-eabi-gcc" "ARCHIVER=arm-xilinx-eabi-ar" "COMPILER_FLAGS=  -O2 -c" "EXTRA_COMPILER_FLAGS=-g"
Compiling xadcps
Finished building libraries
19:50:52 **** Build of configuration Debug for project RX_TX_loopback ****
make all 
Building file: ../src/adau1761.c
Invoking: ARM gcc compiler
arm-xilinx-eabi-gcc -Wall -O0 -g3 -c -fmessage-length=0 -MT"src/adau1761.o" -I../../freertos_bsp_3_1_1/ps7_cortexa9_0/include -MMD -MP -MF"src/adau1761.d" -MT"src/adau1761.d" -o "src/adau1761.o" "../src/adau1761.c"
In file included from ../src/zedboard_freertos.h:16:0,
                 from ../src/bufferPool_d.h:23,
                 from ../src/audioRxTx.h:20,
                 from ../src/adau1761.c:1:
../../freertos_bsp_3_1_1/ps7_cortexa9_0/include/xbasic_types.h:115:2: warning: #warning The xbasics_type.h file is deprecated and users should use xil_types.h and xil_assert. [-Wcpp]
 #warning  The xbasics_type.h file is deprecated and users should use xil_types.h and xil_assert.
  ^
../../freertos_bsp_3_1_1/ps7_cortexa9_0/include/xbasic_types.h:116:2: warning: #warning Please refer the Standalone BSP UG647 for further details [-Wcpp]
 #warning  Please refer the Standalone BSP UG647 for further details
  ^
Finished building: ../src/adau1761.c
 
Building file: ../src/audioPlayer.c
Invoking: ARM gcc compiler
arm-xilinx-eabi-gcc -Wall -O0 -g3 -c -fmessage-length=0 -MT"src/audioPlayer.o" -I../../freertos_bsp_3_1_1/ps7_cortexa9_0/include -MMD -MP -MF"src/audioPlayer.d" -MT"src/audioPlayer.d" -o "src/audioPlayer.o" "../src/audioPlayer.c"
In file included from ../src/zedboard_freertos.h:16:0,
                 from ../src/bufferPool_d.h:23,
                 from ../src/audioPlayer.h:21,
                 from ../src/audioPlayer.c:19:
../../freertos_bsp_3_1_1/ps7_cortexa9_0/include/xbasic_types.h:115:2: warning: #warning The xbasics_type.h file is deprecated and users should use xil_types.h and xil_assert. [-Wcpp]
 #warning  The xbasics_type.h file is deprecated and users should use xil_types.h and xil_assert.
  ^
../../freertos_bsp_3_1_1/ps7_cortexa9_0/include/xbasic_types.h:116:2: warning: #warning Please refer the Standalone BSP UG647 for further details [-Wcpp]
 #warning  Please refer the Standalone BSP UG647 for further details
  ^
../src/audioPlayer.c: In function 'audioPlayer_init':
../src/audioPlayer.c:58:2: warning: implicit declaration of function 'Adau1761_Init' [-Wimplicit-function-declaration]
  Adau1761_Init(&pThis->codec);
  ^
In file included from ../src/zedboard_freertos.h:2:0,
                 from ../src/bufferPool_d.h:23,
                 from ../src/audioPlayer.h:21,
                 from ../src/audioPlayer.c:19:
../src/audioPlayer.c: In function 'audioPlayer_start':
../../freertos_bsp_3_1_1/ps7_cortexa9_0/include/task.h:345:134: warning: pointer targets in passing argument 2 of 'xTaskGenericCreate' differ in signedness [-Wpointer-sign]
 #define xTaskCreate( pvTaskCode, pcName, usStackDepth, pvParameters, uxPriority, pxCreatedTask ) xTaskGenericCreate( ( pvTaskCode ), ( pcName ), ( usStackDepth ), ( pvParameters ), ( uxPriority ), ( pxCreatedTask ), ( NULL ), ( NULL ) )
                                                                                                                                      ^
../src/audioPlayer.c:86:2: note: in expansion of macro 'xTaskCreate'
  xTaskCreate( audioPlayer_task, ( signed char * ) "HW", configMINIMAL_STACK_SIZE, pThis, tskIDLE_PRIORITY + 1 , NULL );
  ^
../../freertos_bsp_3_1_1/ps7_cortexa9_0/include/task.h:1986:12: note: expected 'const char * const' but argument is of type 'signed char *'
 BaseType_t xTaskGenericCreate( TaskFunction_t pxTaskCode, const char * const pcName, const uint16_t usStackDepth, void * const pvParameters, UBaseType_t uxPriority, TaskHandle_t * const pxCreatedTask, StackType_t * const puxStackBuffer, const MemoryRegion_t * const xRegions ) PRIVILEGED_FUNCTION; /*lint !e971 Unqualified char types are allowed for strings and single characters only. */
            ^
Finished building: ../src/audioPlayer.c
 
Building file: ../src/audioRxTx.c
Invoking: ARM gcc compiler
arm-xilinx-eabi-gcc -Wall -O0 -g3 -c -fmessage-length=0 -MT"src/audioRxTx.o" -I../../freertos_bsp_3_1_1/ps7_cortexa9_0/include -MMD -MP -MF"src/audioRxTx.d" -MT"src/audioRxTx.d" -o "src/audioRxTx.o" "../src/audioRxTx.c"
In file included from ../src/zedboard_freertos.h:16:0,
                 from ../src/bufferPool_d.h:23,
                 from ../src/audioRxTx.h:20,
                 from ../src/audioRxTx.c:18:
../../freertos_bsp_3_1_1/ps7_cortexa9_0/include/xbasic_types.h:115:2: warning: #warning The xbasics_type.h file is deprecated and users should use xil_types.h and xil_assert. [-Wcpp]
 #warning  The xbasics_type.h file is deprecated and users should use xil_types.h and xil_assert.
  ^
../../freertos_bsp_3_1_1/ps7_cortexa9_0/include/xbasic_types.h:116:2: warning: #warning Please refer the Standalone BSP UG647 for further details [-Wcpp]
 #warning  Please refer the Standalone BSP UG647 for further details
  ^
Finished building: ../src/audioRxTx.c
 
Building file: ../src/audioSample.c
Invoking: ARM gcc compiler
arm-xilinx-eabi-gcc -Wall -O0 -g3 -c -fmessage-length=0 -MT"src/audioSample.o" -I../../freertos_bsp_3_1_1/ps7_cortexa9_0/include -MMD -MP -MF"src/audioSample.d" -MT"src/audioSample.d" -o "src/audioSample.o" "../src/audioSample.c"
../src/audioSample.c: In function 'audioSample_init':
../src/audioSample.c:31:17: warning: assignment from incompatible pointer type
   pThis->pmem   = snd_samples;
                 ^
Finished building: ../src/audioSample.c
 
Building file: ../src/bufferPool_d.c
Invoking: ARM gcc compiler
arm-xilinx-eabi-gcc -Wall -O0 -g3 -c -fmessage-length=0 -MT"src/bufferPool_d.o" -I../../freertos_bsp_3_1_1/ps7_cortexa9_0/include -MMD -MP -MF"src/bufferPool_d.d" -MT"src/bufferPool_d.d" -o "src/bufferPool_d.o" "../src/bufferPool_d.c"
In file included from ../src/zedboard_freertos.h:16:0,
                 from ../src/bufferPool_d.h:23,
                 from ../src/bufferPool_d.c:17:
../../freertos_bsp_3_1_1/ps7_cortexa9_0/include/xbasic_types.h:115:2: warning: #warning The xbasics_type.h file is deprecated and users should use xil_types.h and xil_assert. [-Wcpp]
 #warning  The xbasics_type.h file is deprecated and users should use xil_types.h and xil_assert.
  ^
../../freertos_bsp_3_1_1/ps7_cortexa9_0/include/xbasic_types.h:116:2: warning: #warning Please refer the Standalone BSP UG647 for further details [-Wcpp]
 #warning  Please refer the Standalone BSP UG647 for further details
  ^
In file included from ../src/zedboard_freertos.h:3:0,
                 from ../src/bufferPool_d.h:23,
                 from ../src/bufferPool_d.c:17:
../src/bufferPool_d.c: In function 'bufferPool_d_init':
../../freertos_bsp_3_1_1/ps7_cortexa9_0/include/queue.h:421:109: warning: passing argument 3 of 'xQueueGenericSend' makes integer from pointer without a cast
 #define xQueueSend( xQueue, pvItemToQueue, xTicksToWait ) xQueueGenericSend( ( xQueue ), ( pvItemToQueue ), ( xTicksToWait ), queueSEND_TO_BACK )
                                                                                                             ^
../src/bufferPool_d.c:64:6: note: in expansion of macro 'xQueueSend'
   if(xQueueSend( pThis->freeList, &pChunk, NULL ) != pdPASS) {
      ^
../../freertos_bsp_3_1_1/ps7_cortexa9_0/include/queue.h:592:12: note: expected 'TickType_t' but argument is of type 'void *'
 BaseType_t xQueueGenericSend( QueueHandle_t xQueue, const void * const pvItemToQueue, TickType_t xTicksToWait, const BaseType_t xCopyPosition ) PRIVILEGED_FUNCTION;
            ^
../src/bufferPool_d.c: In function 'bufferPool_d_release_from_ISR':
../../freertos_bsp_3_1_1/ps7_cortexa9_0/include/queue.h:1261:136: warning: passing argument 3 of 'xQueueGenericSendFromISR' makes pointer from integer without a cast
 #define xQueueSendFromISR( xQueue, pvItemToQueue, pxHigherPriorityTaskWoken ) xQueueGenericSendFromISR( ( xQueue ), ( pvItemToQueue ), ( pxHigherPriorityTaskWoken ), queueSEND_TO_BACK )
                                                                                                                                        ^
../src/bufferPool_d.c:161:5: note: in expansion of macro 'xQueueSendFromISR'
  if(xQueueSendFromISR( pThis->freeList, &pChunk, ( TickType_t ) 10 ) != pdPASS) {
     ^
../../freertos_bsp_3_1_1/ps7_cortexa9_0/include/queue.h:1340:12: note: expected 'BaseType_t * const' but argument is of type 'long unsigned int'
 BaseType_t xQueueGenericSendFromISR( QueueHandle_t xQueue, const void * const pvItemToQueue, BaseType_t * const pxHigherPriorityTaskWoken, const BaseType_t xCopyPosition ) PRIVILEGED_FUNCTION;
            ^
Finished building: ../src/bufferPool_d.c
 
Building file: ../src/chunk_d.c
Invoking: ARM gcc compiler
arm-xilinx-eabi-gcc -Wall -O0 -g3 -c -fmessage-length=0 -MT"src/chunk_d.o" -I../../freertos_bsp_3_1_1/ps7_cortexa9_0/include -MMD -MP -MF"src/chunk_d.d" -MT"src/chunk_d.d" -o "src/chunk_d.o" "../src/chunk_d.c"
Finished building: ../src/chunk_d.c
 
Building file: ../src/main.c
Invoking: ARM gcc compiler
arm-xilinx-eabi-gcc -Wall -O0 -g3 -c -fmessage-length=0 -MT"src/main.o" -I../../freertos_bsp_3_1_1/ps7_cortexa9_0/include -MMD -MP -MF"src/main.d" -MT"src/main.d" -o "src/main.o" "../src/main.c"
In file included from ../src/zedboard_freertos.h:16:0,
                 from ../src/bufferPool_d.h:23,
                 from ../src/audioPlayer.h:21,
                 from ../src/main.c:23:
../../freertos_bsp_3_1_1/ps7_cortexa9_0/include/xbasic_types.h:115:2: warning: #warning The xbasics_type.h file is deprecated and users should use xil_types.h and xil_assert. [-Wcpp]
 #warning  The xbasics_type.h file is deprecated and users should use xil_types.h and xil_assert.
  ^
../../freertos_bsp_3_1_1/ps7_cortexa9_0/include/xbasic_types.h:116:2: warning: #warning Please refer the Standalone BSP UG647 for further details [-Wcpp]
 #warning  Please refer the Standalone BSP UG647 for further details
  ^
Finished building: ../src/main.c
 
Building file: ../src/snd_sample.c
Invoking: ARM gcc compiler
arm-xilinx-eabi-gcc -Wall -O0 -g3 -c -fmessage-length=0 -MT"src/snd_sample.o" -I../../freertos_bsp_3_1_1/ps7_cortexa9_0/include -MMD -MP -MF"src/snd_sample.d" -MT"src/snd_sample.d" -o "src/snd_sample.o" "../src/snd_sample.c"
Finished building: ../src/snd_sample.c
 
Building target: RX_TX_loopback.elf
Invoking: ARM gcc linker
arm-xilinx-eabi-gcc -Wl,-T -Wl,../src/lscript.ld -L../../freertos_bsp_3_1_1/ps7_cortexa9_0/lib -o "RX_TX_loopback.elf"  ./src/adau1761.o ./src/audioPlayer.o ./src/audioRxTx.o ./src/audioSample.o ./src/bufferPool_d.o ./src/chunk_d.o ./src/main.o ./src/snd_sample.o   -Wl,--start-group,-lxil,-lfreertos,-lgcc,-lc,--end-group
Finished building target: RX_TX_loopback.elf
 
Invoking: ARM Print Size
arm-xilinx-eabi-size RX_TX_loopback.elf  |tee "RX_TX_loopback.elf.size"
   text	   data	    bss	    dec	    hex	filename
 106764	1148888	  88924	1344576	 148440	RX_TX_loopback.elf
Finished building: RX_TX_loopback.elf.size
 
19:51:00 **** Incremental Build of configuration Debug for project RX_TX_loopback ****
make all 
make: Nothing to be done for `all'.
19:52:29 **** Auto Build of configuration Debug for project RX_TX_loopback ****
make all 
Building file: ../src/audioRxTx.c
Invoking: ARM gcc compiler
arm-xilinx-eabi-gcc -Wall -O0 -g3 -c -fmessage-length=0 -MT"src/audioRxTx.o" -I../../freertos_bsp_3_1_1/ps7_cortexa9_0/include -MMD -MP -MF"src/audioRxTx.d" -MT"src/audioRxTx.d" -o "src/audioRxTx.o" "../src/audioRxTx.c"
In file included from ../src/zedboard_freertos.h:16:0,
                 from ../src/bufferPool_d.h:23,
                 from ../src/audioRxTx.h:20,
                 from ../src/audioRxTx.c:18:
../../freertos_bsp_3_1_1/ps7_cortexa9_0/include/xbasic_types.h:115:2: warning: #warning The xbasics_type.h file is deprecated and users should use xil_types.h and xil_assert. [-Wcpp]
 #warning  The xbasics_type.h file is deprecated and users should use xil_types.h and xil_assert.
  ^
../../freertos_bsp_3_1_1/ps7_cortexa9_0/include/xbasic_types.h:116:2: warning: #warning Please refer the Standalone BSP UG647 for further details [-Wcpp]
 #warning  Please refer the Standalone BSP UG647 for further details
  ^
../src/audioRxTx.c:20:22: fatal error: test_fft.h: No such file or directory
 #include "test_fft.h"
                      ^
compilation terminated.
make: *** [src/audioRxTx.o] Error 1
19:53:16 **** Auto Build of configuration Debug for project RX_TX_loopback ****
make all 
Building file: ../src/audioRxTx.c
Invoking: ARM gcc compiler
arm-xilinx-eabi-gcc -Wall -O0 -g3 -c -fmessage-length=0 -MT"src/audioRxTx.o" -I../../freertos_bsp_3_1_1/ps7_cortexa9_0/include -MMD -MP -MF"src/audioRxTx.d" -MT"src/audioRxTx.d" -o "src/audioRxTx.o" "../src/audioRxTx.c"
In file included from ../src/zedboard_freertos.h:16:0,
                 from ../src/bufferPool_d.h:23,
                 from ../src/audioRxTx.h:20,
                 from ../src/audioRxTx.c:18:
../../freertos_bsp_3_1_1/ps7_cortexa9_0/include/xbasic_types.h:115:2: warning: #warning The xbasics_type.h file is deprecated and users should use xil_types.h and xil_assert. [-Wcpp]
 #warning  The xbasics_type.h file is deprecated and users should use xil_types.h and xil_assert.
  ^
../../freertos_bsp_3_1_1/ps7_cortexa9_0/include/xbasic_types.h:116:2: warning: #warning Please refer the Standalone BSP UG647 for further details [-Wcpp]
 #warning  Please refer the Standalone BSP UG647 for further details
  ^
../src/audioRxTx.c:20:22: fatal error: test_fft.h: No such file or directory
 #include "test_fft.h"
                      ^
compilation terminated.
make: *** [src/audioRxTx.o] Error 1
19:53:51 **** Auto Build of configuration Debug for project RX_TX_loopback ****
make all 
Building file: ../src/audioRxTx.c
Invoking: ARM gcc compiler
arm-xilinx-eabi-gcc -Wall -O0 -g3 -c -fmessage-length=0 -MT"src/audioRxTx.o" -I../../freertos_bsp_3_1_1/ps7_cortexa9_0/include -MMD -MP -MF"src/audioRxTx.d" -MT"src/audioRxTx.d" -o "src/audioRxTx.o" "../src/audioRxTx.c"
In file included from ../src/zedboard_freertos.h:16:0,
                 from ../src/bufferPool_d.h:23,
                 from ../src/audioRxTx.h:20,
                 from ../src/audioRxTx.c:18:
../../freertos_bsp_3_1_1/ps7_cortexa9_0/include/xbasic_types.h:115:2: warning: #warning The xbasics_type.h file is deprecated and users should use xil_types.h and xil_assert. [-Wcpp]
 #warning  The xbasics_type.h file is deprecated and users should use xil_types.h and xil_assert.
  ^
../../freertos_bsp_3_1_1/ps7_cortexa9_0/include/xbasic_types.h:116:2: warning: #warning Please refer the Standalone BSP UG647 for further details [-Wcpp]
 #warning  Please refer the Standalone BSP UG647 for further details
  ^
In file included from ../src/audioRxTx.c:20:0:
../src/test_fft.h: In function 'test_fft_real':
../src/test_fft.h:62:26: warning: passing argument 3 of 'kiss_fftri' discards 'const' qualifier from pointer target type
     kiss_fftri(cfg, out, in);
                          ^
In file included from ../src/test_fft.h:12:0,
                 from ../src/audioRxTx.c:20:
../src/kiss_fftr.h:35:6: note: expected 'float *' but argument is of type 'const float *'
 void kiss_fftri(kiss_fftr_cfg cfg,const kiss_fft_cpx *freqdata,kiss_fft_scalar *timedata);
      ^
Finished building: ../src/audioRxTx.c
 
Building file: ../src/kiss_fft.c
Invoking: ARM gcc compiler
arm-xilinx-eabi-gcc -Wall -O0 -g3 -c -fmessage-length=0 -MT"src/kiss_fft.o" -I../../freertos_bsp_3_1_1/ps7_cortexa9_0/include -MMD -MP -MF"src/kiss_fft.d" -MT"src/kiss_fft.d" -o "src/kiss_fft.o" "../src/kiss_fft.c"
Finished building: ../src/kiss_fft.c
 
Building file: ../src/kiss_fftr.c
Invoking: ARM gcc compiler
arm-xilinx-eabi-gcc -Wall -O0 -g3 -c -fmessage-length=0 -MT"src/kiss_fftr.o" -I../../freertos_bsp_3_1_1/ps7_cortexa9_0/include -MMD -MP -MF"src/kiss_fftr.d" -MT"src/kiss_fftr.d" -o "src/kiss_fftr.o" "../src/kiss_fftr.c"
Finished building: ../src/kiss_fftr.c
 
Building target: RX_TX_loopback.elf
Invoking: ARM gcc linker
arm-xilinx-eabi-gcc -Wl,-T -Wl,../src/lscript.ld -L../../freertos_bsp_3_1_1/ps7_cortexa9_0/lib -o "RX_TX_loopback.elf"  ./src/adau1761.o ./src/audioPlayer.o ./src/audioRxTx.o ./src/audioSample.o ./src/bufferPool_d.o ./src/chunk_d.o ./src/kiss_fft.o ./src/kiss_fftr.o ./src/main.o ./src/snd_sample.o   -Wl,--start-group,-lxil,-lfreertos,-lgcc,-lc,--end-group
./src/kiss_fft.o: In function `kf_factor':
/home/jaffe5/Documents/classes/spring_2016/mpu_based_design/ZedBoardAudioEqualizer/ZedBoard_FreeRTOS_Audio_Loopback_V1_0_1/RX_TX_loopback/Debug/../src/kiss_fft.c:313: undefined reference to `sqrt'
/home/jaffe5/Documents/classes/spring_2016/mpu_based_design/ZedBoardAudioEqualizer/ZedBoard_FreeRTOS_Audio_Loopback_V1_0_1/RX_TX_loopback/Debug/../src/kiss_fft.c:313: undefined reference to `floor'
./src/kiss_fft.o: In function `kiss_fft_alloc':
[...]
../src/frequencyScaling.c: In function 'configureFft':
../src/frequencyScaling.c:25:5: error: expected ';' before 'ifftr_cfg'
     ifftr_cfg = kiss_fftr_alloc(ARRAY_SIZE, 1, NULL, NULL);
     ^
make: *** [src/frequencyScaling.o] Error 1
14:25:35 **** Auto Build of configuration Debug for project RX_TX_loopback ****
make all 
'Building file: ../src/frequencyScaling.c'
'Invoking: ARM gcc compiler'
arm-xilinx-eabi-gcc -Wall -O0 -g3 -c -fmessage-length=0 -MT"src/frequencyScaling.o" -I../../freertos_bsp_3_1_1/ps7_cortexa9_0/include -MMD -MP -MF"src/frequencyScaling.d" -MT"src/frequencyScaling.d" -o "src/frequencyScaling.o" "../src/frequencyScaling.c"
../src/frequencyScaling.c: In function 'configureFft':
../src/frequencyScaling.c:25:5: error: expected ';' before 'if'
     if (ifftr_cfg = kiss_fftr_alloc(ARRAY_SIZE, 1, NULL, NULL)) == NULL)
     ^
../src/frequencyScaling.c:25:72: error: expected statement before ')' token
     if (ifftr_cfg = kiss_fftr_alloc(ARRAY_SIZE, 1, NULL, NULL)) == NULL)
                                                                        ^
make: *** [src/frequencyScaling.o] Error 1
14:25:44 **** Auto Build of configuration Debug for project RX_TX_loopback ****
make all 
'Building file: ../src/frequencyScaling.c'
'Invoking: ARM gcc compiler'
arm-xilinx-eabi-gcc -Wall -O0 -g3 -c -fmessage-length=0 -MT"src/frequencyScaling.o" -I../../freertos_bsp_3_1_1/ps7_cortexa9_0/include -MMD -MP -MF"src/frequencyScaling.d" -MT"src/frequencyScaling.d" -o "src/frequencyScaling.o" "../src/frequencyScaling.c"
../src/frequencyScaling.c: In function 'configureFft':
../src/frequencyScaling.c:25:5: error: expected ';' before 'if'
     if (ifftr_cfg = kiss_fftr_alloc(ARRAY_SIZE, 1, NULL, NULL)) == NULL)
     ^
../src/frequencyScaling.c:25:72: error: expected statement before ')' token
     if (ifftr_cfg = kiss_fftr_alloc(ARRAY_SIZE, 1, NULL, NULL)) == NULL)
                                                                        ^
../src/frequencyScaling.c:27:5: error: expected ';' before 'printf'
     printf("configureFft\n");
     ^
make: *** [src/frequencyScaling.o] Error 1
14:25:46 **** Auto Build of configuration Debug for project RX_TX_loopback ****
make all 
'Building file: ../src/frequencyScaling.c'
'Invoking: ARM gcc compiler'
arm-xilinx-eabi-gcc -Wall -O0 -g3 -c -fmessage-length=0 -MT"src/frequencyScaling.o" -I../../freertos_bsp_3_1_1/ps7_cortexa9_0/include -MMD -MP -MF"src/frequencyScaling.d" -MT"src/frequencyScaling.d" -o "src/frequencyScaling.o" "../src/frequencyScaling.c"
../src/frequencyScaling.c: In function 'configureFft':
../src/frequencyScaling.c:25:5: error: expected ';' before 'if'
     if (ifftr_cfg = kiss_fftr_alloc(ARRAY_SIZE, 1, NULL, NULL)) == NULL)
     ^
../src/frequencyScaling.c:25:72: error: expected statement before ')' token
     if (ifftr_cfg = kiss_fftr_alloc(ARRAY_SIZE, 1, NULL, NULL)) == NULL)
                                                                        ^
../src/frequencyScaling.c:27:5: error: expected ';' before 'printf'
     printf("configureFft\n");
     ^
make: *** [src/frequencyScaling.o] Error 1
14:25:53 **** Auto Build of configuration Debug for project RX_TX_loopback ****
make all 
'Building file: ../src/frequencyScaling.c'
'Invoking: ARM gcc compiler'
arm-xilinx-eabi-gcc -Wall -O0 -g3 -c -fmessage-length=0 -MT"src/frequencyScaling.o" -I../../freertos_bsp_3_1_1/ps7_cortexa9_0/include -MMD -MP -MF"src/frequencyScaling.d" -MT"src/frequencyScaling.d" -o "src/frequencyScaling.o" "../src/frequencyScaling.c"
../src/frequencyScaling.c: In function 'configureFft':
../src/frequencyScaling.c:25:5: error: expected ';' before 'if'
     if ((ifftr_cfg = kiss_fftr_alloc(ARRAY_SIZE, 1, NULL, NULL)) == NULL)
     ^
make: *** [src/frequencyScaling.o] Error 1
14:26:06 **** Auto Build of configuration Debug for project RX_TX_loopback ****
make all 
'Building file: ../src/frequencyScaling.c'
'Invoking: ARM gcc compiler'
arm-xilinx-eabi-gcc -Wall -O0 -g3 -c -fmessage-length=0 -MT"src/frequencyScaling.o" -I../../freertos_bsp_3_1_1/ps7_cortexa9_0/include -MMD -MP -MF"src/frequencyScaling.d" -MT"src/frequencyScaling.d" -o "src/frequencyScaling.o" "../src/frequencyScaling.c"
'Finished building: ../src/frequencyScaling.c'
' '
'Building target: RX_TX_loopback.elf'
'Invoking: ARM gcc linker'
arm-xilinx-eabi-gcc -Wl,-T -Wl,../src/lscript.ld -L../../freertos_bsp_3_1_1/ps7_cortexa9_0/lib -o "RX_TX_loopback.elf"  ./src/adau1761.o ./src/audioPlayer.o ./src/audioRxTx.o ./src/audioSample.o ./src/bufferPool_d.o ./src/chunk_d.o ./src/fprof.o ./src/frequencyScaling.o ./src/kiss_fft.o ./src/kiss_fftr.o ./src/main.o ./src/snd_sample.o   -lm -Wl,--start-group,-lxil,-lfreertos,-lgcc,-lc,--end-group
'Finished building target: RX_TX_loopback.elf'
' '
'Invoking: ARM Print Size'
arm-xilinx-eabi-size RX_TX_loopback.elf  |tee "RX_TX_loopback.elf.size"
   text	   data	    bss	    dec	    hex	filename
 126568	1148896	 100796	1376260	 150004	RX_TX_loopback.elf
'Finished building: RX_TX_loopback.elf.size'
' '
14:26:20 **** Auto Build of configuration Debug for project RX_TX_loopback ****
make all 
'Building file: ../src/audioRxTx.c'
'Invoking: ARM gcc compiler'
arm-xilinx-eabi-gcc -Wall -O0 -g3 -c -fmessage-length=0 -MT"src/audioRxTx.o" -I../../freertos_bsp_3_1_1/ps7_cortexa9_0/include -MMD -MP -MF"src/audioRxTx.d" -MT"src/audioRxTx.d" -o "src/audioRxTx.o" "../src/audioRxTx.c"
In file included from ../src/zedboard_freertos.h:16:0,
                 from ../src/bufferPool_d.h:23,
                 from ../src/audioRxTx.h:20,
                 from ../src/audioRxTx.c:18:
../../freertos_bsp_3_1_1/ps7_cortexa9_0/include/xbasic_types.h:115:2: warning: #warning The xbasics_type.h file is deprecated and users should use xil_types.h and xil_assert. [-Wcpp]
 #warning  The xbasics_type.h file is deprecated and users should use xil_types.h and xil_assert.
  ^
../../freertos_bsp_3_1_1/ps7_cortexa9_0/include/xbasic_types.h:116:2: warning: #warning Please refer the Standalone BSP UG647 for further details [-Wcpp]
 #warning  Please refer the Standalone BSP UG647 for further details
  ^
In file included from ../src/audioRxTx.c:20:0:
../src/test_fft.h: In function 'test_fft_real':
../src/test_fft.h:42:26: warning: passing argument 3 of 'kiss_fftri' discards 'const' qualifier from pointer target type
     kiss_fftri(cfg, out, in);
                          ^
In file included from ../src/test_fft.h:12:0,
                 from ../src/audioRxTx.c:20:
../src/kiss_fftr.h:35:6: note: expected 'float *' but argument is of type 'const float *'
 void kiss_fftri(kiss_fftr_cfg cfg,const kiss_fft_cpx *freqdata,kiss_fft_scalar *timedata);
      ^
'Finished building: ../src/audioRxTx.c'
' '
'Building target: RX_TX_loopback.elf'
'Invoking: ARM gcc linker'
arm-xilinx-eabi-gcc -Wl,-T -Wl,../src/lscript.ld -L../../freertos_bsp_3_1_1/ps7_cortexa9_0/lib -o "RX_TX_loopback.elf"  ./src/adau1761.o ./src/audioPlayer.o ./src/audioRxTx.o ./src/audioSample.o ./src/bufferPool_d.o ./src/chunk_d.o ./src/fprof.o ./src/frequencyScaling.o ./src/kiss_fft.o ./src/kiss_fftr.o ./src/main.o ./src/snd_sample.o   -lm -Wl,--start-group,-lxil,-lfreertos,-lgcc,-lc,--end-group
'Finished building target: RX_TX_loopback.elf'
' '
'Invoking: ARM Print Size'
arm-xilinx-eabi-size RX_TX_loopback.elf  |tee "RX_TX_loopback.elf.size"
   text	   data	    bss	    dec	    hex	filename
 126632	1148896	 100796	1376324	 150044	RX_TX_loopback.elf
'Finished building: RX_TX_loopback.elf.size'
' '
14:26:27 **** Auto Build of configuration Debug for project RX_TX_loopback ****
make all 
'Building file: ../src/audioRxTx.c'
'Invoking: ARM gcc compiler'
arm-xilinx-eabi-gcc -Wall -O0 -g3 -c -fmessage-length=0 -MT"src/audioRxTx.o" -I../../freertos_bsp_3_1_1/ps7_cortexa9_0/include -MMD -MP -MF"src/audioRxTx.d" -MT"src/audioRxTx.d" -o "src/audioRxTx.o" "../src/audioRxTx.c"
In file included from ../src/zedboard_freertos.h:16:0,
                 from ../src/bufferPool_d.h:23,
                 from ../src/audioRxTx.h:20,
                 from ../src/audioRxTx.c:18:
../../freertos_bsp_3_1_1/ps7_cortexa9_0/include/xbasic_types.h:115:2: warning: #warning The xbasics_type.h file is deprecated and users should use xil_types.h and xil_assert. [-Wcpp]
 #warning  The xbasics_type.h file is deprecated and users should use xil_types.h and xil_assert.
  ^
../../freertos_bsp_3_1_1/ps7_cortexa9_0/include/xbasic_types.h:116:2: warning: #warning Please refer the Standalone BSP UG647 for further details [-Wcpp]
 #warning  Please refer the Standalone BSP UG647 for further details
  ^
In file included from ../src/audioRxTx.c:20:0:
../src/test_fft.h: In function 'test_fft_real':
../src/test_fft.h:42:26: warning: passing argument 3 of 'kiss_fftri' discards 'const' qualifier from pointer target type
     kiss_fftri(cfg, out, in);
                          ^
In file included from ../src/test_fft.h:12:0,
                 from ../src/audioRxTx.c:20:
../src/kiss_fftr.h:35:6: note: expected 'float *' but argument is of type 'const float *'
 void kiss_fftri(kiss_fftr_cfg cfg,const kiss_fft_cpx *freqdata,kiss_fft_scalar *timedata);
      ^
'Finished building: ../src/audioRxTx.c'
' '
'Building target: RX_TX_loopback.elf'
'Invoking: ARM gcc linker'
arm-xilinx-eabi-gcc -Wl,-T -Wl,../src/lscript.ld -L../../freertos_bsp_3_1_1/ps7_cortexa9_0/lib -o "RX_TX_loopback.elf"  ./src/adau1761.o ./src/audioPlayer.o ./src/audioRxTx.o ./src/audioSample.o ./src/bufferPool_d.o ./src/chunk_d.o ./src/fprof.o ./src/frequencyScaling.o ./src/kiss_fft.o ./src/kiss_fftr.o ./src/main.o ./src/snd_sample.o   -lm -Wl,--start-group,-lxil,-lfreertos,-lgcc,-lc,--end-group
'Finished building target: RX_TX_loopback.elf'
' '
'Invoking: ARM Print Size'
arm-xilinx-eabi-size RX_TX_loopback.elf  |tee "RX_TX_loopback.elf.size"
   text	   data	    bss	    dec	    hex	filename
 126632	1148896	 100796	1376324	 150044	RX_TX_loopback.elf
'Finished building: RX_TX_loopback.elf.size'
' '
14:26:31 **** Incremental Build of configuration Debug for project RX_TX_loopback ****
make all 
make: Nothing to be done for `all'.
14:27:52 **** Auto Build of configuration Debug for project RX_TX_loopback ****
make all 
'Building file: ../src/audioPlayer.c'
'Invoking: ARM gcc compiler'
arm-xilinx-eabi-gcc -Wall -O0 -g3 -c -fmessage-length=0 -MT"src/audioPlayer.o" -I../../freertos_bsp_3_1_1/ps7_cortexa9_0/include -MMD -MP -MF"src/audioPlayer.d" -MT"src/audioPlayer.d" -o "src/audioPlayer.o" "../src/audioPlayer.c"
In file included from ../src/zedboard_freertos.h:16:0,
                 from ../src/bufferPool_d.h:23,
                 from ../src/audioPlayer.h:21,
                 from ../src/audioPlayer.c:19:
../../freertos_bsp_3_1_1/ps7_cortexa9_0/include/xbasic_types.h:115:2: warning: #warning The xbasics_type.h file is deprecated and users should use xil_types.h and xil_assert. [-Wcpp]
 #warning  The xbasics_type.h file is deprecated and users should use xil_types.h and xil_assert.
  ^
../../freertos_bsp_3_1_1/ps7_cortexa9_0/include/xbasic_types.h:116:2: warning: #warning Please refer the Standalone BSP UG647 for further details [-Wcpp]
 #warning  Please refer the Standalone BSP UG647 for further details
  ^
../src/audioPlayer.c: In function 'audioPlayer_init':
../src/audioPlayer.c:55:2: warning: implicit declaration of function 'Adau1761_Init' [-Wimplicit-function-declaration]
  Adau1761_Init(&pThis->codec);
  ^
In file included from ../src/zedboard_freertos.h:2:0,
                 from ../src/bufferPool_d.h:23,
                 from ../src/audioPlayer.h:21,
                 from ../src/audioPlayer.c:19:
../src/audioPlayer.c: In function 'audioPlayer_start':
../../freertos_bsp_3_1_1/ps7_cortexa9_0/include/task.h:345:134: warning: pointer targets in passing argument 2 of 'xTaskGenericCreate' differ in signedness [-Wpointer-sign]
 #define xTaskCreate( pvTaskCode, pcName, usStackDepth, pvParameters, uxPriority, pxCreatedTask ) xTaskGenericCreate( ( pvTaskCode ), ( pcName ), ( usStackDepth ), ( pvParameters ), ( uxPriority ), ( pxCreatedTask ), ( NULL ), ( NULL ) )
                                                                                                                                      ^
../src/audioPlayer.c:84:5: note: in expansion of macro 'xTaskCreate'
     xTaskCreate( gpio_task, ( signed char * ) "HW", configMINIMAL_STACK_SIZE, NULL, tskIDLE_PRIORITY + 1 , NULL );
     ^
../../freertos_bsp_3_1_1/ps7_cortexa9_0/include/task.h:1986:12: note: expected 'const char * const' but argument is of type 'signed char *'
 BaseType_t xTaskGenericCreate( TaskFunction_t pxTaskCode, const char * const pcName, const uint16_t usStackDepth, void * const pvParameters, UBaseType_t uxPriority, TaskHandle_t * const pxCreatedTask, StackType_t * const puxStackBuffer, const MemoryRegion_t * const xRegions ) PRIVILEGED_FUNCTION; /*lint !e971 Unqualified char types are allowed for strings and single characters only. */
            ^
../../freertos_bsp_3_1_1/ps7_cortexa9_0/include/task.h:345:134: warning: pointer targets in passing argument 2 of 'xTaskGenericCreate' differ in signedness [-Wpointer-sign]
 #define xTaskCreate( pvTaskCode, pcName, usStackDepth, pvParameters, uxPriority, pxCreatedTask ) xTaskGenericCreate( ( pvTaskCode ), ( pcName ), ( usStackDepth ), ( pvParameters ), ( uxPriority ), ( pxCreatedTask ), ( NULL ), ( NULL ) )
                                                                                                                                      ^
../src/audioPlayer.c:87:5: note: in expansion of macro 'xTaskCreate'
     xTaskCreate( display_task, ( signed char * ) "HW", configMINIMAL_STACK_SIZE, NULL, tskIDLE_PRIORITY + 1 , NULL );
     ^
../../freertos_bsp_3_1_1/ps7_cortexa9_0/include/task.h:1986:12: note: expected 'const char * const' but argument is of type 'signed char *'
 BaseType_t xTaskGenericCreate( TaskFunction_t pxTaskCode, const char * const pcName, const uint16_t usStackDepth, void * const pvParameters, UBaseType_t uxPriority, TaskHandle_t * const pxCreatedTask, StackType_t * const puxStackBuffer, const MemoryRegion_t * const xRegions ) PRIVILEGED_FUNCTION; /*lint !e971 Unqualified char types are allowed for strings and single characters only. */
            ^
../../freertos_bsp_3_1_1/ps7_cortexa9_0/include/task.h:345:134: warning: pointer targets in passing argument 2 of 'xTaskGenericCreate' differ in signedness [-Wpointer-sign]
 #define xTaskCreate( pvTaskCode, pcName, usStackDepth, pvParameters, uxPriority, pxCreatedTask ) xTaskGenericCreate( ( pvTaskCode ), ( pcName ), ( usStackDepth ), ( pvParameters ), ( uxPriority ), ( pxCreatedTask ), ( NULL ), ( NULL ) )
                                                                                                                                      ^
../src/audioPlayer.c:90:2: note: in expansion of macro 'xTaskCreate'
  xTaskCreate( audioPlayer_task, ( signed char * ) "HW", configMINIMAL_STACK_SIZE, pThis, tskIDLE_PRIORITY + 1 , NULL );
  ^
../../freertos_bsp_3_1_1/ps7_cortexa9_0/include/task.h:1986:12: note: expected 'const char * const' but argument is of type 'signed char *'
 BaseType_t xTaskGenericCreate( TaskFunction_t pxTaskCode, const char * const pcName, const uint16_t usStackDepth, void * const pvParameters, UBaseType_t uxPriority, TaskHandle_t * const pxCreatedTask, StackType_t * const puxStackBuffer, const MemoryRegion_t * const xRegions ) PRIVILEGED_FUNCTION; /*lint !e971 Unqualified char types are allowed for strings and single characters only. */
            ^
'Finished building: ../src/audioPlayer.c'
' '
'Building file: ../src/audioRxTx.c'
'Invoking: ARM gcc compiler'
arm-xilinx-eabi-gcc -Wall -O0 -g3 -c -fmessage-length=0 -MT"src/audioRxTx.o" -I../../freertos_bsp_3_1_1/ps7_cortexa9_0/include -MMD -MP -MF"src/audioRxTx.d" -MT"src/audioRxTx.d" -o "src/audioRxTx.o" "../src/audioRxTx.c"
In file included from ../src/zedboard_freertos.h:16:0,
                 from ../src/bufferPool_d.h:23,
                 from ../src/audioRxTx.h:20,
                 from ../src/audioRxTx.c:18:
../../freertos_bsp_3_1_1/ps7_cortexa9_0/include/xbasic_types.h:115:2: warning: #warning The xbasics_type.h file is deprecated and users should use xil_types.h and xil_assert. [-Wcpp]
 #warning  The xbasics_type.h file is deprecated and users should use xil_types.h and xil_assert.
  ^
../../freertos_bsp_3_1_1/ps7_cortexa9_0/include/xbasic_types.h:116:2: warning: #warning Please refer the Standalone BSP UG647 for further details [-Wcpp]
 #warning  Please refer the Standalone BSP UG647 for further details
  ^
In file included from ../src/audioRxTx.c:20:0:
../src/test_fft.h: In function 'test_fft_real':
../src/test_fft.h:42:26: warning: passing argument 3 of 'kiss_fftri' discards 'const' qualifier from pointer target type
     kiss_fftri(cfg, out, in);
                          ^
In file included from ../src/test_fft.h:12:0,
                 from ../src/audioRxTx.c:20:
../src/kiss_fftr.h:35:6: note: expected 'float *' but argument is of type 'const float *'
 void kiss_fftri(kiss_fftr_cfg cfg,const kiss_fft_cpx *freqdata,kiss_fft_scalar *timedata);
      ^
'Finished building: ../src/audioRxTx.c'
' '
'Building file: ../src/fprof.c'
'Invoking: ARM gcc compiler'
arm-xilinx-eabi-gcc -Wall -O0 -g3 -c -fmessage-length=0 -MT"src/fprof.o" -I../../freertos_bsp_3_1_1/ps7_cortexa9_0/include -MMD -MP -MF"src/fprof.d" -MT"src/fprof.d" -o "src/fprof.o" "../src/fprof.c"
'Finished building: ../src/fprof.c'
' '
'Building file: ../src/frequencyScaling.c'
'Invoking: ARM gcc compiler'
arm-xilinx-eabi-gcc -Wall -O0 -g3 -c -fmessage-length=0 -MT"src/frequencyScaling.o" -I../../freertos_bsp_3_1_1/ps7_cortexa9_0/include -MMD -MP -MF"src/frequencyScaling.d" -MT"src/frequencyScaling.d" -o "src/frequencyScaling.o" "../src/frequencyScaling.c"
'Finished building: ../src/frequencyScaling.c'
' '
'Building target: RX_TX_loopback.elf'
'Invoking: ARM gcc linker'
arm-xilinx-eabi-gcc -Wl,-T -Wl,../src/lscript.ld -L../../freertos_bsp_3_1_1/ps7_cortexa9_0/lib -o "RX_TX_loopback.elf"  ./src/adau1761.o ./src/audioPlayer.o ./src/audioRxTx.o ./src/audioSample.o ./src/bufferPool_d.o ./src/chunk_d.o ./src/fprof.o ./src/frequencyScaling.o ./src/kiss_fft.o ./src/kiss_fftr.o ./src/main.o ./src/snd_sample.o   -lm -Wl,--start-group,-lxil,-lfreertos,-lgcc,-lc,--end-group
'Finished building target: RX_TX_loopback.elf'
' '
'Invoking: ARM Print Size'
arm-xilinx-eabi-size RX_TX_loopback.elf  |tee "RX_TX_loopback.elf.size"
   text	   data	    bss	    dec	    hex	filename
 126632	1148896	 108476	1384004	 151e44	RX_TX_loopback.elf
'Finished building: RX_TX_loopback.elf.size'
' '
14:27:55 **** Incremental Build of configuration Debug for project RX_TX_loopback ****
make all 
make: Nothing to be done for `all'.
14:28:20 **** Auto Build of configuration Debug for project RX_TX_loopback ****
make all 
'Building file: ../src/frequencyScaling.c'
'Invoking: ARM gcc compiler'
arm-xilinx-eabi-gcc -Wall -O0 -g3 -c -fmessage-length=0 -MT"src/frequencyScaling.o" -I../../freertos_bsp_3_1_1/ps7_cortexa9_0/include -MMD -MP -MF"src/frequencyScaling.d" -MT"src/frequencyScaling.d" -o "src/frequencyScaling.o" "../src/frequencyScaling.c"
'Finished building: ../src/frequencyScaling.c'
' '
'Building target: RX_TX_loopback.elf'
'Invoking: ARM gcc linker'
arm-xilinx-eabi-gcc -Wl,-T -Wl,../src/lscript.ld -L../../freertos_bsp_3_1_1/ps7_cortexa9_0/lib -o "RX_TX_loopback.elf"  ./src/adau1761.o ./src/audioPlayer.o ./src/audioRxTx.o ./src/audioSample.o ./src/bufferPool_d.o ./src/chunk_d.o ./src/fprof.o ./src/frequencyScaling.o ./src/kiss_fft.o ./src/kiss_fftr.o ./src/main.o ./src/snd_sample.o   -lm -Wl,--start-group,-lxil,-lfreertos,-lgcc,-lc,--end-group
'Finished building target: RX_TX_loopback.elf'
' '
'Invoking: ARM Print Size'
arm-xilinx-eabi-size RX_TX_loopback.elf  |tee "RX_TX_loopback.elf.size"
   text	   data	    bss	    dec	    hex	filename
 126624	1148896	 108476	1383996	 151e3c	RX_TX_loopback.elf
'Finished building: RX_TX_loopback.elf.size'
' '
