01:54:46 **** Auto Build of configuration Debug for project lab5_RX_TX_loopback ****
make all 
'Building file: ../src/adau1761.c'
'Invoking: ARM gcc compiler'
arm-xilinx-eabi-gcc -Wall -O0 -g3 -c -fmessage-length=0 -MT"src/adau1761.o" -I../../freertos_bsp_3_1_1/ps7_cortexa9_0/include -MMD -MP -MF"src/adau1761.d" -MT"src/adau1761.d" -o "src/adau1761.o" "../src/adau1761.c"
In file included from ../src/zedboard_freertos.h:16:0,
                 from ../src/bufferPool_d.h:23,
                 from ../src/audioRxTx.h:20,
                 from ../src/adau1761.c:1:
../../freertos_bsp_3_1_1/ps7_cortexa9_0/include/xbasic_types.h:115:2: warning: #warning The xbasics_type.h file is deprecated and users should use xil_types.h and xil_assert. [-Wcpp]
 #warning  The xbasics_type.h file is deprecated and users should use xil_types.h and xil_assert.
  ^
../../freertos_bsp_3_1_1/ps7_cortexa9_0/include/xbasic_types.h:116:2: warning: #warning Please refer the Standalone BSP UG647 for further details [-Wcpp]
 #warning  Please refer the Standalone BSP UG647 for further details
  ^
'Finished building: ../src/adau1761.c'
' '
'Building target: lab5_RX_TX_loopback.elf'
'Invoking: ARM gcc linker'
arm-xilinx-eabi-gcc -Wl,-T -Wl,../src/lscript.ld -L../../freertos_bsp_3_1_1/ps7_cortexa9_0/lib -o "lab5_RX_TX_loopback.elf"  ./src/adau1761.o ./src/audioPlayer.o ./src/audioRxTx.o ./src/audioSample.o ./src/bufferPool_d.o ./src/chunk_d.o ./src/main.o ./src/snd_sample.o   -Wl,--start-group,-lxil,-lfreertos,-lgcc,-lc,--end-group
'Finished building target: lab5_RX_TX_loopback.elf'
' '
'Invoking: ARM Print Size'
arm-xilinx-eabi-size lab5_RX_TX_loopback.elf  |tee "lab5_RX_TX_loopback.elf.size"
   text	   data	    bss	    dec	    hex	filename
 106764	1148888	  88924	1344576	 148440	lab5_RX_TX_loopback.elf
'Finished building: lab5_RX_TX_loopback.elf.size'
' '

01:54:47 Build Finished (took 848ms)

