20:08:25 **** Auto Build of configuration Debug for project RX_TX_loopback ****
make all 
Building file: ../src/audioPlayer.c
Invoking: ARM gcc compiler
arm-xilinx-eabi-gcc -Wall -O0 -g3 -c -fmessage-length=0 -MT"src/audioPlayer.o" -I../../freertos_bsp_3_1_1/ps7_cortexa9_0/include -MMD -MP -MF"src/audioPlayer.d" -MT"src/audioPlayer.d" -o "src/audioPlayer.o" "../src/audioPlayer.c"
In file included from ../src/zedboard_freertos.h:16:0,
                 from ../src/bufferPool_d.h:23,
                 from ../src/audioPlayer.h:21,
                 from ../src/audioPlayer.c:19:
../../freertos_bsp_3_1_1/ps7_cortexa9_0/include/xbasic_types.h:115:2: warning: #warning The xbasics_type.h file is deprecated and users should use xil_types.h and xil_assert. [-Wcpp]
 #warning  The xbasics_type.h file is deprecated and users should use xil_types.h and xil_assert.
  ^
../../freertos_bsp_3_1_1/ps7_cortexa9_0/include/xbasic_types.h:116:2: warning: #warning Please refer the Standalone BSP UG647 for further details [-Wcpp]
 #warning  Please refer the Standalone BSP UG647 for further details
  ^
In file included from ../src/audioPlayer.c:22:0:
../src/fprof.h: In function 'fprof_init':
../src/fprof.h:17:9: warning: unused variable 'i' [-Wunused-variable]
     int i;
         ^
../src/audioPlayer.c: In function 'audioPlayer_init':
../src/audioPlayer.c:55:2: warning: implicit declaration of function 'Adau1761_Init' [-Wimplicit-function-declaration]
  Adau1761_Init(&pThis->codec);
  ^
In file included from ../src/zedboard_freertos.h:2:0,
                 from ../src/bufferPool_d.h:23,
                 from ../src/audioPlayer.h:21,
                 from ../src/audioPlayer.c:19:
../src/audioPlayer.c: In function 'audioPlayer_start':
../../freertos_bsp_3_1_1/ps7_cortexa9_0/include/task.h:345:134: warning: pointer targets in passing argument 2 of 'xTaskGenericCreate' differ in signedness [-Wpointer-sign]
 #define xTaskCreate( pvTaskCode, pcName, usStackDepth, pvParameters, uxPriority, pxCreatedTask ) xTaskGenericCreate( ( pvTaskCode ), ( pcName ), ( usStackDepth ), ( pvParameters ), ( uxPriority ), ( pxCreatedTask ), ( NULL ), ( NULL ) )
                                                                                                                                      ^
../src/audioPlayer.c:84:5: note: in expansion of macro 'xTaskCreate'
     xTaskCreate( gpio_task, ( signed char * ) "HW", configMINIMAL_STACK_SIZE, NULL, tskIDLE_PRIORITY + 1 , NULL );
     ^
../../freertos_bsp_3_1_1/ps7_cortexa9_0/include/task.h:1986:12: note: expected 'const char * const' but argument is of type 'signed char *'
 BaseType_t xTaskGenericCreate( TaskFunction_t pxTaskCode, const char * const pcName, const uint16_t usStackDepth, void * const pvParameters, UBaseType_t uxPriority, TaskHandle_t * const pxCreatedTask, StackType_t * const puxStackBuffer, const MemoryRegion_t * const xRegions ) PRIVILEGED_FUNCTION; /*lint !e971 Unqualified char types are allowed for strings and single characters only. */
            ^
../../freertos_bsp_3_1_1/ps7_cortexa9_0/include/task.h:345:134: warning: pointer targets in passing argument 2 of 'xTaskGenericCreate' differ in signedness [-Wpointer-sign]
 #define xTaskCreate( pvTaskCode, pcName, usStackDepth, pvParameters, uxPriority, pxCreatedTask ) xTaskGenericCreate( ( pvTaskCode ), ( pcName ), ( usStackDepth ), ( pvParameters ), ( uxPriority ), ( pxCreatedTask ), ( NULL ), ( NULL ) )
                                                                                                                                      ^
../src/audioPlayer.c:87:5: note: in expansion of macro 'xTaskCreate'
     xTaskCreate( display_task, ( signed char * ) "HW", configMINIMAL_STACK_SIZE, NULL, tskIDLE_PRIORITY + 1 , NULL );
     ^
../../freertos_bsp_3_1_1/ps7_cortexa9_0/include/task.h:1986:12: note: expected 'const char * const' but argument is of type 'signed char *'
 BaseType_t xTaskGenericCreate( TaskFunction_t pxTaskCode, const char * const pcName, const uint16_t usStackDepth, void * const pvParameters, UBaseType_t uxPriority, TaskHandle_t * const pxCreatedTask, StackType_t * const puxStackBuffer, const MemoryRegion_t * const xRegions ) PRIVILEGED_FUNCTION; /*lint !e971 Unqualified char types are allowed for strings and single characters only. */
            ^
../../freertos_bsp_3_1_1/ps7_cortexa9_0/include/task.h:345:134: warning: pointer targets in passing argument 2 of 'xTaskGenericCreate' differ in signedness [-Wpointer-sign]
 #define xTaskCreate( pvTaskCode, pcName, usStackDepth, pvParameters, uxPriority, pxCreatedTask ) xTaskGenericCreate( ( pvTaskCode ), ( pcName ), ( usStackDepth ), ( pvParameters ), ( uxPriority ), ( pxCreatedTask ), ( NULL ), ( NULL ) )
                                                                                                                                      ^
../src/audioPlayer.c:90:2: note: in expansion of macro 'xTaskCreate'
  xTaskCreate( audioPlayer_task, ( signed char * ) "HW", configMINIMAL_STACK_SIZE, pThis, tskIDLE_PRIORITY + 1 , NULL );
  ^
../../freertos_bsp_3_1_1/ps7_cortexa9_0/include/task.h:1986:12: note: expected 'const char * const' but argument is of type 'signed char *'
 BaseType_t xTaskGenericCreate( TaskFunction_t pxTaskCode, const char * const pcName, const uint16_t usStackDepth, void * const pvParameters, UBaseType_t uxPriority, TaskHandle_t * const pxCreatedTask, StackType_t * const puxStackBuffer, const MemoryRegion_t * const xRegions ) PRIVILEGED_FUNCTION; /*lint !e971 Unqualified char types are allowed for strings and single characters only. */
            ^
Finished building: ../src/audioPlayer.c
 
Building target: RX_TX_loopback.elf
Invoking: ARM gcc linker
arm-xilinx-eabi-gcc -Wl,-T -Wl,../src/lscript.ld -L../../freertos_bsp_3_1_1/ps7_cortexa9_0/lib -o "RX_TX_loopback.elf"  ./src/adau1761.o ./src/audioPlayer.o ./src/audioRxTx.o ./src/audioSample.o ./src/bufferPool_d.o ./src/chunk_d.o ./src/kiss_fft.o ./src/kiss_fftr.o ./src/main.o ./src/snd_sample.o   -lm -Wl,--start-group,-lxil,-lfreertos,-lgcc,-lc,--end-group
Finished building target: RX_TX_loopback.elf
 
Invoking: ARM Print Size
arm-xilinx-eabi-size RX_TX_loopback.elf  |tee "RX_TX_loopback.elf.size"
   text	   data	    bss	    dec	    hex	filename
 124328	1148896	  99244	1372468	 14f134	RX_TX_loopback.elf
Finished building: RX_TX_loopback.elf.size
 

20:08:26 Build Finished (took 269ms)

