17:57:30 **** Incremental Build of configuration Debug for project audio_proj ****
make all 
make: Nothing to be done for `all'.
17:57:51 **** Incremental Build of configuration Debug for project audio_proj ****
make all 
make: Nothing to be done for `all'.
17:57:51 **** Incremental Build of configuration Debug for project test_proj ****
make all 
make: Nothing to be done for `all'.
17:58:04 **** Clean-only build of configuration Debug for project audio_proj ****
make clean 
rm -rf  ./src/adau1761.o ./src/audioPlayer.o ./src/audioRx.o ./src/audioSample.o ./src/audioTx.o ./src/bufferPool_d.o ./src/chunk_d.o ./src/main.o ./src/snd_sample.o  ./src/adau1761.d ./src/audioPlayer.d ./src/audioRx.d ./src/audioSample.d ./src/audioTx.d ./src/bufferPool_d.d ./src/chunk_d.d ./src/main.d ./src/snd_sample.d  audio_proj.elf.size  audio_proj.elf
 
17:58:04 **** Auto Build of configuration Debug for project audio_proj ****
make all 
Building file: ../src/adau1761.c
Invoking: ARM gcc compiler
arm-xilinx-eabi-gcc -Wall -O0 -g3 -c -fmessage-length=0 -MT"src/adau1761.o" -I../../freertos_bsp_3_1_1/ps7_cortexa9_0/include -MMD -MP -MF"src/adau1761.d" -MT"src/adau1761.d" -o "src/adau1761.o" "../src/adau1761.c"
In file included from ../src/zedboard_freertos.h:16:0,
                 from ../src/bufferPool_d.h:23,
                 from ../src/audioPlayer.h:21,
                 from ../src/adau1761.c:1:
../../freertos_bsp_3_1_1/ps7_cortexa9_0/include/xbasic_types.h:115:2: warning: #warning The xbasics_type.h file is deprecated and users should use xil_types.h and xil_assert. [-Wcpp]
 #warning  The xbasics_type.h file is deprecated and users should use xil_types.h and xil_assert.
  ^
../../freertos_bsp_3_1_1/ps7_cortexa9_0/include/xbasic_types.h:116:2: warning: #warning Please refer the Standalone BSP UG647 for further details [-Wcpp]
 #warning  Please refer the Standalone BSP UG647 for further details
  ^
Finished building: ../src/adau1761.c
 
Building file: ../src/audioPlayer.c
Invoking: ARM gcc compiler
arm-xilinx-eabi-gcc -Wall -O0 -g3 -c -fmessage-length=0 -MT"src/audioPlayer.o" -I../../freertos_bsp_3_1_1/ps7_cortexa9_0/include -MMD -MP -MF"src/audioPlayer.d" -MT"src/audioPlayer.d" -o "src/audioPlayer.o" "../src/audioPlayer.c"
In file included from ../src/zedboard_freertos.h:16:0,
                 from ../src/bufferPool_d.h:23,
                 from ../src/audioPlayer.h:21,
                 from ../src/audioPlayer.c:19:
../../freertos_bsp_3_1_1/ps7_cortexa9_0/include/xbasic_types.h:115:2: warning: #warning The xbasics_type.h file is deprecated and users should use xil_types.h and xil_assert. [-Wcpp]
 #warning  The xbasics_type.h file is deprecated and users should use xil_types.h and xil_assert.
  ^
../../freertos_bsp_3_1_1/ps7_cortexa9_0/include/xbasic_types.h:116:2: warning: #warning Please refer the Standalone BSP UG647 for further details [-Wcpp]
 #warning  Please refer the Standalone BSP UG647 for further details
  ^
In file included from ../src/zedboard_freertos.h:2:0,
                 from ../src/bufferPool_d.h:23,
                 from ../src/audioPlayer.h:21,
                 from ../src/audioPlayer.c:19:
../src/audioPlayer.c: In function 'audioPlayer_start':
../../freertos_bsp_3_1_1/ps7_cortexa9_0/include/task.h:345:134: warning: pointer targets in passing argument 2 of 'xTaskGenericCreate' differ in signedness [-Wpointer-sign]
 #define xTaskCreate( pvTaskCode, pcName, usStackDepth, pvParameters, uxPriority, pxCreatedTask ) xTaskGenericCreate( ( pvTaskCode ), ( pcName ), ( usStackDepth ), ( pvParameters ), ( uxPriority ), ( pxCreatedTask ), ( NULL ), ( NULL ) )
                                                                                                                                      ^
../src/audioPlayer.c:104:2: note: in expansion of macro 'xTaskCreate'
  xTaskCreate( audioPlayer_task, ( signed char * ) "HW", configMINIMAL_STACK_SIZE, pThis, tskIDLE_PRIORITY + 1 , pThis );
  ^
../../freertos_bsp_3_1_1/ps7_cortexa9_0/include/task.h:1986:12: note: expected 'const char * const' but argument is of type 'signed char *'
 BaseType_t xTaskGenericCreate( TaskFunction_t pxTaskCode, const char * const pcName, const uint16_t usStackDepth, void * const pvParameters, UBaseType_t uxPriority, TaskHandle_t * const pxCreatedTask, StackType_t * const puxStackBuffer, const MemoryRegion_t * const xRegions ) PRIVILEGED_FUNCTION; /*lint !e971 Unqualified char types are allowed for strings and single characters only. */
            ^
../../freertos_bsp_3_1_1/ps7_cortexa9_0/include/task.h:345:198: warning: passing argument 6 of 'xTaskGenericCreate' from incompatible pointer type
 #define xTaskCreate( pvTaskCode, pcName, usStackDepth, pvParameters, uxPriority, pxCreatedTask ) xTaskGenericCreate( ( pvTaskCode ), ( pcName ), ( usStackDepth ), ( pvParameters ), ( uxPriority ), ( pxCreatedTask ), ( NULL ), ( NULL ) )
                                                                                                                                                                                                      ^
../src/audioPlayer.c:104:2: note: in expansion of macro 'xTaskCreate'
  xTaskCreate( audioPlayer_task, ( signed char * ) "HW", configMINIMAL_STACK_SIZE, pThis, tskIDLE_PRIORITY + 1 , pThis );
  ^
../../freertos_bsp_3_1_1/ps7_cortexa9_0/include/task.h:1986:12: note: expected 'void ** const' but argument is of type 'struct audioPlayer_t *'
 BaseType_t xTaskGenericCreate( TaskFunction_t pxTaskCode, const char * const pcName, const uint16_t usStackDepth, void * const pvParameters, UBaseType_t uxPriority, TaskHandle_t * const pxCreatedTask, StackType_t * const puxStackBuffer, const MemoryRegion_t * const xRegions ) PRIVILEGED_FUNCTION; /*lint !e971 Unqualified char types are allowed for strings and single characters only. */
            ^
Finished building: ../src/audioPlayer.c
 
Building file: ../src/audioRx.c
Invoking: ARM gcc compiler
arm-xilinx-eabi-gcc -Wall -O0 -g3 -c -fmessage-length=0 -MT"src/audioRx.o" -I../../freertos_bsp_3_1_1/ps7_cortexa9_0/include -MMD -MP -MF"src/audioRx.d" -MT"src/audioRx.d" -o "src/audioRx.o" "../src/audioRx.c"
In file included from ../src/zedboard_freertos.h:16:0,
                 from ../src/bufferPool_d.h:23,
                 from ../src/audioRx.h:21,
                 from ../src/audioRx.c:18:
../../freertos_bsp_3_1_1/ps7_cortexa9_0/include/xbasic_types.h:115:2: warning: #warning The xbasics_type.h file is deprecated and users should use xil_types.h and xil_assert. [-Wcpp]
 #warning  The xbasics_type.h file is deprecated and users should use xil_types.h and xil_assert.
  ^
../../freertos_bsp_3_1_1/ps7_cortexa9_0/include/xbasic_types.h:116:2: warning: #warning Please refer the Standalone BSP UG647 for further details [-Wcpp]
 #warning  Please refer the Standalone BSP UG647 for further details
  ^
../src/audioRx.c: In function 'audioRx_get':
../src/audioRx.c:53:9: warning: unused variable 'i' [-Wunused-variable]
     int i = 0;
         ^
Finished building: ../src/audioRx.c
 
Building file: ../src/audioSample.c
Invoking: ARM gcc compiler
arm-xilinx-eabi-gcc -Wall -O0 -g3 -c -fmessage-length=0 -MT"src/audioSample.o" -I../../freertos_bsp_3_1_1/ps7_cortexa9_0/include -MMD -MP -MF"src/audioSample.d" -MT"src/audioSample.d" -o "src/audioSample.o" "../src/audioSample.c"
In file included from ../src/zedboard_freertos.h:16:0,
                 from ../src/adau1761.h:5,
                 from ../src/audioSample.c:18:
../../freertos_bsp_3_1_1/ps7_cortexa9_0/include/xbasic_types.h:115:2: warning: #warning The xbasics_type.h file is deprecated and users should use xil_types.h and xil_assert. [-Wcpp]
 #warning  The xbasics_type.h file is deprecated and users should use xil_types.h and xil_assert.
  ^
../../freertos_bsp_3_1_1/ps7_cortexa9_0/include/xbasic_types.h:116:2: warning: #warning Please refer the Standalone BSP UG647 for further details [-Wcpp]
 #warning  Please refer the Standalone BSP UG647 for further details
  ^
../src/audioSample.c: In function 'audioSample_init':
../src/audioSample.c:34:17: warning: assignment from incompatible pointer type
   pThis->pmem   = snd_samples;
                 ^
Finished building: ../src/audioSample.c
 
Building file: ../src/audioTx.c
Invoking: ARM gcc compiler
arm-xilinx-eabi-gcc -Wall -O0 -g3 -c -fmessage-length=0 -MT"src/audioTx.o" -I../../freertos_bsp_3_1_1/ps7_cortexa9_0/include -MMD -MP -MF"src/audioTx.d" -MT"src/audioTx.d" -o "src/audioTx.o" "../src/audioTx.c"
In file included from ../src/zedboard_freertos.h:16:0,
                 from ../src/bufferPool_d.h:23,
                 from ../src/audioTx.h:20,
                 from ../src/audioTx.c:18:
../../freertos_bsp_3_1_1/ps7_cortexa9_0/include/xbasic_types.h:115:2: warning: #warning The xbasics_type.h file is deprecated and users should use xil_types.h and xil_assert. [-Wcpp]
 #warning  The xbasics_type.h file is deprecated and users should use xil_types.h and xil_assert.
  ^
../../freertos_bsp_3_1_1/ps7_cortexa9_0/include/xbasic_types.h:116:2: warning: #warning Please refer the Standalone BSP UG647 for further details [-Wcpp]
 #warning  Please refer the Standalone BSP UG647 for further details
  ^
Finished building: ../src/audioTx.c
 
Building file: ../src/bufferPool_d.c
Invoking: ARM gcc compiler
arm-xilinx-eabi-gcc -Wall -O0 -g3 -c -fmessage-length=0 -MT"src/bufferPool_d.o" -I../../freertos_bsp_3_1_1/ps7_cortexa9_0/include -MMD -MP -MF"src/bufferPool_d.d" -MT"src/bufferPool_d.d" -o "src/bufferPool_d.o" "../src/bufferPool_d.c"
In file included from ../src/zedboard_freertos.h:16:0,
                 from ../src/bufferPool_d.h:23,
                 from ../src/bufferPool_d.c:17:
../../freertos_bsp_3_1_1/ps7_cortexa9_0/include/xbasic_types.h:115:2: warning: #warning The xbasics_type.h file is deprecated and users should use xil_types.h and xil_assert. [-Wcpp]
 #warning  The xbasics_type.h file is deprecated and users should use xil_types.h and xil_assert.
  ^
../../freertos_bsp_3_1_1/ps7_cortexa9_0/include/xbasic_types.h:116:2: warning: #warning Please refer the Standalone BSP UG647 for further details [-Wcpp]
 #warning  Please refer the Standalone BSP UG647 for further details
  ^
In file included from ../src/zedboard_freertos.h:3:0,
                 from ../src/bufferPool_d.h:23,
                 from ../src/bufferPool_d.c:17:
../src/bufferPool_d.c: In function 'bufferPool_d_release_from_ISR':
../../freertos_bsp_3_1_1/ps7_cortexa9_0/include/queue.h:1261:136: warning: passing argument 3 of 'xQueueGenericSendFromISR' makes pointer from integer without a cast
 #define xQueueSendFromISR( xQueue, pvItemToQueue, pxHigherPriorityTaskWoken ) xQueueGenericSendFromISR( ( xQueue ), ( pvItemToQueue ), ( pxHigherPriorityTaskWoken ), queueSEND_TO_BACK )
                                                                                                                                        ^
../src/bufferPool_d.c:142:5: note: in expansion of macro 'xQueueSendFromISR'
  if(xQueueSendFromISR( pThis->freeList, &pChunk, ( TickType_t ) 10 ) != pdPASS) {
     ^
../../freertos_bsp_3_1_1/ps7_cortexa9_0/include/queue.h:1340:12: note: expected 'BaseType_t * const' but argument is of type 'long unsigned int'
 BaseType_t xQueueGenericSendFromISR( QueueHandle_t xQueue, const void * const pvItemToQueue, BaseType_t * const pxHigherPriorityTaskWoken, const BaseType_t xCopyPosition ) PRIVILEGED_FUNCTION;
            ^
Finished building: ../src/bufferPool_d.c
 
Building file: ../src/chunk_d.c
Invoking: ARM gcc compiler
arm-xilinx-eabi-gcc -Wall -O0 -g3 -c -fmessage-length=0 -MT"src/chunk_d.o" -I../../freertos_bsp_3_1_1/ps7_cortexa9_0/include -MMD -MP -MF"src/chunk_d.d" -MT"src/chunk_d.d" -o "src/chunk_d.o" "../src/chunk_d.c"
Finished building: ../src/chunk_d.c
 
Building file: ../src/main.c
Invoking: ARM gcc compiler
arm-xilinx-eabi-gcc -Wall -O0 -g3 -c -fmessage-length=0 -MT"src/main.o" -I../../freertos_bsp_3_1_1/ps7_cortexa9_0/include -MMD -MP -MF"src/main.d" -MT"src/main.d" -o "src/main.o" "../src/main.c"
In file included from ../src/zedboard_freertos.h:16:0,
                 from ../src/bufferPool_d.h:23,
                 from ../src/audioPlayer.h:21,
                 from ../src/main.c:24:
../../freertos_bsp_3_1_1/ps7_cortexa9_0/include/xbasic_types.h:115:2: warning: #warning The xbasics_type.h file is deprecated and users should use xil_types.h and xil_assert. [-Wcpp]
 #warning  The xbasics_type.h file is deprecated and users should use xil_types.h and xil_assert.
  ^
../../freertos_bsp_3_1_1/ps7_cortexa9_0/include/xbasic_types.h:116:2: warning: #warning Please refer the Standalone BSP UG647 for further details [-Wcpp]
 #warning  Please refer the Standalone BSP UG647 for further details
  ^
Finished building: ../src/main.c
 
Building file: ../src/snd_sample.c
Invoking: ARM gcc compiler
arm-xilinx-eabi-gcc -Wall -O0 -g3 -c -fmessage-length=0 -MT"src/snd_sample.o" -I../../freertos_bsp_3_1_1/ps7_cortexa9_0/include -MMD -MP -MF"src/snd_sample.d" -MT"src/snd_sample.d" -o "src/snd_sample.o" "../src/snd_sample.c"
Finished building: ../src/snd_sample.c
 
Building target: audio_proj.elf
Invoking: ARM gcc linker
arm-xilinx-eabi-gcc -Wl,-T -Wl,../src/lscript.ld -L../../freertos_bsp_3_1_1/ps7_cortexa9_0/lib -o "audio_proj.elf"  ./src/adau1761.o ./src/audioPlayer.o ./src/audioRx.o ./src/audioSample.o ./src/audioTx.o ./src/bufferPool_d.o ./src/chunk_d.o ./src/main.o ./src/snd_sample.o   -Wl,--start-group,-lxil,-lfreertos,-lgcc,-lc,--end-group
Finished building target: audio_proj.elf
 
Invoking: ARM Print Size
arm-xilinx-eabi-size audio_proj.elf  |tee "audio_proj.elf.size"
   text	   data	    bss	    dec	    hex	filename
 105716	1148888	  88924	1343528	 148028	audio_proj.elf
Finished building: audio_proj.elf.size
 
17:58:09 **** Incremental Build of configuration Debug for project audio_proj ****
make all 
make: Nothing to be done for `all'.
17:58:10 **** Incremental Build of configuration Debug for project test_proj ****
make all 
make: Nothing to be done for `all'.
17:59:04 **** Incremental Build of configuration Debug for project audio_proj ****
make all 
make: Nothing to be done for `all'.
17:59:04 **** Incremental Build of configuration Debug for project test_proj ****
make all 
make: Nothing to be done for `all'.
17:59:27 **** Auto Build of configuration Debug for project audio_proj ****
make all 
Building file: ../src/adau1761.c
Invoking: ARM gcc compiler
arm-xilinx-eabi-gcc -Wall -O0 -g3 -c -fmessage-length=0 -MT"src/adau1761.o" -I../../freertos_bsp_3_1_1/ps7_cortexa9_0/include -MMD -MP -MF"src/adau1761.d" -MT"src/adau1761.d" -o "src/adau1761.o" "../src/adau1761.c"
In file included from ../src/zedboard_freertos.h:16:0,
                 from ../src/bufferPool_d.h:23,
                 from ../src/audioPlayer.h:21,
                 from ../src/adau1761.c:1:
../../freertos_bsp_3_1_1/ps7_cortexa9_0/include/xbasic_types.h:115:2: warning: #warning The xbasics_type.h file is deprecated and users should use xil_types.h and xil_assert. [-Wcpp]
 #warning  The xbasics_type.h file is deprecated and users should use xil_types.h and xil_assert.
  ^
../../freertos_bsp_3_1_1/ps7_cortexa9_0/include/xbasic_types.h:116:2: warning: #warning Please refer the Standalone BSP UG647 for further details [-Wcpp]
 #warning  Please refer the Standalone BSP UG647 for further details
  ^
Finished building: ../src/adau1761.c
 
Building target: audio_proj.elf
Invoking: ARM gcc linker
arm-xilinx-eabi-gcc -Wl,-T -Wl,../src/lscript.ld -L../../freertos_bsp_3_1_1/ps7_cortexa9_0/lib -o "audio_proj.elf"  ./src/adau1761.o ./src/audioPlayer.o ./src/audioRx.o ./src/audioSample.o ./src/audioTx.o ./src/bufferPool_d.o ./src/chunk_d.o ./src/main.o ./src/snd_sample.o   -Wl,--start-group,-lxil,-lfreertos,-lgcc,-lc,--end-group
Finished building target: audio_proj.elf
 
Invoking: ARM Print Size
arm-xilinx-eabi-size audio_proj.elf  |tee "audio_proj.elf.size"
   text	   data	    bss	    dec	    hex	filename
 105716	1148888	  88924	1343528	 148028	audio_proj.elf
Finished building: audio_proj.elf.size
 
17:59:32 **** Incremental Build of configuration Debug for project audio_proj ****
make all 
make: Nothing to be done for `all'.
17:59:32 **** Incremental Build of configuration Debug for project test_proj ****
make all 
make: Nothing to be done for `all'.
18:09:02 **** Auto Build of configuration Debug for project audio_proj ****
make all 
Building file: ../src/adau1761.c
Invoking: ARM gcc compiler
arm-xilinx-eabi-gcc -Wall -O0 -g3 -c -fmessage-length=0 -MT"src/adau1761.o" -I../../freertos_bsp_3_1_1/ps7_cortexa9_0/include -MMD -MP -MF"src/adau1761.d" -MT"src/adau1761.d" -o "src/adau1761.o" "../src/adau1761.c"
In file included from ../src/zedboard_freertos.h:16:0,
                 from ../src/bufferPool_d.h:23,
                 from ../src/audioPlayer.h:21,
                 from ../src/adau1761.c:1:
../../freertos_bsp_3_1_1/ps7_cortexa9_0/include/xbasic_types.h:115:2: warning: #warning The xbasics_type.h file is deprecated and users should use xil_types.h and xil_assert. [-Wcpp]
 #warning  The xbasics_type.h file is deprecated and users should use xil_types.h and xil_assert.
  ^
../../freertos_bsp_3_1_1/ps7_cortexa9_0/include/xbasic_types.h:116:2: warning: #warning Please refer the Standalone BSP UG647 for further details [-Wcpp]
 #warning  Please refer the Standalone BSP UG647 for further details
  ^
Finished building: ../src/adau1761.c
 
Building target: audio_proj.elf
Invoking: ARM gcc linker
arm-xilinx-eabi-gcc -Wl,-T -Wl,../src/lscript.ld -L../../freertos_bsp_3_1_1/ps7_cortexa9_0/lib -o "audio_proj.elf"  ./src/adau1761.o ./src/audioPlayer.o ./src/audioRx.o ./src/audioSample.o ./src/audioTx.o ./src/bufferPool_d.o ./src/chunk_d.o ./src/main.o ./src/snd_sample.o   -Wl,--start-group,-lxil,-lfreertos,-lgcc,-lc,--end-group
Finished building target: audio_proj.elf
 
Invoking: ARM Print Size
arm-xilinx-eabi-size audio_proj.elf  |tee "audio_proj.elf.size"
   text	   data	    bss	    dec	    hex	filename
 105780	1148888	  88924	1343592	 148068	audio_proj.elf
Finished building: audio_proj.elf.size
 
18:09:13 **** Auto Build of configuration Debug for project audio_proj ****
make all 
Building file: ../src/audioSample.c
Invoking: ARM gcc compiler
arm-xilinx-eabi-gcc -Wall -O0 -g3 -c -fmessage-length=0 -MT"src/audioSample.o" -I../../freertos_bsp_3_1_1/ps7_cortexa9_0/include -MMD -MP -MF"src/audioSample.d" -MT"src/audioSample.d" -o "src/audioSample.o" "../src/audioSample.c"
In file included from ../src/zedboard_freertos.h:16:0,
                 from ../src/adau1761.h:5,
                 from ../src/audioSample.c:18:
../../freertos_bsp_3_1_1/ps7_cortexa9_0/include/xbasic_types.h:115:2: warning: #warning The xbasics_type.h file is deprecated and users should use xil_types.h and xil_assert. [-Wcpp]
 #warning  The xbasics_type.h file is deprecated and users should use xil_types.h and xil_assert.
  ^
../../freertos_bsp_3_1_1/ps7_cortexa9_0/include/xbasic_types.h:116:2: warning: #warning Please refer the Standalone BSP UG647 for further details [-Wcpp]
 #warning  Please refer the Standalone BSP UG647 for further details
  ^
../src/audioSample.c: In function 'audioSample_init':
../src/audioSample.c:34:17: warning: assignment from incompatible pointer type
   pThis->pmem   = snd_samples;
                 ^
Finished building: ../src/audioSample.c
 
Building target: audio_proj.elf
Invoking: ARM gcc linker
arm-xilinx-eabi-gcc -Wl,-T -Wl,../src/lscript.ld -L../../freertos_bsp_3_1_1/ps7_cortexa9_0/lib -o "audio_proj.elf"  ./src/adau1761.o ./src/audioPlayer.o ./src/audioRx.o ./src/audioSample.o ./src/audioTx.o ./src/bufferPool_d.o ./src/chunk_d.o ./src/main.o ./src/snd_sample.o   -Wl,--start-group,-lxil,-lfreertos,-lgcc,-lc,--end-group
Finished building target: audio_proj.elf
 
Invoking: ARM Print Size
arm-xilinx-eabi-size audio_proj.elf  |tee "audio_proj.elf.size"
   text	   data	    bss	    dec	    hex	filename
 105780	1148888	  88924	1343592	 148068	audio_proj.elf
Finished building: audio_proj.elf.size
 
18:09:27 **** Auto Build of configuration Debug for project audio_proj ****
make all 
Building file: ../src/audioSample.c
Invoking: ARM gcc compiler
arm-xilinx-eabi-gcc -Wall -O0 -g3 -c -fmessage-length=0 -MT"src/audioSample.o" -I../../freertos_bsp_3_1_1/ps7_cortexa9_0/include -MMD -MP -MF"src/audioSample.d" -MT"src/audioSample.d" -o "src/audioSample.o" "../src/audioSample.c"
In file included from ../src/zedboard_freertos.h:16:0,
                 from ../src/adau1761.h:5,
                 from ../src/audioSample.c:18:
../../freertos_bsp_3_1_1/ps7_cortexa9_0/include/xbasic_types.h:115:2: warning: #warning The xbasics_type.h file is deprecated and users should use xil_types.h and xil_assert. [-Wcpp]
 #warning  The xbasics_type.h file is deprecated and users should use xil_types.h and xil_assert.
  ^
../../freertos_bsp_3_1_1/ps7_cortexa9_0/include/xbasic_types.h:116:2: warning: #warning Please refer the Standalone BSP UG647 for further details [-Wcpp]
 #warning  Please refer the Standalone BSP UG647 for further details
  ^
../src/audioSample.c: In function 'audioSample_init':
../src/audioSample.c:34:17: warning: assignment from incompatible pointer type
   pThis->pmem   = snd_samples;
                 ^
../src/audioSample.c: In function 'audioSample_get':
../src/audioSample.c:53:6: warning: unused variable 'rx_vac' [-Wunused-variable]
  u32 rx_vac = *((volatile u32 *) (FIFO_BASE_ADDR + FIFO_RX_VAC));
      ^
Finished building: ../src/audioSample.c
 
Building target: audio_proj.elf
Invoking: ARM gcc linker
arm-xilinx-eabi-gcc -Wl,-T -Wl,../src/lscript.ld -L../../freertos_bsp_3_1_1/ps7_cortexa9_0/lib -o "audio_proj.elf"  ./src/adau1761.o ./src/audioPlayer.o ./src/audioRx.o ./src/audioSample.o ./src/audioTx.o ./src/bufferPool_d.o ./src/chunk_d.o ./src/main.o ./src/snd_sample.o   -Wl,--start-group,-lxil,-lfreertos,-lgcc,-lc,--end-group
Finished building target: audio_proj.elf
 
Invoking: ARM Print Size
arm-xilinx-eabi-size audio_proj.elf  |tee "audio_proj.elf.size"
   text	   data	    bss	    dec	    hex	filename
 105764	1148888	  88924	1343576	 148058	audio_proj.elf
Finished building: audio_proj.elf.size
 
18:09:30 **** Auto Build of configuration Debug for project audio_proj ****
make all 
Building file: ../src/audioSample.c
Invoking: ARM gcc compiler
arm-xilinx-eabi-gcc -Wall -O0 -g3 -c -fmessage-length=0 -MT"src/audioSample.o" -I../../freertos_bsp_3_1_1/ps7_cortexa9_0/include -MMD -MP -MF"src/audioSample.d" -MT"src/audioSample.d" -o "src/audioSample.o" "../src/audioSample.c"
In file included from ../src/zedboard_freertos.h:16:0,
                 from ../src/adau1761.h:5,
                 from ../src/audioSample.c:18:
../../freertos_bsp_3_1_1/ps7_cortexa9_0/include/xbasic_types.h:115:2: warning: #warning The xbasics_type.h file is deprecated and users should use xil_types.h and xil_assert. [-Wcpp]
 #warning  The xbasics_type.h file is deprecated and users should use xil_types.h and xil_assert.
  ^
../../freertos_bsp_3_1_1/ps7_cortexa9_0/include/xbasic_types.h:116:2: warning: #warning Please refer the Standalone BSP UG647 for further details [-Wcpp]
 #warning  Please refer the Standalone BSP UG647 for further details
  ^
../src/audioSample.c: In function 'audioSample_init':
../src/audioSample.c:34:17: warning: assignment from incompatible pointer type
   pThis->pmem   = snd_samples;
                 ^
../src/audioSample.c: In function 'audioSample_get':
../src/audioSample.c:62:3: warning: format '%u' expects argument of type 'unsigned int', but argument 2 has type 'u32' [-Wformat=]
   printf("vac: %u\n", rx_vac);
   ^
../src/audioSample.c:62:3: warning: format '%u' expects argument of type 'unsigned int', but argument 2 has type 'u32' [-Wformat=]
Finished building: ../src/audioSample.c
 
Building target: audio_proj.elf
Invoking: ARM gcc linker
arm-xilinx-eabi-gcc -Wl,-T -Wl,../src/lscript.ld -L../../freertos_bsp_3_1_1/ps7_cortexa9_0/lib -o "audio_proj.elf"  ./src/adau1761.o ./src/audioPlayer.o ./src/audioRx.o ./src/audioSample.o ./src/audioTx.o ./src/bufferPool_d.o ./src/chunk_d.o ./src/main.o ./src/snd_sample.o   -Wl,--start-group,-lxil,-lfreertos,-lgcc,-lc,--end-group
Finished building target: audio_proj.elf
 
Invoking: ARM Print Size
arm-xilinx-eabi-size audio_proj.elf  |tee "audio_proj.elf.size"
   text	   data	    bss	    dec	    hex	filename
 105780	1148888	  88924	1343592	 148068	audio_proj.elf
Finished building: audio_proj.elf.size
 
18:09:32 **** Incremental Build of configuration Debug for project audio_proj ****
make all 
make: Nothing to be done for `all'.
18:09:33 **** Incremental Build of configuration Debug for project test_proj ****
make all 
make: Nothing to be done for `all'.
18:09:59 **** Incremental Build of configuration Debug for project audio_proj ****
make all 
make: Nothing to be done for `all'.
18:10:00 **** Incremental Build of configuration Debug for project test_proj ****
make all 
make: Nothing to be done for `all'.
18:10:18 **** Auto Build of configuration Debug for project audio_proj ****
make all 
Building file: ../src/audioSample.c
Invoking: ARM gcc compiler
arm-xilinx-eabi-gcc -Wall -O0 -g3 -c -fmessage-length=0 -MT"src/audioSample.o" -I../../freertos_bsp_3_1_1/ps7_cortexa9_0/include -MMD -MP -MF"src/audioSample.d" -MT"src/audioSample.d" -o "src/audioSample.o" "../src/audioSample.c"
In file included from ../src/zedboard_freertos.h:16:0,
                 from ../src/adau1761.h:5,
                 from ../src/audioSample.c:18:
../../freertos_bsp_3_1_1/ps7_cortexa9_0/include/xbasic_types.h:115:2: warning: #warning The xbasics_type.h file is deprecated and users should use xil_types.h and xil_assert. [-Wcpp]
 #warning  The xbasics_type.h file is deprecated and users should use xil_types.h and xil_assert.
  ^
../../freertos_bsp_3_1_1/ps7_cortexa9_0/include/xbasic_types.h:116:2: warning: #warning Please refer the Standalone BSP UG647 for further details [-Wcpp]
 #warning  Please refer the Standalone BSP UG647 for further details
  ^
../src/audioSample.c: In function 'audioSample_init':
../src/audioSample.c:34:17: warning: assignment from incompatible pointer type
   pThis->pmem   = snd_samples;
                 ^
../src/audioSample.c: In function 'audioSample_get':
../src/audioSample.c:62:3: warning: format '%u' expects argument of type 'unsigned int', but argument 2 has type 'u32' [-Wformat=]
   printf("vac: %u\n", rx_vac);
   ^
../src/audioSample.c:62:3: warning: format '%u' expects argument of type 'unsigned int', but argument 2 has type 'u32' [-Wformat=]
Finished building: ../src/audioSample.c
 
Building target: audio_proj.elf
Invoking: ARM gcc linker
arm-xilinx-eabi-gcc -Wl,-T -Wl,../src/lscript.ld -L../../freertos_bsp_3_1_1/ps7_cortexa9_0/lib -o "audio_proj.elf"  ./src/adau1761.o ./src/audioPlayer.o ./src/audioRx.o ./src/audioSample.o ./src/audioTx.o ./src/bufferPool_d.o ./src/chunk_d.o ./src/main.o ./src/snd_sample.o   -Wl,--start-group,-lxil,-lfreertos,-lgcc,-lc,--end-group
Finished building target: audio_proj.elf
 
Invoking: ARM Print Size
arm-xilinx-eabi-size audio_proj.elf  |tee "audio_proj.elf.size"
   text	   data	    bss	    dec	    hex	filename
 105780	1148888	  88924	1343592	 148068	audio_proj.elf
Finished building: audio_proj.elf.size
 
18:10:29 **** Incremental Build of configuration Debug for project audio_proj ****
make all 
make: Nothing to be done for `all'.
18:10:30 **** Incremental Build of configuration Debug for project test_proj ****
make all 
make: Nothing to be done for `all'.
18:13:41 **** Auto Build of configuration Debug for project audio_proj ****
make all 
Building file: ../src/audioSample.c
Invoking: ARM gcc compiler
arm-xilinx-eabi-gcc -Wall -O0 -g3 -c -fmessage-length=0 -MT"src/audioSample.o" -I../../freertos_bsp_3_1_1/ps7_cortexa9_0/include -MMD -MP -MF"src/audioSample.d" -MT"src/audioSample.d" -o "src/audioSample.o" "../src/audioSample.c"
In file included from ../src/zedboard_freertos.h:16:0,
                 from ../src/adau1761.h:5,
                 from ../src/audioSample.c:18:
../../freertos_bsp_3_1_1/ps7_cortexa9_0/include/xbasic_types.h:115:2: warning: #warning The xbasics_type.h file is deprecated and users should use xil_types.h and xil_assert. [-Wcpp]
 #warning  The xbasics_type.h file is deprecated and users should use xil_types.h and xil_assert.
  ^
../../freertos_bsp_3_1_1/ps7_cortexa9_0/include/xbasic_types.h:116:2: warning: #warning Please refer the Standalone BSP UG647 for further details [-Wcpp]
 #warning  Please refer the Standalone BSP UG647 for further details
  ^
../src/audioSample.c: In function 'audioSample_init':
../src/audioSample.c:34:17: warning: assignment from incompatible pointer type
   pThis->pmem   = snd_samples;
                 ^
Finished building: ../src/audioSample.c
 
Building target: audio_proj.elf
Invoking: ARM gcc linker
arm-xilinx-eabi-gcc -Wl,-T -Wl,../src/lscript.ld -L../../freertos_bsp_3_1_1/ps7_cortexa9_0/lib -o "audio_proj.elf"  ./src/adau1761.o ./src/audioPlayer.o ./src/audioRx.o ./src/audioSample.o ./src/audioTx.o ./src/bufferPool_d.o ./src/chunk_d.o ./src/main.o ./src/snd_sample.o   -Wl,--start-group,-lxil,-lfreertos,-lgcc,-lc,--end-group
Finished building target: audio_proj.elf
 
Invoking: ARM Print Size
arm-xilinx-eabi-size audio_proj.elf  |tee "audio_proj.elf.size"
   text	   data	    bss	    dec	    hex	filename
 105700	1148888	  88924	1343512	 148018	audio_proj.elf
Finished building: audio_proj.elf.size
 
18:13:56 **** Auto Build of configuration Debug for project audio_proj ****
make all 
Building file: ../src/audioSample.c
Invoking: ARM gcc compiler
arm-xilinx-eabi-gcc -Wall -O0 -g3 -c -fmessage-length=0 -MT"src/audioSample.o" -I../../freertos_bsp_3_1_1/ps7_cortexa9_0/include -MMD -MP -MF"src/audioSample.d" -MT"src/audioSample.d" -o "src/audioSample.o" "../src/audioSample.c"
In file included from ../src/zedboard_freertos.h:16:0,
                 from ../src/adau1761.h:5,
                 from ../src/audioSample.c:18:
../../freertos_bsp_3_1_1/ps7_cortexa9_0/include/xbasic_types.h:115:2: warning: #warning The xbasics_type.h file is deprecated and users should use xil_types.h and xil_assert. [-Wcpp]
 #warning  The xbasics_type.h file is deprecated and users should use xil_types.h and xil_assert.
  ^
../../freertos_bsp_3_1_1/ps7_cortexa9_0/include/xbasic_types.h:116:2: warning: #warning Please refer the Standalone BSP UG647 for further details [-Wcpp]
 #warning  Please refer the Standalone BSP UG647 for further details
  ^
../src/audioSample.c: In function 'audioSample_init':
../src/audioSample.c:34:17: warning: assignment from incompatible pointer type
   pThis->pmem   = snd_samples;
                 ^
Finished building: ../src/audioSample.c
 
Building target: audio_proj.elf
Invoking: ARM gcc linker
arm-xilinx-eabi-gcc -Wl,-T -Wl,../src/lscript.ld -L../../freertos_bsp_3_1_1/ps7_cortexa9_0/lib -o "audio_proj.elf"  ./src/adau1761.o ./src/audioPlayer.o ./src/audioRx.o ./src/audioSample.o ./src/audioTx.o ./src/bufferPool_d.o ./src/chunk_d.o ./src/main.o ./src/snd_sample.o   -Wl,--start-group,-lxil,-lfreertos,-lgcc,-lc,--end-group
Finished building target: audio_proj.elf
 
Invoking: ARM Print Size
arm-xilinx-eabi-size audio_proj.elf  |tee "audio_proj.elf.size"
   text	   data	    bss	    dec	    hex	filename
 105780	1148888	  88924	1343592	 148068	audio_proj.elf
Finished building: audio_proj.elf.size
 
18:14:00 **** Incremental Build of configuration Debug for project audio_proj ****
make all 
make: Nothing to be done for `all'.
18:14:00 **** Incremental Build of configuration Debug for project test_proj ****
make all 
make: Nothing to be done for `all'.
18:14:15 **** Auto Build of configuration Debug for project audio_proj ****
make all 
Building file: ../src/audioSample.c
Invoking: ARM gcc compiler
arm-xilinx-eabi-gcc -Wall -O0 -g3 -c -fmessage-length=0 -MT"src/audioSample.o" -I../../freertos_bsp_3_1_1/ps7_cortexa9_0/include -MMD -MP -MF"src/audioSample.d" -MT"src/audioSample.d" -o "src/audioSample.o" "../src/audioSample.c"
In file included from ../src/zedboard_freertos.h:16:0,
                 from ../src/adau1761.h:5,
                 from ../src/audioSample.c:18:
../../freertos_bsp_3_1_1/ps7_cortexa9_0/include/xbasic_types.h:115:2: warning: #warning The xbasics_type.h file is deprecated and users should use xil_types.h and xil_assert. [-Wcpp]
 #warning  The xbasics_type.h file is deprecated and users should use xil_types.h and xil_assert.
  ^
../../freertos_bsp_3_1_1/ps7_cortexa9_0/include/xbasic_types.h:116:2: warning: #warning Please refer the Standalone BSP UG647 for further details [-Wcpp]
 #warning  Please refer the Standalone BSP UG647 for further details
  ^
../src/audioSample.c: In function 'audioSample_init':
../src/audioSample.c:34:17: warning: assignment from incompatible pointer type
   pThis->pmem   = snd_samples;
                 ^
Finished building: ../src/audioSample.c
 
Building target: audio_proj.elf
Invoking: ARM gcc linker
arm-xilinx-eabi-gcc -Wl,-T -Wl,../src/lscript.ld -L../../freertos_bsp_3_1_1/ps7_cortexa9_0/lib -o "audio_proj.elf"  ./src/adau1761.o ./src/audioPlayer.o ./src/audioRx.o ./src/audioSample.o ./src/audioTx.o ./src/bufferPool_d.o ./src/chunk_d.o ./src/main.o ./src/snd_sample.o   -Wl,--start-group,-lxil,-lfreertos,-lgcc,-lc,--end-group
Finished building target: audio_proj.elf
 
Invoking: ARM Print Size
arm-xilinx-eabi-size audio_proj.elf  |tee "audio_proj.elf.size"
   text	   data	    bss	    dec	    hex	filename
 105780	1148888	  88924	1343592	 148068	audio_proj.elf
Finished building: audio_proj.elf.size
 
18:14:18 **** Incremental Build of configuration Debug for project audio_proj ****
make all 
make: Nothing to be done for `all'.
18:14:18 **** Incremental Build of configuration Debug for project test_proj ****
make all 
make: Nothing to be done for `all'.
18:14:39 **** Incremental Build of configuration Debug for project audio_proj ****
make all 
make: Nothing to be done for `all'.
18:14:39 **** Incremental Build of configuration Debug for project test_proj ****
make all 
make: Nothing to be done for `all'.
18:14:50 **** Auto Build of configuration Debug for project audio_proj ****
make all 
Building file: ../src/audioSample.c
Invoking: ARM gcc compiler
arm-xilinx-eabi-gcc -Wall -O0 -g3 -c -fmessage-length=0 -MT"src/audioSample.o" -I../../freertos_bsp_3_1_1/ps7_cortexa9_0/include -MMD -MP -MF"src/audioSample.d" -MT"src/audioSample.d" -o "src/audioSample.o" "../src/audioSample.c"
In file included from ../src/zedboard_freertos.h:16:0,
                 from ../src/adau1761.h:5,
                 from ../src/audioSample.c:18:
../../freertos_bsp_3_1_1/ps7_cortexa9_0/include/xbasic_types.h:115:2: warning: #warning The xbasics_type.h file is deprecated and users should use xil_types.h and xil_assert. [-Wcpp]
 #warning  The xbasics_type.h file is deprecated and users should use xil_types.h and xil_assert.
  ^
../../freertos_bsp_3_1_1/ps7_cortexa9_0/include/xbasic_types.h:116:2: warning: #warning Please refer the Standalone BSP UG647 for further details [-Wcpp]
 #warning  Please refer the Standalone BSP UG647 for further details
  ^
../src/audioSample.c: In function 'audioSample_init':
../src/audioSample.c:34:17: warning: assignment from incompatible pointer type
   pThis->pmem   = snd_samples;
                 ^
Finished building: ../src/audioSample.c
 
Building target: audio_proj.elf
Invoking: ARM gcc linker
arm-xilinx-eabi-gcc -Wl,-T -Wl,../src/lscript.ld -L../../freertos_bsp_3_1_1/ps7_cortexa9_0/lib -o "audio_proj.elf"  ./src/adau1761.o ./src/audioPlayer.o ./src/audioRx.o ./src/audioSample.o ./src/audioTx.o ./src/bufferPool_d.o ./src/chunk_d.o ./src/main.o ./src/snd_sample.o   -Wl,--start-group,-lxil,-lfreertos,-lgcc,-lc,--end-group
Finished building target: audio_proj.elf
 
Invoking: ARM Print Size
arm-xilinx-eabi-size audio_proj.elf  |tee "audio_proj.elf.size"
   text	   data	    bss	    dec	    hex	filename
 105780	1148888	  88924	1343592	 148068	audio_proj.elf
Finished building: audio_proj.elf.size
 
18:14:52 **** Incremental Build of configuration Debug for project audio_proj ****
make all 
make: Nothing to be done for `all'.
18:14:52 **** Incremental Build of configuration Debug for project test_proj ****
make all 
make: Nothing to be done for `all'.
18:22:44 **** Auto Build of configuration Debug for project audio_proj ****
make all 
Building file: ../src/audioPlayer.c
Invoking: ARM gcc compiler
arm-xilinx-eabi-gcc -Wall -O0 -g3 -c -fmessage-length=0 -MT"src/audioPlayer.o" -I../../freertos_bsp_3_1_1/ps7_cortexa9_0/include -MMD -MP -MF"src/audioPlayer.d" -MT"src/audioPlayer.d" -o "src/audioPlayer.o" "../src/audioPlayer.c"
In file included from ../src/zedboard_freertos.h:16:0,
                 from ../src/bufferPool_d.h:23,
                 from ../src/audioPlayer.h:21,
                 from ../src/audioPlayer.c:19:
../../freertos_bsp_3_1_1/ps7_cortexa9_0/include/xbasic_types.h:115:2: warning: #warning The xbasics_type.h file is deprecated and users should use xil_types.h and xil_assert. [-Wcpp]
 #warning  The xbasics_type.h file is deprecated and users should use xil_types.h and xil_assert.
  ^
../../freertos_bsp_3_1_1/ps7_cortexa9_0/include/xbasic_types.h:116:2: warning: #warning Please refer the Standalone BSP UG647 for further details [-Wcpp]
 #warning  Please refer the Standalone BSP UG647 for further details
  ^
In file included from ../src/zedboard_freertos.h:2:0,
                 from ../src/bufferPool_d.h:23,
                 from ../src/audioPlayer.h:21,
                 from ../src/audioPlayer.c:19:
../src/audioPlayer.c: In function 'audioPlayer_start':
../../freertos_bsp_3_1_1/ps7_cortexa9_0/include/task.h:345:134: warning: pointer targets in passing argument 2 of 'xTaskGenericCreate' differ in signedness [-Wpointer-sign]
 #define xTaskCreate( pvTaskCode, pcName, usStackDepth, pvParameters, uxPriority, pxCreatedTask ) xTaskGenericCreate( ( pvTaskCode ), ( pcName ), ( usStackDepth ), ( pvParameters ), ( uxPriority ), ( pxCreatedTask ), ( NULL ), ( NULL ) )
                                                                                                                                      ^
../src/audioPlayer.c:104:2: note: in expansion of macro 'xTaskCreate'
  xTaskCreate( audioPlayer_task, ( signed char * ) "HW", configMINIMAL_STACK_SIZE, pThis, tskIDLE_PRIORITY + 1 , pThis );
  ^
../../freertos_bsp_3_1_1/ps7_cortexa9_0/include/task.h:1986:12: note: expected 'const char * const' but argument is of type 'signed char *'
 BaseType_t xTaskGenericCreate( TaskFunction_t pxTaskCode, const char * const pcName, const uint16_t usStackDepth, void * const pvParameters, UBaseType_t uxPriority, TaskHandle_t * const pxCreatedTask, StackType_t * const puxStackBuffer, const MemoryRegion_t * const xRegions ) PRIVILEGED_FUNCTION; /*lint !e971 Unqualified char types are allowed for strings and single characters only. */
            ^
../../freertos_bsp_3_1_1/ps7_cortexa9_0/include/task.h:345:198: warning: passing argument 6 of 'xTaskGenericCreate' from incompatible pointer type
 #define xTaskCreate( pvTaskCode, pcName, usStackDepth, pvParameters, uxPriority, pxCreatedTask ) xTaskGenericCreate( ( pvTaskCode ), ( pcName ), ( usStackDepth ), ( pvParameters ), ( uxPriority ), ( pxCreatedTask ), ( NULL ), ( NULL ) )
                                                                                                                                                                                                      ^
../src/audioPlayer.c:104:2: note: in expansion of macro 'xTaskCreate'
  xTaskCreate( audioPlayer_task, ( signed char * ) "HW", configMINIMAL_STACK_SIZE, pThis, tskIDLE_PRIORITY + 1 , pThis );
  ^
../../freertos_bsp_3_1_1/ps7_cortexa9_0/include/task.h:1986:12: note: expected 'void ** const' but argument is of type 'struct audioPlayer_t *'
 BaseType_t xTaskGenericCreate( TaskFunction_t pxTaskCode, const char * const pcName, const uint16_t usStackDepth, void * const pvParameters, UBaseType_t uxPriority, TaskHandle_t * const pxCreatedTask, StackType_t * const puxStackBuffer, const MemoryRegion_t * const xRegions ) PRIVILEGED_FUNCTION; /*lint !e971 Unqualified char types are allowed for strings and single characters only. */
            ^
Finished building: ../src/audioPlayer.c
 
Building target: audio_proj.elf
Invoking: ARM gcc linker
arm-xilinx-eabi-gcc -Wl,-T -Wl,../src/lscript.ld -L../../freertos_bsp_3_1_1/ps7_cortexa9_0/lib -o "audio_proj.elf"  ./src/adau1761.o ./src/audioPlayer.o ./src/audioRx.o ./src/audioSample.o ./src/audioTx.o ./src/bufferPool_d.o ./src/chunk_d.o ./src/main.o ./src/snd_sample.o   -Wl,--start-group,-lxil,-lfreertos,-lgcc,-lc,--end-group
Finished building target: audio_proj.elf
 
Invoking: ARM Print Size
arm-xilinx-eabi-size audio_proj.elf  |tee "audio_proj.elf.size"
   text	   data	    bss	    dec	    hex	filename
 105716	1148888	  88924	1343528	 148028	audio_proj.elf
Finished building: audio_proj.elf.size
 
18:22:53 **** Auto Build of configuration Debug for project audio_proj ****
make all 
Building file: ../src/audioPlayer.c
Invoking: ARM gcc compiler
arm-xilinx-eabi-gcc -Wall -O0 -g3 -c -fmessage-length=0 -MT"src/audioPlayer.o" -I../../freertos_bsp_3_1_1/ps7_cortexa9_0/include -MMD -MP -MF"src/audioPlayer.d" -MT"src/audioPlayer.d" -o "src/audioPlayer.o" "../src/audioPlayer.c"
In file included from ../src/zedboard_freertos.h:16:0,
                 from ../src/bufferPool_d.h:23,
                 from ../src/audioPlayer.h:21,
                 from ../src/audioPlayer.c:19:
../../freertos_bsp_3_1_1/ps7_cortexa9_0/include/xbasic_types.h:115:2: warning: #warning The xbasics_type.h file is deprecated and users should use xil_types.h and xil_assert. [-Wcpp]
 #warning  The xbasics_type.h file is deprecated and users should use xil_types.h and xil_assert.
  ^
../../freertos_bsp_3_1_1/ps7_cortexa9_0/include/xbasic_types.h:116:2: warning: #warning Please refer the Standalone BSP UG647 for further details [-Wcpp]
 #warning  Please refer the Standalone BSP UG647 for further details
  ^
In file included from ../src/zedboard_freertos.h:2:0,
                 from ../src/bufferPool_d.h:23,
                 from ../src/audioPlayer.h:21,
                 from ../src/audioPlayer.c:19:
../src/audioPlayer.c: In function 'audioPlayer_start':
../../freertos_bsp_3_1_1/ps7_cortexa9_0/include/task.h:345:134: warning: pointer targets in passing argument 2 of 'xTaskGenericCreate' differ in signedness [-Wpointer-sign]
 #define xTaskCreate( pvTaskCode, pcName, usStackDepth, pvParameters, uxPriority, pxCreatedTask ) xTaskGenericCreate( ( pvTaskCode ), ( pcName ), ( usStackDepth ), ( pvParameters ), ( uxPriority ), ( pxCreatedTask ), ( NULL ), ( NULL ) )
                                                                                                                                      ^
../src/audioPlayer.c:104:2: note: in expansion of macro 'xTaskCreate'
  xTaskCreate( audioPlayer_task, ( signed char * ) "HW", configMINIMAL_STACK_SIZE, pThis, tskIDLE_PRIORITY + 1 , pThis );
  ^
../../freertos_bsp_3_1_1/ps7_cortexa9_0/include/task.h:1986:12: note: expected 'const char * const' but argument is of type 'signed char *'
 BaseType_t xTaskGenericCreate( TaskFunction_t pxTaskCode, const char * const pcName, const uint16_t usStackDepth, void * const pvParameters, UBaseType_t uxPriority, TaskHandle_t * const pxCreatedTask, StackType_t * const puxStackBuffer, const MemoryRegion_t * const xRegions ) PRIVILEGED_FUNCTION; /*lint !e971 Unqualified char types are allowed for strings and single characters only. */
            ^
../../freertos_bsp_3_1_1/ps7_cortexa9_0/include/task.h:345:198: warning: passing argument 6 of 'xTaskGenericCreate' from incompatible pointer type
 #define xTaskCreate( pvTaskCode, pcName, usStackDepth, pvParameters, uxPriority, pxCreatedTask ) xTaskGenericCreate( ( pvTaskCode ), ( pcName ), ( usStackDepth ), ( pvParameters ), ( uxPriority ), ( pxCreatedTask ), ( NULL ), ( NULL ) )
                                                                                                                                                                                                      ^
../src/audioPlayer.c:104:2: note: in expansion of macro 'xTaskCreate'
  xTaskCreate( audioPlayer_task, ( signed char * ) "HW", configMINIMAL_STACK_SIZE, pThis, tskIDLE_PRIORITY + 1 , pThis );
  ^
../../freertos_bsp_3_1_1/ps7_cortexa9_0/include/task.h:1986:12: note: expected 'void ** const' but argument is of type 'struct audioPlayer_t *'
 BaseType_t xTaskGenericCreate( TaskFunction_t pxTaskCode, const char * const pcName, const uint16_t usStackDepth, void * const pvParameters, UBaseType_t uxPriority, TaskHandle_t * const pxCreatedTask, StackType_t * const puxStackBuffer, const MemoryRegion_t * const xRegions ) PRIVILEGED_FUNCTION; /*lint !e971 Unqualified char types are allowed for strings and single characters only. */
            ^
Finished building: ../src/audioPlayer.c
 
Building target: audio_proj.elf
Invoking: ARM gcc linker
arm-xilinx-eabi-gcc -Wl,-T -Wl,../src/lscript.ld -L../../freertos_bsp_3_1_1/ps7_cortexa9_0/lib -o "audio_proj.elf"  ./src/adau1761.o ./src/audioPlayer.o ./src/audioRx.o ./src/audioSample.o ./src/audioTx.o ./src/bufferPool_d.o ./src/chunk_d.o ./src/main.o ./src/snd_sample.o   -Wl,--start-group,-lxil,-lfreertos,-lgcc,-lc,--end-group
Finished building target: audio_proj.elf
 
Invoking: ARM Print Size
arm-xilinx-eabi-size audio_proj.elf  |tee "audio_proj.elf.size"
   text	   data	    bss	    dec	    hex	filename
 105788	1148888	  88924	1343600	 148070	audio_proj.elf
Finished building: audio_proj.elf.size
 
18:22:55 **** Incremental Build of configuration Debug for project audio_proj ****
make all 
make: Nothing to be done for `all'.
18:22:55 **** Incremental Build of configuration Debug for project test_proj ****
make all 
make: Nothing to be done for `all'.
18:23:16 **** Auto Build of configuration Debug for project audio_proj ****
make all 
Building file: ../src/audioPlayer.c
Invoking: ARM gcc compiler
arm-xilinx-eabi-gcc -Wall -O0 -g3 -c -fmessage-length=0 -MT"src/audioPlayer.o" -I../../freertos_bsp_3_1_1/ps7_cortexa9_0/include -MMD -MP -MF"src/audioPlayer.d" -MT"src/audioPlayer.d" -o "src/audioPlayer.o" "../src/audioPlayer.c"
In file included from ../src/zedboard_freertos.h:16:0,
                 from ../src/bufferPool_d.h:23,
                 from ../src/audioPlayer.h:21,
                 from ../src/audioPlayer.c:19:
../../freertos_bsp_3_1_1/ps7_cortexa9_0/include/xbasic_types.h:115:2: warning: #warning The xbasics_type.h file is deprecated and users should use xil_types.h and xil_assert. [-Wcpp]
 #warning  The xbasics_type.h file is deprecated and users should use xil_types.h and xil_assert.
  ^
../../freertos_bsp_3_1_1/ps7_cortexa9_0/include/xbasic_types.h:116:2: warning: #warning Please refer the Standalone BSP UG647 for further details [-Wcpp]
 #warning  Please refer the Standalone BSP UG647 for further details
  ^
In file included from ../src/zedboard_freertos.h:2:0,
                 from ../src/bufferPool_d.h:23,
                 from ../src/audioPlayer.h:21,
                 from ../src/audioPlayer.c:19:
../src/audioPlayer.c: In function 'audioPlayer_start':
../../freertos_bsp_3_1_1/ps7_cortexa9_0/include/task.h:345:134: warning: pointer targets in passing argument 2 of 'xTaskGenericCreate' differ in signedness [-Wpointer-sign]
 #define xTaskCreate( pvTaskCode, pcName, usStackDepth, pvParameters, uxPriority, pxCreatedTask ) xTaskGenericCreate( ( pvTaskCode ), ( pcName ), ( usStackDepth ), ( pvParameters ), ( uxPriority ), ( pxCreatedTask ), ( NULL ), ( NULL ) )
                                                                                                                                      ^
../src/audioPlayer.c:104:2: note: in expansion of macro 'xTaskCreate'
  xTaskCreate( audioPlayer_task, ( signed char * ) "HW", configMINIMAL_STACK_SIZE, pThis, tskIDLE_PRIORITY + 1 , pThis );
  ^
../../freertos_bsp_3_1_1/ps7_cortexa9_0/include/task.h:1986:12: note: expected 'const char * const' but argument is of type 'signed char *'
 BaseType_t xTaskGenericCreate( TaskFunction_t pxTaskCode, const char * const pcName, const uint16_t usStackDepth, void * const pvParameters, UBaseType_t uxPriority, TaskHandle_t * const pxCreatedTask, StackType_t * const puxStackBuffer, const MemoryRegion_t * const xRegions ) PRIVILEGED_FUNCTION; /*lint !e971 Unqualified char types are allowed for strings and single characters only. */
            ^
../../freertos_bsp_3_1_1/ps7_cortexa9_0/include/task.h:345:198: warning: passing argument 6 of 'xTaskGenericCreate' from incompatible pointer type
 #define xTaskCreate( pvTaskCode, pcName, usStackDepth, pvParameters, uxPriority, pxCreatedTask ) xTaskGenericCreate( ( pvTaskCode ), ( pcName ), ( usStackDepth ), ( pvParameters ), ( uxPriority ), ( pxCreatedTask ), ( NULL ), ( NULL ) )
                                                                                                                                                                                                      ^
../src/audioPlayer.c:104:2: note: in expansion of macro 'xTaskCreate'
  xTaskCreate( audioPlayer_task, ( signed char * ) "HW", configMINIMAL_STACK_SIZE, pThis, tskIDLE_PRIORITY + 1 , pThis );
  ^
../../freertos_bsp_3_1_1/ps7_cortexa9_0/include/task.h:1986:12: note: expected 'void ** const' but argument is of type 'struct audioPlayer_t *'
 BaseType_t xTaskGenericCreate( TaskFunction_t pxTaskCode, const char * const pcName, const uint16_t usStackDepth, void * const pvParameters, UBaseType_t uxPriority, TaskHandle_t * const pxCreatedTask, StackType_t * const puxStackBuffer, const MemoryRegion_t * const xRegions ) PRIVILEGED_FUNCTION; /*lint !e971 Unqualified char types are allowed for strings and single characters only. */
            ^
Finished building: ../src/audioPlayer.c
 
Building target: audio_proj.elf
Invoking: ARM gcc linker
arm-xilinx-eabi-gcc -Wl,-T -Wl,../src/lscript.ld -L../../freertos_bsp_3_1_1/ps7_cortexa9_0/lib -o "audio_proj.elf"  ./src/adau1761.o ./src/audioPlayer.o ./src/audioRx.o ./src/audioSample.o ./src/audioTx.o ./src/bufferPool_d.o ./src/chunk_d.o ./src/main.o ./src/snd_sample.o   -Wl,--start-group,-lxil,-lfreertos,-lgcc,-lc,--end-group
Finished building target: audio_proj.elf
 
Invoking: ARM Print Size
arm-xilinx-eabi-size audio_proj.elf  |tee "audio_proj.elf.size"
   text	   data	    bss	    dec	    hex	filename
 105724	1148888	  88924	1343536	 148030	audio_proj.elf
Finished building: audio_proj.elf.size
 
18:23:18 **** Incremental Build of configuration Debug for project audio_proj ****
make all 
make: Nothing to be done for `all'.
18:23:19 **** Incremental Build of configuration Debug for project test_proj ****
make all 
make: Nothing to be done for `all'.
18:23:30 **** Auto Build of configuration Debug for project audio_proj ****
make all 
Building file: ../src/audioPlayer.c
Invoking: ARM gcc compiler
arm-xilinx-eabi-gcc -Wall -O0 -g3 -c -fmessage-length=0 -MT"src/audioPlayer.o" -I../../freertos_bsp_3_1_1/ps7_cortexa9_0/include -MMD -MP -MF"src/audioPlayer.d" -MT"src/audioPlayer.d" -o "src/audioPlayer.o" "../src/audioPlayer.c"
In file included from ../src/zedboard_freertos.h:16:0,
                 from ../src/bufferPool_d.h:23,
                 from ../src/audioPlayer.h:21,
                 from ../src/audioPlayer.c:19:
../../freertos_bsp_3_1_1/ps7_cortexa9_0/include/xbasic_types.h:115:2: warning: #warning The xbasics_type.h file is deprecated and users should use xil_types.h and xil_assert. [-Wcpp]
 #warning  The xbasics_type.h file is deprecated and users should use xil_types.h and xil_assert.
  ^
../../freertos_bsp_3_1_1/ps7_cortexa9_0/include/xbasic_types.h:116:2: warning: #warning Please refer the Standalone BSP UG647 for further details [-Wcpp]
 #warning  Please refer the Standalone BSP UG647 for further details
  ^
In file included from ../src/zedboard_freertos.h:2:0,
                 from ../src/bufferPool_d.h:23,
                 from ../src/audioPlayer.h:21,
                 from ../src/audioPlayer.c:19:
../src/audioPlayer.c: In function 'audioPlayer_start':
../../freertos_bsp_3_1_1/ps7_cortexa9_0/include/task.h:345:134: warning: pointer targets in passing argument 2 of 'xTaskGenericCreate' differ in signedness [-Wpointer-sign]
 #define xTaskCreate( pvTaskCode, pcName, usStackDepth, pvParameters, uxPriority, pxCreatedTask ) xTaskGenericCreate( ( pvTaskCode ), ( pcName ), ( usStackDepth ), ( pvParameters ), ( uxPriority ), ( pxCreatedTask ), ( NULL ), ( NULL ) )
                                                                                                                                      ^
../src/audioPlayer.c:104:2: note: in expansion of macro 'xTaskCreate'
  xTaskCreate( audioPlayer_task, ( signed char * ) "HW", configMINIMAL_STACK_SIZE, pThis, tskIDLE_PRIORITY + 1 , pThis );
  ^
../../freertos_bsp_3_1_1/ps7_cortexa9_0/include/task.h:1986:12: note: expected 'const char * const' but argument is of type 'signed char *'
 BaseType_t xTaskGenericCreate( TaskFunction_t pxTaskCode, const char * const pcName, const uint16_t usStackDepth, void * const pvParameters, UBaseType_t uxPriority, TaskHandle_t * const pxCreatedTask, StackType_t * const puxStackBuffer, const MemoryRegion_t * const xRegions ) PRIVILEGED_FUNCTION; /*lint !e971 Unqualified char types are allowed for strings and single characters only. */
            ^
../../freertos_bsp_3_1_1/ps7_cortexa9_0/include/task.h:345:198: warning: passing argument 6 of 'xTaskGenericCreate' from incompatible pointer type
 #define xTaskCreate( pvTaskCode, pcName, usStackDepth, pvParameters, uxPriority, pxCreatedTask ) xTaskGenericCreate( ( pvTaskCode ), ( pcName ), ( usStackDepth ), ( pvParameters ), ( uxPriority ), ( pxCreatedTask ), ( NULL ), ( NULL ) )
                                                                                                                                                                                                      ^
../src/audioPlayer.c:104:2: note: in expansion of macro 'xTaskCreate'
  xTaskCreate( audioPlayer_task, ( signed char * ) "HW", configMINIMAL_STACK_SIZE, pThis, tskIDLE_PRIORITY + 1 , pThis );
  ^
../../freertos_bsp_3_1_1/ps7_cortexa9_0/include/task.h:1986:12: note: expected 'void ** const' but argument is of type 'struct audioPlayer_t *'
 BaseType_t xTaskGenericCreate( TaskFunction_t pxTaskCode, const char * const pcName, const uint16_t usStackDepth, void * const pvParameters, UBaseType_t uxPriority, TaskHandle_t * const pxCreatedTask, StackType_t * const puxStackBuffer, const MemoryRegion_t * const xRegions ) PRIVILEGED_FUNCTION; /*lint !e971 Unqualified char types are allowed for strings and single characters only. */
            ^
Finished building: ../src/audioPlayer.c
 
Building target: audio_proj.elf
Invoking: ARM gcc linker
arm-xilinx-eabi-gcc -Wl,-T -Wl,../src/lscript.ld -L../../freertos_bsp_3_1_1/ps7_cortexa9_0/lib -o "audio_proj.elf"  ./src/adau1761.o ./src/audioPlayer.o ./src/audioRx.o ./src/audioSample.o ./src/audioTx.o ./src/bufferPool_d.o ./src/chunk_d.o ./src/main.o ./src/snd_sample.o   -Wl,--start-group,-lxil,-lfreertos,-lgcc,-lc,--end-group
Finished building target: audio_proj.elf
 
Invoking: ARM Print Size
arm-xilinx-eabi-size audio_proj.elf  |tee "audio_proj.elf.size"
   text	   data	    bss	    dec	    hex	filename
 105724	1148888	  88924	1343536	 148030	audio_proj.elf
Finished building: audio_proj.elf.size
 
18:23:34 **** Auto Build of configuration Debug for project audio_proj ****
make all 
Building file: ../src/audioPlayer.c
Invoking: ARM gcc compiler
arm-xilinx-eabi-gcc -Wall -O0 -g3 -c -fmessage-length=0 -MT"src/audioPlayer.o" -I../../freertos_bsp_3_1_1/ps7_cortexa9_0/include -MMD -MP -MF"src/audioPlayer.d" -MT"src/audioPlayer.d" -o "src/audioPlayer.o" "../src/audioPlayer.c"
In file included from ../src/zedboard_freertos.h:16:0,
                 from ../src/bufferPool_d.h:23,
                 from ../src/audioPlayer.h:21,
                 from ../src/audioPlayer.c:19:
../../freertos_bsp_3_1_1/ps7_cortexa9_0/include/xbasic_types.h:115:2: warning: #warning The xbasics_type.h file is deprecated and users should use xil_types.h and xil_assert. [-Wcpp]
 #warning  The xbasics_type.h file is deprecated and users should use xil_types.h and xil_assert.
  ^
../../freertos_bsp_3_1_1/ps7_cortexa9_0/include/xbasic_types.h:116:2: warning: #warning Please refer the Standalone BSP UG647 for further details [-Wcpp]
 #warning  Please refer the Standalone BSP UG647 for further details
  ^
In file included from ../src/zedboard_freertos.h:2:0,
                 from ../src/bufferPool_d.h:23,
                 from ../src/audioPlayer.h:21,
                 from ../src/audioPlayer.c:19:
../src/audioPlayer.c: In function 'audioPlayer_start':
../../freertos_bsp_3_1_1/ps7_cortexa9_0/include/task.h:345:134: warning: pointer targets in passing argument 2 of 'xTaskGenericCreate' differ in signedness [-Wpointer-sign]
 #define xTaskCreate( pvTaskCode, pcName, usStackDepth, pvParameters, uxPriority, pxCreatedTask ) xTaskGenericCreate( ( pvTaskCode ), ( pcName ), ( usStackDepth ), ( pvParameters ), ( uxPriority ), ( pxCreatedTask ), ( NULL ), ( NULL ) )
                                                                                                                                      ^
../src/audioPlayer.c:104:2: note: in expansion of macro 'xTaskCreate'
  xTaskCreate( audioPlayer_task, ( signed char * ) "HW", configMINIMAL_STACK_SIZE, pThis, tskIDLE_PRIORITY + 1 , pThis );
  ^
../../freertos_bsp_3_1_1/ps7_cortexa9_0/include/task.h:1986:12: note: expected 'const char * const' but argument is of type 'signed char *'
 BaseType_t xTaskGenericCreate( TaskFunction_t pxTaskCode, const char * const pcName, const uint16_t usStackDepth, void * const pvParameters, UBaseType_t uxPriority, TaskHandle_t * const pxCreatedTask, StackType_t * const puxStackBuffer, const MemoryRegion_t * const xRegions ) PRIVILEGED_FUNCTION; /*lint !e971 Unqualified char types are allowed for strings and single characters only. */
            ^
../../freertos_bsp_3_1_1/ps7_cortexa9_0/include/task.h:345:198: warning: passing argument 6 of 'xTaskGenericCreate' from incompatible pointer type
 #define xTaskCreate( pvTaskCode, pcName, usStackDepth, pvParameters, uxPriority, pxCreatedTask ) xTaskGenericCreate( ( pvTaskCode ), ( pcName ), ( usStackDepth ), ( pvParameters ), ( uxPriority ), ( pxCreatedTask ), ( NULL ), ( NULL ) )
                                                                                                                                                                                                      ^
../src/audioPlayer.c:104:2: note: in expansion of macro 'xTaskCreate'
  xTaskCreate( audioPlayer_task, ( signed char * ) "HW", configMINIMAL_STACK_SIZE, pThis, tskIDLE_PRIORITY + 1 , pThis );
  ^
../../freertos_bsp_3_1_1/ps7_cortexa9_0/include/task.h:1986:12: note: expected 'void ** const' but argument is of type 'struct audioPlayer_t *'
 BaseType_t xTaskGenericCreate( TaskFunction_t pxTaskCode, const char * const pcName, const uint16_t usStackDepth, void * const pvParameters, UBaseType_t uxPriority, TaskHandle_t * const pxCreatedTask, StackType_t * const puxStackBuffer, const MemoryRegion_t * const xRegions ) PRIVILEGED_FUNCTION; /*lint !e971 Unqualified char types are allowed for strings and single characters only. */
            ^
Finished building: ../src/audioPlayer.c
 
Building target: audio_proj.elf
Invoking: ARM gcc linker
arm-xilinx-eabi-gcc -Wl,-T -Wl,../src/lscript.ld -L../../freertos_bsp_3_1_1/ps7_cortexa9_0/lib -o "audio_proj.elf"  ./src/adau1761.o ./src/audioPlayer.o ./src/audioRx.o ./src/audioSample.o ./src/audioTx.o ./src/bufferPool_d.o ./src/chunk_d.o ./src/main.o ./src/snd_sample.o   -Wl,--start-group,-lxil,-lfreertos,-lgcc,-lc,--end-group
Finished building target: audio_proj.elf
 
Invoking: ARM Print Size
arm-xilinx-eabi-size audio_proj.elf  |tee "audio_proj.elf.size"
   text	   data	    bss	    dec	    hex	filename
 105716	1148888	  88924	1343528	 148028	audio_proj.elf
Finished building: audio_proj.elf.size
 
18:23:35 **** Incremental Build of configuration Debug for project audio_proj ****
make all 
make: Nothing to be done for `all'.
18:23:35 **** Incremental Build of configuration Debug for project test_proj ****
make all 
make: Nothing to be done for `all'.
18:23:48 **** Incremental Build of configuration Debug for project audio_proj ****
make all 
make: Nothing to be done for `all'.
18:23:49 **** Incremental Build of configuration Debug for project test_proj ****
make all 
make: Nothing to be done for `all'.
18:24:30 **** Auto Build of configuration Debug for project audio_proj ****
make all 
Building file: ../src/audioRx.c
Invoking: ARM gcc compiler
arm-xilinx-eabi-gcc -Wall -O0 -g3 -c -fmessage-length=0 -MT"src/audioRx.o" -I../../freertos_bsp_3_1_1/ps7_cortexa9_0/include -MMD -MP -MF"src/audioRx.d" -MT"src/audioRx.d" -o "src/audioRx.o" "../src/audioRx.c"
In file included from ../src/zedboard_freertos.h:16:0,
                 from ../src/bufferPool_d.h:23,
                 from ../src/audioRx.h:21,
                 from ../src/audioRx.c:18:
../../freertos_bsp_3_1_1/ps7_cortexa9_0/include/xbasic_types.h:115:2: warning: #warning The xbasics_type.h file is deprecated and users should use xil_types.h and xil_assert. [-Wcpp]
 #warning  The xbasics_type.h file is deprecated and users should use xil_types.h and xil_assert.
  ^
../../freertos_bsp_3_1_1/ps7_cortexa9_0/include/xbasic_types.h:116:2: warning: #warning Please refer the Standalone BSP UG647 for further details [-Wcpp]
 #warning  Please refer the Standalone BSP UG647 for further details
  ^
../src/audioRx.c: In function 'audioRx_get':
../src/audioRx.c:53:9: warning: unused variable 'i' [-Wunused-variable]
     int i = 0;
         ^
Finished building: ../src/audioRx.c
 
Building target: audio_proj.elf
Invoking: ARM gcc linker
arm-xilinx-eabi-gcc -Wl,-T -Wl,../src/lscript.ld -L../../freertos_bsp_3_1_1/ps7_cortexa9_0/lib -o "audio_proj.elf"  ./src/adau1761.o ./src/audioPlayer.o ./src/audioRx.o ./src/audioSample.o ./src/audioTx.o ./src/bufferPool_d.o ./src/chunk_d.o ./src/main.o ./src/snd_sample.o   -Wl,--start-group,-lxil,-lfreertos,-lgcc,-lc,--end-group
Finished building target: audio_proj.elf
 
Invoking: ARM Print Size
arm-xilinx-eabi-size audio_proj.elf  |tee "audio_proj.elf.size"
   text	   data	    bss	    dec	    hex	filename
 105716	1148888	  88924	1343528	 148028	audio_proj.elf
Finished building: audio_proj.elf.size
 
18:24:32 **** Incremental Build of configuration Debug for project audio_proj ****
make all 
make: Nothing to be done for `all'.
18:24:32 **** Incremental Build of configuration Debug for project test_proj ****
make all 
make: Nothing to be done for `all'.
18:25:24 **** Auto Build of configuration Debug for project audio_proj ****
make all 
Building file: ../src/audioRx.c
Invoking: ARM gcc compiler
arm-xilinx-eabi-gcc -Wall -O0 -g3 -c -fmessage-length=0 -MT"src/audioRx.o" -I../../freertos_bsp_3_1_1/ps7_cortexa9_0/include -MMD -MP -MF"src/audioRx.d" -MT"src/audioRx.d" -o "src/audioRx.o" "../src/audioRx.c"
In file included from ../src/zedboard_freertos.h:16:0,
                 from ../src/bufferPool_d.h:23,
                 from ../src/audioRx.h:21,
                 from ../src/audioRx.c:18:
../../freertos_bsp_3_1_1/ps7_cortexa9_0/include/xbasic_types.h:115:2: warning: #warning The xbasics_type.h file is deprecated and users should use xil_types.h and xil_assert. [-Wcpp]
 #warning  The xbasics_type.h file is deprecated and users should use xil_types.h and xil_assert.
  ^
../../freertos_bsp_3_1_1/ps7_cortexa9_0/include/xbasic_types.h:116:2: warning: #warning Please refer the Standalone BSP UG647 for further details [-Wcpp]
 #warning  Please refer the Standalone BSP UG647 for further details
  ^
../src/audioRx.c: In function 'audioRx_get':
../src/audioRx.c:53:9: warning: unused variable 'i' [-Wunused-variable]
     int i = 0;
         ^
Finished building: ../src/audioRx.c
 
Building target: audio_proj.elf
Invoking: ARM gcc linker
arm-xilinx-eabi-gcc -Wl,-T -Wl,../src/lscript.ld -L../../freertos_bsp_3_1_1/ps7_cortexa9_0/lib -o "audio_proj.elf"  ./src/adau1761.o ./src/audioPlayer.o ./src/audioRx.o ./src/audioSample.o ./src/audioTx.o ./src/bufferPool_d.o ./src/chunk_d.o ./src/main.o ./src/snd_sample.o   -Wl,--start-group,-lxil,-lfreertos,-lgcc,-lc,--end-group
Finished building target: audio_proj.elf
 
Invoking: ARM Print Size
arm-xilinx-eabi-size audio_proj.elf  |tee "audio_proj.elf.size"
   text	   data	    bss	    dec	    hex	filename
 105716	1148888	  88924	1343528	 148028	audio_proj.elf
Finished building: audio_proj.elf.size
 
18:25:27 **** Incremental Build of configuration Debug for project audio_proj ****
make all 
make: Nothing to be done for `all'.
18:25:28 **** Incremental Build of configuration Debug for project test_proj ****
make all 
make: Nothing to be done for `all'.
18:25:46 **** Auto Build of configuration Debug for project audio_proj ****
make all 
Building file: ../src/audioRx.c
Invoking: ARM gcc compiler
arm-xilinx-eabi-gcc -Wall -O0 -g3 -c -fmessage-length=0 -MT"src/audioRx.o" -I../../freertos_bsp_3_1_1/ps7_cortexa9_0/include -MMD -MP -MF"src/audioRx.d" -MT"src/audioRx.d" -o "src/audioRx.o" "../src/audioRx.c"
In file included from ../src/zedboard_freertos.h:16:0,
                 from ../src/bufferPool_d.h:23,
                 from ../src/audioRx.h:21,
                 from ../src/audioRx.c:18:
../../freertos_bsp_3_1_1/ps7_cortexa9_0/include/xbasic_types.h:115:2: warning: #warning The xbasics_type.h file is deprecated and users should use xil_types.h and xil_assert. [-Wcpp]
 #warning  The xbasics_type.h file is deprecated and users should use xil_types.h and xil_assert.
  ^
../../freertos_bsp_3_1_1/ps7_cortexa9_0/include/xbasic_types.h:116:2: warning: #warning Please refer the Standalone BSP UG647 for further details [-Wcpp]
 #warning  Please refer the Standalone BSP UG647 for further details
  ^
../src/audioRx.c: In function 'audioRx_get':
../src/audioRx.c:53:9: warning: unused variable 'i' [-Wunused-variable]
     int i = 0;
         ^
Finished building: ../src/audioRx.c
 
Building target: audio_proj.elf
Invoking: ARM gcc linker
arm-xilinx-eabi-gcc -Wl,-T -Wl,../src/lscript.ld -L../../freertos_bsp_3_1_1/ps7_cortexa9_0/lib -o "audio_proj.elf"  ./src/adau1761.o ./src/audioPlayer.o ./src/audioRx.o ./src/audioSample.o ./src/audioTx.o ./src/bufferPool_d.o ./src/chunk_d.o ./src/main.o ./src/snd_sample.o   -Wl,--start-group,-lxil,-lfreertos,-lgcc,-lc,--end-group
Finished building target: audio_proj.elf
 
Invoking: ARM Print Size
arm-xilinx-eabi-size audio_proj.elf  |tee "audio_proj.elf.size"
   text	   data	    bss	    dec	    hex	filename
 105716	1148888	  88924	1343528	 148028	audio_proj.elf
Finished building: audio_proj.elf.size
 
18:26:02 **** Auto Build of configuration Debug for project audio_proj ****
make all 
Building file: ../src/audioSample.c
Invoking: ARM gcc compiler
arm-xilinx-eabi-gcc -Wall -O0 -g3 -c -fmessage-length=0 -MT"src/audioSample.o" -I../../freertos_bsp_3_1_1/ps7_cortexa9_0/include -MMD -MP -MF"src/audioSample.d" -MT"src/audioSample.d" -o "src/audioSample.o" "../src/audioSample.c"
In file included from ../src/zedboard_freertos.h:16:0,
                 from ../src/adau1761.h:5,
                 from ../src/audioSample.c:18:
../../freertos_bsp_3_1_1/ps7_cortexa9_0/include/xbasic_types.h:115:2: warning: #warning The xbasics_type.h file is deprecated and users should use xil_types.h and xil_assert. [-Wcpp]
 #warning  The xbasics_type.h file is deprecated and users should use xil_types.h and xil_assert.
  ^
../../freertos_bsp_3_1_1/ps7_cortexa9_0/include/xbasic_types.h:116:2: warning: #warning Please refer the Standalone BSP UG647 for further details [-Wcpp]
 #warning  Please refer the Standalone BSP UG647 for further details
  ^
../src/audioSample.c: In function 'audioSample_init':
../src/audioSample.c:34:17: warning: assignment from incompatible pointer type
   pThis->pmem   = snd_samples;
                 ^
../src/audioSample.c: In function 'audioSample_get':
../src/audioSample.c:63:3: warning: format '%u' expects argument of type 'unsigned int', but argument 2 has type 'u32' [-Wformat=]
   printf("data: %u\n", rx_data);
   ^
../src/audioSample.c:63:3: warning: format '%u' expects argument of type 'unsigned int', but argument 2 has type 'u32' [-Wformat=]
Finished building: ../src/audioSample.c
 
Building target: audio_proj.elf
Invoking: ARM gcc linker
arm-xilinx-eabi-gcc -Wl,-T -Wl,../src/lscript.ld -L../../freertos_bsp_3_1_1/ps7_cortexa9_0/lib -o "audio_proj.elf"  ./src/adau1761.o ./src/audioPlayer.o ./src/audioRx.o ./src/audioSample.o ./src/audioTx.o ./src/bufferPool_d.o ./src/chunk_d.o ./src/main.o ./src/snd_sample.o   -Wl,--start-group,-lxil,-lfreertos,-lgcc,-lc,--end-group
Finished building target: audio_proj.elf
 
Invoking: ARM Print Size
arm-xilinx-eabi-size audio_proj.elf  |tee "audio_proj.elf.size"
   text	   data	    bss	    dec	    hex	filename
 105716	1148888	  88924	1343528	 148028	audio_proj.elf
Finished building: audio_proj.elf.size
 
18:26:04 **** Incremental Build of configuration Debug for project audio_proj ****
make all 
make: Nothing to be done for `all'.
18:26:04 **** Incremental Build of configuration Debug for project test_proj ****
make all 
make: Nothing to be done for `all'.
18:26:24 **** Auto Build of configuration Debug for project audio_proj ****
make all 
Building file: ../src/audioSample.c
Invoking: ARM gcc compiler
arm-xilinx-eabi-gcc -Wall -O0 -g3 -c -fmessage-length=0 -MT"src/audioSample.o" -I../../freertos_bsp_3_1_1/ps7_cortexa9_0/include -MMD -MP -MF"src/audioSample.d" -MT"src/audioSample.d" -o "src/audioSample.o" "../src/audioSample.c"
In file included from ../src/zedboard_freertos.h:16:0,
                 from ../src/adau1761.h:5,
                 from ../src/audioSample.c:18:
../../freertos_bsp_3_1_1/ps7_cortexa9_0/include/xbasic_types.h:115:2: warning: #warning The xbasics_type.h file is deprecated and users should use xil_types.h and xil_assert. [-Wcpp]
 #warning  The xbasics_type.h file is deprecated and users should use xil_types.h and xil_assert.
  ^
../../freertos_bsp_3_1_1/ps7_cortexa9_0/include/xbasic_types.h:116:2: warning: #warning Please refer the Standalone BSP UG647 for further details [-Wcpp]
 #warning  Please refer the Standalone BSP UG647 for further details
  ^
../src/audioSample.c: In function 'audioSample_init':
../src/audioSample.c:34:17: warning: assignment from incompatible pointer type
   pThis->pmem   = snd_samples;
                 ^
../src/audioSample.c: In function 'audioSample_get':
../src/audioSample.c:63:3: warning: format '%u' expects argument of type 'unsigned int', but argument 2 has type 'u32' [-Wformat=]
   printf("data: %u\n", rx_data);
   ^
../src/audioSample.c:63:3: warning: format '%u' expects argument of type 'unsigned int', but argument 2 has type 'u32' [-Wformat=]
../src/audioSample.c:53:6: warning: unused variable 'rx_vac' [-Wunused-variable]
  u32 rx_vac = *((volatile u32 *) (FIFO_BASE_ADDR + FIFO_RX_VAC));
      ^
Finished building: ../src/audioSample.c
 
Building target: audio_proj.elf
Invoking: ARM gcc linker
arm-xilinx-eabi-gcc -Wl,-T -Wl,../src/lscript.ld -L../../freertos_bsp_3_1_1/ps7_cortexa9_0/lib -o "audio_proj.elf"  ./src/adau1761.o ./src/audioPlayer.o ./src/audioRx.o ./src/audioSample.o ./src/audioTx.o ./src/bufferPool_d.o ./src/chunk_d.o ./src/main.o ./src/snd_sample.o   -Wl,--start-group,-lxil,-lfreertos,-lgcc,-lc,--end-group
Finished building target: audio_proj.elf
 
Invoking: ARM Print Size
arm-xilinx-eabi-size audio_proj.elf  |tee "audio_proj.elf.size"
   text	   data	    bss	    dec	    hex	filename
 105716	1148888	  88924	1343528	 148028	audio_proj.elf
Finished building: audio_proj.elf.size
 
18:26:26 **** Auto Build of configuration Debug for project audio_proj ****
make all 
Building file: ../src/audioSample.c
Invoking: ARM gcc compiler
arm-xilinx-eabi-gcc -Wall -O0 -g3 -c -fmessage-length=0 -MT"src/audioSample.o" -I../../freertos_bsp_3_1_1/ps7_cortexa9_0/include -MMD -MP -MF"src/audioSample.d" -MT"src/audioSample.d" -o "src/audioSample.o" "../src/audioSample.c"
In file included from ../src/zedboard_freertos.h:16:0,
                 from ../src/adau1761.h:5,
                 from ../src/audioSample.c:18:
../../freertos_bsp_3_1_1/ps7_cortexa9_0/include/xbasic_types.h:115:2: warning: #warning The xbasics_type.h file is deprecated and users should use xil_types.h and xil_assert. [-Wcpp]
 #warning  The xbasics_type.h file is deprecated and users should use xil_types.h and xil_assert.
  ^
../../freertos_bsp_3_1_1/ps7_cortexa9_0/include/xbasic_types.h:116:2: warning: #warning Please refer the Standalone BSP UG647 for further details [-Wcpp]
 #warning  Please refer the Standalone BSP UG647 for further details
  ^
../src/audioSample.c: In function 'audioSample_init':
../src/audioSample.c:34:17: warning: assignment from incompatible pointer type
   pThis->pmem   = snd_samples;
                 ^
../src/audioSample.c: In function 'audioSample_get':
../src/audioSample.c:62:3: warning: format '%u' expects argument of type 'unsigned int', but argument 2 has type 'u32' [-Wformat=]
   printf("vac: %u\n", rx_vac);
   ^
../src/audioSample.c:62:3: warning: format '%u' expects argument of type 'unsigned int', but argument 2 has type 'u32' [-Wformat=]
../src/audioSample.c:63:3: warning: format '%u' expects argument of type 'unsigned int', but argument 2 has type 'u32' [-Wformat=]
   printf("data: %u\n", rx_data);
   ^
../src/audioSample.c:63:3: warning: format '%u' expects argument of type 'unsigned int', but argument 2 has type 'u32' [-Wformat=]
Finished building: ../src/audioSample.c
 
Building target: audio_proj.elf
Invoking: ARM gcc linker
arm-xilinx-eabi-gcc -Wl,-T -Wl,../src/lscript.ld -L../../freertos_bsp_3_1_1/ps7_cortexa9_0/lib -o "audio_proj.elf"  ./src/adau1761.o ./src/audioPlayer.o ./src/audioRx.o ./src/audioSample.o ./src/audioTx.o ./src/bufferPool_d.o ./src/chunk_d.o ./src/main.o ./src/snd_sample.o   -Wl,--start-group,-lxil,-lfreertos,-lgcc,-lc,--end-group
Finished building target: audio_proj.elf
 
Invoking: ARM Print Size
arm-xilinx-eabi-size audio_proj.elf  |tee "audio_proj.elf.size"
   text	   data	    bss	    dec	    hex	filename
 105724	1148888	  88924	1343536	 148030	audio_proj.elf
Finished building: audio_proj.elf.size
 
18:26:28 **** Incremental Build of configuration Debug for project audio_proj ****
make all 
make: Nothing to be done for `all'.
18:26:28 **** Incremental Build of configuration Debug for project test_proj ****
make all 
make: Nothing to be done for `all'.
18:26:39 **** Auto Build of configuration Debug for project audio_proj ****
make all 
Building file: ../src/audioSample.c
Invoking: ARM gcc compiler
arm-xilinx-eabi-gcc -Wall -O0 -g3 -c -fmessage-length=0 -MT"src/audioSample.o" -I../../freertos_bsp_3_1_1/ps7_cortexa9_0/include -MMD -MP -MF"src/audioSample.d" -MT"src/audioSample.d" -o "src/audioSample.o" "../src/audioSample.c"
In file included from ../src/zedboard_freertos.h:16:0,
                 from ../src/adau1761.h:5,
                 from ../src/audioSample.c:18:
../../freertos_bsp_3_1_1/ps7_cortexa9_0/include/xbasic_types.h:115:2: warning: #warning The xbasics_type.h file is deprecated and users should use xil_types.h and xil_assert. [-Wcpp]
 #warning  The xbasics_type.h file is deprecated and users should use xil_types.h and xil_assert.
  ^
../../freertos_bsp_3_1_1/ps7_cortexa9_0/include/xbasic_types.h:116:2: warning: #warning Please refer the Standalone BSP UG647 for further details [-Wcpp]
 #warning  Please refer the Standalone BSP UG647 for further details
  ^
../src/audioSample.c: In function 'audioSample_init':
../src/audioSample.c:34:17: warning: assignment from incompatible pointer type
   pThis->pmem   = snd_samples;
                 ^
../src/audioSample.c: In function 'audioSample_get':
../src/audioSample.c:62:3: warning: format '%u' expects argument of type 'unsigned int', but argument 2 has type 'u32' [-Wformat=]
   printf("vac: %u\n", rx_vac);
   ^
../src/audioSample.c:62:3: warning: format '%u' expects argument of type 'unsigned int', but argument 2 has type 'u32' [-Wformat=]
../src/audioSample.c:54:6: warning: unused variable 'rx_data' [-Wunused-variable]
  u32 rx_data = *((volatile u32 *) (FIFO_BASE_ADDR + FIFO_RX_DATA));
      ^
Finished building: ../src/audioSample.c
 
Building target: audio_proj.elf
Invoking: ARM gcc linker
arm-xilinx-eabi-gcc -Wl,-T -Wl,../src/lscript.ld -L../../freertos_bsp_3_1_1/ps7_cortexa9_0/lib -o "audio_proj.elf"  ./src/adau1761.o ./src/audioPlayer.o ./src/audioRx.o ./src/audioSample.o ./src/audioTx.o ./src/bufferPool_d.o ./src/chunk_d.o ./src/main.o ./src/snd_sample.o   -Wl,--start-group,-lxil,-lfreertos,-lgcc,-lc,--end-group
Finished building target: audio_proj.elf
 
Invoking: ARM Print Size
arm-xilinx-eabi-size audio_proj.elf  |tee "audio_proj.elf.size"
   text	   data	    bss	    dec	    hex	filename
 105716	1148888	  88924	1343528	 148028	audio_proj.elf
Finished building: audio_proj.elf.size
 
18:26:47 **** Auto Build of configuration Debug for project audio_proj ****
make all 
Building file: ../src/audioSample.c
Invoking: ARM gcc compiler
arm-xilinx-eabi-gcc -Wall -O0 -g3 -c -fmessage-length=0 -MT"src/audioSample.o" -I../../freertos_bsp_3_1_1/ps7_cortexa9_0/include -MMD -MP -MF"src/audioSample.d" -MT"src/audioSample.d" -o "src/audioSample.o" "../src/audioSample.c"
In file included from ../src/zedboard_freertos.h:16:0,
                 from ../src/adau1761.h:5,
                 from ../src/audioSample.c:18:
../../freertos_bsp_3_1_1/ps7_cortexa9_0/include/xbasic_types.h:115:2: warning: #warning The xbasics_type.h file is deprecated and users should use xil_types.h and xil_assert. [-Wcpp]
 #warning  The xbasics_type.h file is deprecated and users should use xil_types.h and xil_assert.
  ^
../../freertos_bsp_3_1_1/ps7_cortexa9_0/include/xbasic_types.h:116:2: warning: #warning Please refer the Standalone BSP UG647 for further details [-Wcpp]
 #warning  Please refer the Standalone BSP UG647 for further details
  ^
../src/audioSample.c: In function 'audioSample_init':
../src/audioSample.c:34:17: warning: assignment from incompatible pointer type
   pThis->pmem   = snd_samples;
                 ^
../src/audioSample.c: In function 'audioSample_get':
../src/audioSample.c:63:3: warning: format '%u' expects argument of type 'unsigned int', but argument 2 has type 'u32' [-Wformat=]
   printf("vac: %u\n", rx_vac);
   ^
../src/audioSample.c:63:3: warning: format '%u' expects argument of type 'unsigned int', but argument 2 has type 'u32' [-Wformat=]
../src/audioSample.c:54:6: warning: unused variable 'rx_data' [-Wunused-variable]
  u32 rx_data = *((volatile u32 *) (FIFO_BASE_ADDR + FIFO_RX_DATA));
      ^
Finished building: ../src/audioSample.c
 
Building target: audio_proj.elf
Invoking: ARM gcc linker
arm-xilinx-eabi-gcc -Wl,-T -Wl,../src/lscript.ld -L../../freertos_bsp_3_1_1/ps7_cortexa9_0/lib -o "audio_proj.elf"  ./src/adau1761.o ./src/audioPlayer.o ./src/audioRx.o ./src/audioSample.o ./src/audioTx.o ./src/bufferPool_d.o ./src/chunk_d.o ./src/main.o ./src/snd_sample.o   -Wl,--start-group,-lxil,-lfreertos,-lgcc,-lc,--end-group
Finished building target: audio_proj.elf
 
Invoking: ARM Print Size
arm-xilinx-eabi-size audio_proj.elf  |tee "audio_proj.elf.size"
   text	   data	    bss	    dec	    hex	filename
 105716	1148888	  88924	1343528	 148028	audio_proj.elf
Finished building: audio_proj.elf.size
 
18:26:48 **** Incremental Build of configuration Debug for project audio_proj ****
make all 
make: Nothing to be done for `all'.
18:26:48 **** Incremental Build of configuration Debug for project test_proj ****
make all 
make: Nothing to be done for `all'.
18:27:24 **** Auto Build of configuration Debug for project audio_proj ****
make all 
Building file: ../src/audioSample.c
Invoking: ARM gcc compiler
[...]
 #warning  Please refer the Standalone BSP UG647 for further details
  ^
Finished building: ../src/adau1761.c
 
Building target: test_proj.elf
Invoking: ARM gcc linker
arm-xilinx-eabi-gcc -Wl,-T -Wl,../src/lscript.ld -L../../freertos_bsp_3_1_1/ps7_cortexa9_0/lib -o "test_proj.elf"  ./src/adau1761.o ./src/audioPlayer.o ./src/kiss_fft.o ./src/main.o ./src/snd_sample.o   -lm -Wl,--start-group,-lxil,-lfreertos,-lgcc,-lc,--end-group
Finished building target: test_proj.elf
 
Invoking: ARM Print Size
arm-xilinx-eabi-size test_proj.elf  |tee "test_proj.elf.size"
   text	   data	    bss	    dec	    hex	filename
 118888	1148904	  88876	1356668	 14b37c	test_proj.elf
Finished building: test_proj.elf.size
 
21:36:24 **** Incremental Build of configuration Debug for project audio_proj ****
make all 
make: Nothing to be done for `all'.
21:36:24 **** Incremental Build of configuration Debug for project test_proj ****
make all 
make: Nothing to be done for `all'.
21:36:36 **** Auto Build of configuration Debug for project test_proj ****
make all 
Building file: ../src/adau1761.c
Invoking: ARM gcc compiler
arm-xilinx-eabi-gcc -Wall -O0 -g3 -c -fmessage-length=0 -MT"src/adau1761.o" -I../../freertos_bsp_3_1_1/ps7_cortexa9_0/include -MMD -MP -MF"src/adau1761.d" -MT"src/adau1761.d" -o "src/adau1761.o" "../src/adau1761.c"
In file included from ../src/zedboard_freertos.h:16:0,
                 from ../src/adau1761.h:5,
                 from ../src/audioPlayer.h:5,
                 from ../src/adau1761.c:1:
../../freertos_bsp_3_1_1/ps7_cortexa9_0/include/xbasic_types.h:115:2: warning: #warning The xbasics_type.h file is deprecated and users should use xil_types.h and xil_assert. [-Wcpp]
 #warning  The xbasics_type.h file is deprecated and users should use xil_types.h and xil_assert.
  ^
../../freertos_bsp_3_1_1/ps7_cortexa9_0/include/xbasic_types.h:116:2: warning: #warning Please refer the Standalone BSP UG647 for further details [-Wcpp]
 #warning  Please refer the Standalone BSP UG647 for further details
  ^
Finished building: ../src/adau1761.c
 
Building target: test_proj.elf
Invoking: ARM gcc linker
arm-xilinx-eabi-gcc -Wl,-T -Wl,../src/lscript.ld -L../../freertos_bsp_3_1_1/ps7_cortexa9_0/lib -o "test_proj.elf"  ./src/adau1761.o ./src/audioPlayer.o ./src/kiss_fft.o ./src/main.o ./src/snd_sample.o   -lm -Wl,--start-group,-lxil,-lfreertos,-lgcc,-lc,--end-group
Finished building target: test_proj.elf
 
Invoking: ARM Print Size
arm-xilinx-eabi-size test_proj.elf  |tee "test_proj.elf.size"
   text	   data	    bss	    dec	    hex	filename
 118888	1148904	  88876	1356668	 14b37c	test_proj.elf
Finished building: test_proj.elf.size
 
21:36:40 **** Auto Build of configuration Debug for project test_proj ****
make all 
Building file: ../src/adau1761.c
Invoking: ARM gcc compiler
arm-xilinx-eabi-gcc -Wall -O0 -g3 -c -fmessage-length=0 -MT"src/adau1761.o" -I../../freertos_bsp_3_1_1/ps7_cortexa9_0/include -MMD -MP -MF"src/adau1761.d" -MT"src/adau1761.d" -o "src/adau1761.o" "../src/adau1761.c"
In file included from ../src/zedboard_freertos.h:16:0,
                 from ../src/adau1761.h:5,
                 from ../src/audioPlayer.h:5,
                 from ../src/adau1761.c:1:
../../freertos_bsp_3_1_1/ps7_cortexa9_0/include/xbasic_types.h:115:2: warning: #warning The xbasics_type.h file is deprecated and users should use xil_types.h and xil_assert. [-Wcpp]
 #warning  The xbasics_type.h file is deprecated and users should use xil_types.h and xil_assert.
  ^
../../freertos_bsp_3_1_1/ps7_cortexa9_0/include/xbasic_types.h:116:2: warning: #warning Please refer the Standalone BSP UG647 for further details [-Wcpp]
 #warning  Please refer the Standalone BSP UG647 for further details
  ^
Finished building: ../src/adau1761.c
 
Building target: test_proj.elf
Invoking: ARM gcc linker
arm-xilinx-eabi-gcc -Wl,-T -Wl,../src/lscript.ld -L../../freertos_bsp_3_1_1/ps7_cortexa9_0/lib -o "test_proj.elf"  ./src/adau1761.o ./src/audioPlayer.o ./src/kiss_fft.o ./src/main.o ./src/snd_sample.o   -lm -Wl,--start-group,-lxil,-lfreertos,-lgcc,-lc,--end-group
Finished building target: test_proj.elf
 
Invoking: ARM Print Size
arm-xilinx-eabi-size test_proj.elf  |tee "test_proj.elf.size"
   text	   data	    bss	    dec	    hex	filename
 118888	1148904	  88876	1356668	 14b37c	test_proj.elf
Finished building: test_proj.elf.size
 
21:36:42 **** Incremental Build of configuration Debug for project audio_proj ****
make all 
make: Nothing to be done for `all'.
21:36:43 **** Incremental Build of configuration Debug for project test_proj ****
make all 
make: Nothing to be done for `all'.
21:36:57 **** Auto Build of configuration Debug for project test_proj ****
make all 
Building file: ../src/adau1761.c
Invoking: ARM gcc compiler
arm-xilinx-eabi-gcc -Wall -O0 -g3 -c -fmessage-length=0 -MT"src/adau1761.o" -I../../freertos_bsp_3_1_1/ps7_cortexa9_0/include -MMD -MP -MF"src/adau1761.d" -MT"src/adau1761.d" -o "src/adau1761.o" "../src/adau1761.c"
In file included from ../src/zedboard_freertos.h:16:0,
                 from ../src/adau1761.h:5,
                 from ../src/audioPlayer.h:5,
                 from ../src/adau1761.c:1:
../../freertos_bsp_3_1_1/ps7_cortexa9_0/include/xbasic_types.h:115:2: warning: #warning The xbasics_type.h file is deprecated and users should use xil_types.h and xil_assert. [-Wcpp]
 #warning  The xbasics_type.h file is deprecated and users should use xil_types.h and xil_assert.
  ^
../../freertos_bsp_3_1_1/ps7_cortexa9_0/include/xbasic_types.h:116:2: warning: #warning Please refer the Standalone BSP UG647 for further details [-Wcpp]
 #warning  Please refer the Standalone BSP UG647 for further details
  ^
Finished building: ../src/adau1761.c
 
Building target: test_proj.elf
Invoking: ARM gcc linker
arm-xilinx-eabi-gcc -Wl,-T -Wl,../src/lscript.ld -L../../freertos_bsp_3_1_1/ps7_cortexa9_0/lib -o "test_proj.elf"  ./src/adau1761.o ./src/audioPlayer.o ./src/kiss_fft.o ./src/main.o ./src/snd_sample.o   -lm -Wl,--start-group,-lxil,-lfreertos,-lgcc,-lc,--end-group
Finished building target: test_proj.elf
 
Invoking: ARM Print Size
arm-xilinx-eabi-size test_proj.elf  |tee "test_proj.elf.size"
   text	   data	    bss	    dec	    hex	filename
 118888	1148904	  88876	1356668	 14b37c	test_proj.elf
Finished building: test_proj.elf.size
 
21:36:58 **** Incremental Build of configuration Debug for project audio_proj ****
make all 
make: Nothing to be done for `all'.
21:36:58 **** Incremental Build of configuration Debug for project test_proj ****
make all 
make: Nothing to be done for `all'.
21:37:09 **** Auto Build of configuration Debug for project test_proj ****
make all 
Building file: ../src/adau1761.c
Invoking: ARM gcc compiler
arm-xilinx-eabi-gcc -Wall -O0 -g3 -c -fmessage-length=0 -MT"src/adau1761.o" -I../../freertos_bsp_3_1_1/ps7_cortexa9_0/include -MMD -MP -MF"src/adau1761.d" -MT"src/adau1761.d" -o "src/adau1761.o" "../src/adau1761.c"
In file included from ../src/zedboard_freertos.h:16:0,
                 from ../src/adau1761.h:5,
                 from ../src/audioPlayer.h:5,
                 from ../src/adau1761.c:1:
../../freertos_bsp_3_1_1/ps7_cortexa9_0/include/xbasic_types.h:115:2: warning: #warning The xbasics_type.h file is deprecated and users should use xil_types.h and xil_assert. [-Wcpp]
 #warning  The xbasics_type.h file is deprecated and users should use xil_types.h and xil_assert.
  ^
../../freertos_bsp_3_1_1/ps7_cortexa9_0/include/xbasic_types.h:116:2: warning: #warning Please refer the Standalone BSP UG647 for further details [-Wcpp]
 #warning  Please refer the Standalone BSP UG647 for further details
  ^
Finished building: ../src/adau1761.c
 
Building target: test_proj.elf
Invoking: ARM gcc linker
arm-xilinx-eabi-gcc -Wl,-T -Wl,../src/lscript.ld -L../../freertos_bsp_3_1_1/ps7_cortexa9_0/lib -o "test_proj.elf"  ./src/adau1761.o ./src/audioPlayer.o ./src/kiss_fft.o ./src/main.o ./src/snd_sample.o   -lm -Wl,--start-group,-lxil,-lfreertos,-lgcc,-lc,--end-group
Finished building target: test_proj.elf
 
Invoking: ARM Print Size
arm-xilinx-eabi-size test_proj.elf  |tee "test_proj.elf.size"
   text	   data	    bss	    dec	    hex	filename
 118824	1148904	  88876	1356604	 14b33c	test_proj.elf
Finished building: test_proj.elf.size
 
21:37:15 **** Incremental Build of configuration Debug for project audio_proj ****
make all 
make: Nothing to be done for `all'.
21:37:15 **** Incremental Build of configuration Debug for project test_proj ****
make all 
make: Nothing to be done for `all'.
21:37:30 **** Auto Build of configuration Debug for project test_proj ****
make all 
Building file: ../src/adau1761.c
Invoking: ARM gcc compiler
arm-xilinx-eabi-gcc -Wall -O0 -g3 -c -fmessage-length=0 -MT"src/adau1761.o" -I../../freertos_bsp_3_1_1/ps7_cortexa9_0/include -MMD -MP -MF"src/adau1761.d" -MT"src/adau1761.d" -o "src/adau1761.o" "../src/adau1761.c"
In file included from ../src/zedboard_freertos.h:16:0,
                 from ../src/adau1761.h:5,
                 from ../src/audioPlayer.h:5,
                 from ../src/adau1761.c:1:
../../freertos_bsp_3_1_1/ps7_cortexa9_0/include/xbasic_types.h:115:2: warning: #warning The xbasics_type.h file is deprecated and users should use xil_types.h and xil_assert. [-Wcpp]
 #warning  The xbasics_type.h file is deprecated and users should use xil_types.h and xil_assert.
  ^
../../freertos_bsp_3_1_1/ps7_cortexa9_0/include/xbasic_types.h:116:2: warning: #warning Please refer the Standalone BSP UG647 for further details [-Wcpp]
 #warning  Please refer the Standalone BSP UG647 for further details
  ^
Finished building: ../src/adau1761.c
 
Building target: test_proj.elf
Invoking: ARM gcc linker
arm-xilinx-eabi-gcc -Wl,-T -Wl,../src/lscript.ld -L../../freertos_bsp_3_1_1/ps7_cortexa9_0/lib -o "test_proj.elf"  ./src/adau1761.o ./src/audioPlayer.o ./src/kiss_fft.o ./src/main.o ./src/snd_sample.o   -lm -Wl,--start-group,-lxil,-lfreertos,-lgcc,-lc,--end-group
Finished building target: test_proj.elf
 
Invoking: ARM Print Size
arm-xilinx-eabi-size test_proj.elf  |tee "test_proj.elf.size"
   text	   data	    bss	    dec	    hex	filename
 118696	1148904	  88876	1356476	 14b2bc	test_proj.elf
Finished building: test_proj.elf.size
 
21:37:32 **** Incremental Build of configuration Debug for project audio_proj ****
make all 
make: Nothing to be done for `all'.
21:37:32 **** Incremental Build of configuration Debug for project test_proj ****
make all 
make: Nothing to be done for `all'.
21:37:47 **** Auto Build of configuration Debug for project test_proj ****
make all 
Building file: ../src/adau1761.c
Invoking: ARM gcc compiler
arm-xilinx-eabi-gcc -Wall -O0 -g3 -c -fmessage-length=0 -MT"src/adau1761.o" -I../../freertos_bsp_3_1_1/ps7_cortexa9_0/include -MMD -MP -MF"src/adau1761.d" -MT"src/adau1761.d" -o "src/adau1761.o" "../src/adau1761.c"
In file included from ../src/zedboard_freertos.h:16:0,
                 from ../src/adau1761.h:5,
                 from ../src/audioPlayer.h:5,
                 from ../src/adau1761.c:1:
../../freertos_bsp_3_1_1/ps7_cortexa9_0/include/xbasic_types.h:115:2: warning: #warning The xbasics_type.h file is deprecated and users should use xil_types.h and xil_assert. [-Wcpp]
 #warning  The xbasics_type.h file is deprecated and users should use xil_types.h and xil_assert.
  ^
../../freertos_bsp_3_1_1/ps7_cortexa9_0/include/xbasic_types.h:116:2: warning: #warning Please refer the Standalone BSP UG647 for further details [-Wcpp]
 #warning  Please refer the Standalone BSP UG647 for further details
  ^
Finished building: ../src/adau1761.c
 
Building target: test_proj.elf
Invoking: ARM gcc linker
arm-xilinx-eabi-gcc -Wl,-T -Wl,../src/lscript.ld -L../../freertos_bsp_3_1_1/ps7_cortexa9_0/lib -o "test_proj.elf"  ./src/adau1761.o ./src/audioPlayer.o ./src/kiss_fft.o ./src/main.o ./src/snd_sample.o   -lm -Wl,--start-group,-lxil,-lfreertos,-lgcc,-lc,--end-group
Finished building target: test_proj.elf
 
Invoking: ARM Print Size
arm-xilinx-eabi-size test_proj.elf  |tee "test_proj.elf.size"
   text	   data	    bss	    dec	    hex	filename
 118632	1148904	  88876	1356412	 14b27c	test_proj.elf
Finished building: test_proj.elf.size
 
21:37:49 **** Incremental Build of configuration Debug for project audio_proj ****
make all 
make: Nothing to be done for `all'.
21:37:49 **** Incremental Build of configuration Debug for project test_proj ****
make all 
make: Nothing to be done for `all'.
21:38:01 **** Auto Build of configuration Debug for project test_proj ****
make all 
Building file: ../src/adau1761.c
Invoking: ARM gcc compiler
arm-xilinx-eabi-gcc -Wall -O0 -g3 -c -fmessage-length=0 -MT"src/adau1761.o" -I../../freertos_bsp_3_1_1/ps7_cortexa9_0/include -MMD -MP -MF"src/adau1761.d" -MT"src/adau1761.d" -o "src/adau1761.o" "../src/adau1761.c"
In file included from ../src/zedboard_freertos.h:16:0,
                 from ../src/adau1761.h:5,
                 from ../src/audioPlayer.h:5,
                 from ../src/adau1761.c:1:
../../freertos_bsp_3_1_1/ps7_cortexa9_0/include/xbasic_types.h:115:2: warning: #warning The xbasics_type.h file is deprecated and users should use xil_types.h and xil_assert. [-Wcpp]
 #warning  The xbasics_type.h file is deprecated and users should use xil_types.h and xil_assert.
  ^
../../freertos_bsp_3_1_1/ps7_cortexa9_0/include/xbasic_types.h:116:2: warning: #warning Please refer the Standalone BSP UG647 for further details [-Wcpp]
 #warning  Please refer the Standalone BSP UG647 for further details
  ^
Finished building: ../src/adau1761.c
 
Building target: test_proj.elf
Invoking: ARM gcc linker
arm-xilinx-eabi-gcc -Wl,-T -Wl,../src/lscript.ld -L../../freertos_bsp_3_1_1/ps7_cortexa9_0/lib -o "test_proj.elf"  ./src/adau1761.o ./src/audioPlayer.o ./src/kiss_fft.o ./src/main.o ./src/snd_sample.o   -lm -Wl,--start-group,-lxil,-lfreertos,-lgcc,-lc,--end-group
Finished building target: test_proj.elf
 
Invoking: ARM Print Size
arm-xilinx-eabi-size test_proj.elf  |tee "test_proj.elf.size"
   text	   data	    bss	    dec	    hex	filename
 118632	1148904	  88876	1356412	 14b27c	test_proj.elf
Finished building: test_proj.elf.size
 
21:38:03 **** Incremental Build of configuration Debug for project audio_proj ****
make all 
make: Nothing to be done for `all'.
21:38:03 **** Incremental Build of configuration Debug for project test_proj ****
make all 
make: Nothing to be done for `all'.
21:38:12 **** Auto Build of configuration Debug for project test_proj ****
make all 
Building file: ../src/adau1761.c
Invoking: ARM gcc compiler
arm-xilinx-eabi-gcc -Wall -O0 -g3 -c -fmessage-length=0 -MT"src/adau1761.o" -I../../freertos_bsp_3_1_1/ps7_cortexa9_0/include -MMD -MP -MF"src/adau1761.d" -MT"src/adau1761.d" -o "src/adau1761.o" "../src/adau1761.c"
In file included from ../src/zedboard_freertos.h:16:0,
                 from ../src/adau1761.h:5,
                 from ../src/audioPlayer.h:5,
                 from ../src/adau1761.c:1:
../../freertos_bsp_3_1_1/ps7_cortexa9_0/include/xbasic_types.h:115:2: warning: #warning The xbasics_type.h file is deprecated and users should use xil_types.h and xil_assert. [-Wcpp]
 #warning  The xbasics_type.h file is deprecated and users should use xil_types.h and xil_assert.
  ^
../../freertos_bsp_3_1_1/ps7_cortexa9_0/include/xbasic_types.h:116:2: warning: #warning Please refer the Standalone BSP UG647 for further details [-Wcpp]
 #warning  Please refer the Standalone BSP UG647 for further details
  ^
Finished building: ../src/adau1761.c
 
Building target: test_proj.elf
Invoking: ARM gcc linker
arm-xilinx-eabi-gcc -Wl,-T -Wl,../src/lscript.ld -L../../freertos_bsp_3_1_1/ps7_cortexa9_0/lib -o "test_proj.elf"  ./src/adau1761.o ./src/audioPlayer.o ./src/kiss_fft.o ./src/main.o ./src/snd_sample.o   -lm -Wl,--start-group,-lxil,-lfreertos,-lgcc,-lc,--end-group
Finished building target: test_proj.elf
 
Invoking: ARM Print Size
arm-xilinx-eabi-size test_proj.elf  |tee "test_proj.elf.size"
   text	   data	    bss	    dec	    hex	filename
 118632	1148904	  88876	1356412	 14b27c	test_proj.elf
Finished building: test_proj.elf.size
 
21:38:25 **** Auto Build of configuration Debug for project test_proj ****
make all 
Building file: ../src/adau1761.c
Invoking: ARM gcc compiler
arm-xilinx-eabi-gcc -Wall -O0 -g3 -c -fmessage-length=0 -MT"src/adau1761.o" -I../../freertos_bsp_3_1_1/ps7_cortexa9_0/include -MMD -MP -MF"src/adau1761.d" -MT"src/adau1761.d" -o "src/adau1761.o" "../src/adau1761.c"
In file included from ../src/zedboard_freertos.h:16:0,
                 from ../src/adau1761.h:5,
                 from ../src/audioPlayer.h:5,
                 from ../src/adau1761.c:1:
../../freertos_bsp_3_1_1/ps7_cortexa9_0/include/xbasic_types.h:115:2: warning: #warning The xbasics_type.h file is deprecated and users should use xil_types.h and xil_assert. [-Wcpp]
 #warning  The xbasics_type.h file is deprecated and users should use xil_types.h and xil_assert.
  ^
../../freertos_bsp_3_1_1/ps7_cortexa9_0/include/xbasic_types.h:116:2: warning: #warning Please refer the Standalone BSP UG647 for further details [-Wcpp]
 #warning  Please refer the Standalone BSP UG647 for further details
  ^
Finished building: ../src/adau1761.c
 
Building target: test_proj.elf
Invoking: ARM gcc linker
arm-xilinx-eabi-gcc -Wl,-T -Wl,../src/lscript.ld -L../../freertos_bsp_3_1_1/ps7_cortexa9_0/lib -o "test_proj.elf"  ./src/adau1761.o ./src/audioPlayer.o ./src/kiss_fft.o ./src/main.o ./src/snd_sample.o   -lm -Wl,--start-group,-lxil,-lfreertos,-lgcc,-lc,--end-group
Finished building target: test_proj.elf
 
Invoking: ARM Print Size
arm-xilinx-eabi-size test_proj.elf  |tee "test_proj.elf.size"
   text	   data	    bss	    dec	    hex	filename
 118632	1148904	  88876	1356412	 14b27c	test_proj.elf
Finished building: test_proj.elf.size
 
21:38:27 **** Incremental Build of configuration Debug for project audio_proj ****
make all 
make: Nothing to be done for `all'.
21:38:27 **** Incremental Build of configuration Debug for project test_proj ****
make all 
make: Nothing to be done for `all'.
21:38:36 **** Auto Build of configuration Debug for project test_proj ****
make all 
Building file: ../src/adau1761.c
Invoking: ARM gcc compiler
arm-xilinx-eabi-gcc -Wall -O0 -g3 -c -fmessage-length=0 -MT"src/adau1761.o" -I../../freertos_bsp_3_1_1/ps7_cortexa9_0/include -MMD -MP -MF"src/adau1761.d" -MT"src/adau1761.d" -o "src/adau1761.o" "../src/adau1761.c"
In file included from ../src/zedboard_freertos.h:16:0,
                 from ../src/adau1761.h:5,
                 from ../src/audioPlayer.h:5,
                 from ../src/adau1761.c:1:
../../freertos_bsp_3_1_1/ps7_cortexa9_0/include/xbasic_types.h:115:2: warning: #warning The xbasics_type.h file is deprecated and users should use xil_types.h and xil_assert. [-Wcpp]
 #warning  The xbasics_type.h file is deprecated and users should use xil_types.h and xil_assert.
  ^
../../freertos_bsp_3_1_1/ps7_cortexa9_0/include/xbasic_types.h:116:2: warning: #warning Please refer the Standalone BSP UG647 for further details [-Wcpp]
 #warning  Please refer the Standalone BSP UG647 for further details
  ^
Finished building: ../src/adau1761.c
 
Building target: test_proj.elf
Invoking: ARM gcc linker
arm-xilinx-eabi-gcc -Wl,-T -Wl,../src/lscript.ld -L../../freertos_bsp_3_1_1/ps7_cortexa9_0/lib -o "test_proj.elf"  ./src/adau1761.o ./src/audioPlayer.o ./src/kiss_fft.o ./src/main.o ./src/snd_sample.o   -lm -Wl,--start-group,-lxil,-lfreertos,-lgcc,-lc,--end-group
Finished building target: test_proj.elf
 
Invoking: ARM Print Size
arm-xilinx-eabi-size test_proj.elf  |tee "test_proj.elf.size"
   text	   data	    bss	    dec	    hex	filename
 118632	1148904	  88876	1356412	 14b27c	test_proj.elf
Finished building: test_proj.elf.size
 
21:38:38 **** Incremental Build of configuration Debug for project audio_proj ****
make all 
make: Nothing to be done for `all'.
21:38:38 **** Incremental Build of configuration Debug for project test_proj ****
make all 
make: Nothing to be done for `all'.
